******************************************************************************
                  TI ARM Linker PC v5.2.5                      
******************************************************************************
>> Linked Sat Nov 21 22:31:13 2015

OUTPUT FILE NAME:   <lab9.out>
ENTRY POINT SYMBOL: "_c_int00"  address: 0000095d


MEMORY CONFIGURATION

         name            origin    length      used     unused   attr    fill
----------------------  --------  ---------  --------  --------  ----  --------
  FLASH                 00000000   00040000  00000c32  0003f3ce  R  X
  SRAM                  20000000   00008000  00000330  00007cd0  RW X


SEGMENT ALLOCATION MAP

run origin  load origin   length   init length attrs members
----------  ----------- ---------- ----------- ----- -------
00000000    00000000    00000c38   00000c38    r-x
  00000000    00000000    0000026c   0000026c    r-- .intvecs
  0000026c    0000026c    0000093e   0000093e    r-x .text
  00000bac    00000bac    00000028   00000028    r-- .const
  00000bd8    00000bd8    00000060   00000060    r-- .cinit
20000000    20000000    00000330   00000000    rw-
  20000000    20000000    00000190   00000000    rw- .bss
  20000190    20000190    0000013c   00000000    rw- .data
  200002cc    200002cc    00000064   00000000    rw- .stack


SECTION ALLOCATION MAP

 output                                  attributes/
section   page    origin      length       input sections
--------  ----  ----------  ----------   ----------------
.intvecs   0    00000000    0000026c     
                  00000000    0000026c     tm4c123gh6pm_startup_ccs.obj (.intvecs)

.text      0    0000026c    0000093e     
                  0000026c    0000016c     rtsv7M4_T_le_v4SPD16_eabi.lib : xfsin.obj (.text)
                  000003d8    00000160                                   : fmodf.obj (.text)
                  00000538    000000d0                                   : xfdscale.obj (.text)
                  00000608    0000009c                                   : memcpy_t2.obj (.text)
                  000006a4    00000086                                   : fd_cmp_t2.obj (.text:__aeabi_cdcmple)
                  0000072a    0000007a                                   : memset_t2.obj (.text)
                  000007a4    0000007a                                   : xfdnorm.obj (.text)
                  0000081e    00000002     --HOLE-- [fill = 0]
                  00000820    0000006c                                   : autoinit.obj (.text)
                  0000088c    0000006a                                   : copy_decompress_rle.obj (.text)
                  000008f6    00000002     --HOLE-- [fill = 0]
                  000008f8    00000064     main.obj (.text)
                  0000095c    00000050     rtsv7M4_T_le_v4SPD16_eabi.lib : boot.obj (.text)
                  000009ac    0000004c                                   : cpy_tbl.obj (.text)
                  000009f8    00000044                                   : exit.obj (.text)
                  00000a3c    00000040                                   : signal.obj (.text)
                  00000a7c    00000038                                   : fs_tod_t2.obj (.text)
                  00000ab4    00000034                                   : feraiseexcept.obj (.text)
                  00000ae8    00000030                                   : xferaise.obj (.text)
                  00000b18    0000002e                                   : raise.obj (.text)
                  00000b46    00000002     --HOLE-- [fill = 0]
                  00000b48    00000018                                   : args_main.obj (.text)
                  00000b60    00000014                                   : _lock.obj (.text)
                  00000b74    0000000e                                   : copy_decompress_none.obj (.text:decompress:none)
                  00000b82    0000000c                                   : copy_zero_init.obj (.text:decompress:ZI)
                  00000b8e    0000000c     tm4c123gh6pm_startup_ccs.obj (.text)
                  00000b9a    00000006     rtsv7M4_T_le_v4SPD16_eabi.lib : copy_decompress_rle.obj (.text:decompress:rle24)
                  00000ba0    00000006                                   : sinf.obj (.text)
                  00000ba6    00000004                                   : pre_init.obj (.text)

.const     0    00000bac    00000028     
                  00000bac    00000028     rtsv7M4_T_le_v4SPD16_eabi.lib : xfsin.obj (.const)

.cinit     0    00000bd8    00000060     
                  00000bd8    00000038     (.cinit..data.load) [load image, compression = rle]
                  00000c10    0000000c     (__TI_handler_table)
                  00000c1c    00000004     --HOLE-- [fill = 0]
                  00000c20    00000008     (.cinit..bss.load) [load image, compression = zero_init]
                  00000c28    00000010     (__TI_cinit_table)

.init_array 
*          0    00000000    00000000     UNINITIALIZED

.bss       0    20000000    00000190     UNINITIALIZED
                  20000000    00000190     main.obj (.bss:gSeriesData)

.data      0    20000190    0000013c     UNINITIALIZED
                  20000190    000000b0     rtsv7M4_T_le_v4SPD16_eabi.lib : signal.obj (.data:sigtable)
                  20000240    00000068                                   : xfvalues.obj (.data)
                  200002a8    00000008                                   : _lock.obj (.data)
                  200002b0    00000008                                   : exit.obj (.data)
                  200002b8    00000008                                   : feraiseexcept.obj (.data)
                  200002c0    00000004     main.obj (.data)
                  200002c4    00000004     rtsv7M4_T_le_v4SPD16_eabi.lib : errno.obj (.data)
                  200002c8    00000004                                   : stkdepth_vars.obj (.data)

.TI.noinit 
*          0    20000000    00000000     UNINITIALIZED

.TI.persistent 
*          0    20000190    00000000     UNINITIALIZED

.stack     0    200002cc    00000064     UNINITIALIZED
                  200002cc    00000064     --HOLE--


LINKER GENERATED COPY TABLES

__TI_cinit_table @ 00000c28 records: 2, size/record: 8, table size: 16
	.data: load addr=00000bd8, load size=00000038 bytes, run addr=20000190, run size=0000013c bytes, compression=rle
	.bss: load addr=00000c20, load size=00000008 bytes, run addr=20000000, run size=00000190 bytes, compression=zero_init


LINKER GENERATED HANDLER TABLE

__TI_handler_table @ 00000c10 records: 3, size/record: 4, table size: 12
	index: 0, handler: __TI_decompress_rle24
	index: 1, handler: __TI_decompress_none
	index: 2, handler: __TI_zero_init


GLOBAL SYMBOLS: SORTED ALPHABETICALLY BY Name 

address   name                     
-------   ----                     
000009f9  C$$EXIT                  
UNDEFED   ROM_FPUEnable            
UNDEFED   ROM_FPULazyStackingEnable
UNDEFED   ROM_SysCtlClockSet       
00000b8f  ResetISR                 
UNDEFED   SHT$$INIT_ARRAY$$Base    
UNDEFED   SHT$$INIT_ARRAY$$Limit   
200002c4  _Errno                   
20000240  _FDenorm                 
000007a5  _FDnorm                  
00000539  _FDscale                 
20000250  _FEps                    
20000260  _FInf                    
20000270  _FNan                    
20000290  _FRteps                  
0000026d  _FSin                    
20000280  _FSnan                   
200002a0  _FXbig                   
200002a4  _FZero                   
200002b8  _Fenv                    
00000ae9  _Feraise                 
200002bc  _Tls_setup__Fenv         
20000330  __STACK_END              
00000064  __STACK_SIZE             
200004cc  __STACK_TOP              
00000c28  __TI_CINIT_Base          
00000c38  __TI_CINIT_Limit         
00000c10  __TI_Handler_Table_Base  
00000c1c  __TI_Handler_Table_Limit 
00000821  __TI_auto_init           
200002b0  __TI_cleanup_ptr         
00000b75  __TI_decompress_none     
00000b9b  __TI_decompress_rle24    
200002b4  __TI_dtors_ptr           
00000000  __TI_static_base__       
00000b83  __TI_zero_init           
000006a5  __aeabi_cdcmpeq          
000006a5  __aeabi_cdcmple          
00000a7d  __aeabi_f2d              
0000072b  __aeabi_memclr           
0000072b  __aeabi_memclr4          
0000072b  __aeabi_memclr8          
00000609  __aeabi_memcpy           
00000609  __aeabi_memcpy4          
00000609  __aeabi_memcpy8          
0000072d  __aeabi_memset           
0000072d  __aeabi_memset4          
0000072d  __aeabi_memset8          
ffffffff  __binit__                
ffffffff  __c_args__               
200002cc  __stack                  
00000b49  _args_main               
0000095d  _c_int00                 
200002a8  _lock                    
00000b6f  _nop                     
00000b67  _register_lock           
00000b61  _register_unlock         
00000ba7  _system_pre_init         
200002ac  _unlock                  
000009fd  abort                    
ffffffff  binit                    
000009ad  copy_in                  
00000a05  exit                     
00000ab5  feraiseexcept            
000003d9  fmodf                    
20000000  gSeriesData              
00000000  g_pfnVectors             
200002c0  i32DataCount             
000008f9  main                     
200002c8  main_func_sp             
00000609  memcpy                   
00000733  memset                   
00000b19  raise                    
00000a3d  signal                   
00000ba1  sinf                     


GLOBAL SYMBOLS: SORTED BY Symbol Address 

address   name                     
-------   ----                     
00000000  __TI_static_base__       
00000000  g_pfnVectors             
00000064  __STACK_SIZE             
0000026d  _FSin                    
000003d9  fmodf                    
00000539  _FDscale                 
00000609  __aeabi_memcpy           
00000609  __aeabi_memcpy4          
00000609  __aeabi_memcpy8          
00000609  memcpy                   
000006a5  __aeabi_cdcmpeq          
000006a5  __aeabi_cdcmple          
0000072b  __aeabi_memclr           
0000072b  __aeabi_memclr4          
0000072b  __aeabi_memclr8          
0000072d  __aeabi_memset           
0000072d  __aeabi_memset4          
0000072d  __aeabi_memset8          
00000733  memset                   
000007a5  _FDnorm                  
00000821  __TI_auto_init           
000008f9  main                     
0000095d  _c_int00                 
000009ad  copy_in                  
000009f9  C$$EXIT                  
000009fd  abort                    
00000a05  exit                     
00000a3d  signal                   
00000a7d  __aeabi_f2d              
00000ab5  feraiseexcept            
00000ae9  _Feraise                 
00000b19  raise                    
00000b49  _args_main               
00000b61  _register_unlock         
00000b67  _register_lock           
00000b6f  _nop                     
00000b75  __TI_decompress_none     
00000b83  __TI_zero_init           
00000b8f  ResetISR                 
00000b9b  __TI_decompress_rle24    
00000ba1  sinf                     
00000ba7  _system_pre_init         
00000c10  __TI_Handler_Table_Base  
00000c1c  __TI_Handler_Table_Limit 
00000c28  __TI_CINIT_Base          
00000c38  __TI_CINIT_Limit         
20000000  gSeriesData              
20000240  _FDenorm                 
20000250  _FEps                    
20000260  _FInf                    
20000270  _FNan                    
20000280  _FSnan                   
20000290  _FRteps                  
200002a0  _FXbig                   
200002a4  _FZero                   
200002a8  _lock                    
200002ac  _unlock                  
200002b0  __TI_cleanup_ptr         
200002b4  __TI_dtors_ptr           
200002b8  _Fenv                    
200002bc  _Tls_setup__Fenv         
200002c0  i32DataCount             
200002c4  _Errno                   
200002c8  main_func_sp             
200002cc  __stack                  
20000330  __STACK_END              
200004cc  __STACK_TOP              
ffffffff  __binit__                
ffffffff  __c_args__               
ffffffff  binit                    
UNDEFED   ROM_FPUEnable            
UNDEFED   ROM_FPULazyStackingEnable
UNDEFED   ROM_SysCtlClockSet       
UNDEFED   SHT$$INIT_ARRAY$$Base    
UNDEFED   SHT$$INIT_ARRAY$$Limit   

[75 symbols]
