******************************************************************************
                  TI ARM Linker PC v5.2.5                      
******************************************************************************
>> Linked Fri Nov 20 20:41:48 2015

OUTPUT FILE NAME:   <usb_dev_bulk.out>
ENTRY POINT SYMBOL: "_c_int00"  address: 00002521


MEMORY CONFIGURATION

         name            origin    length      used     unused   attr    fill
----------------------  --------  ---------  --------  --------  ----  --------
  FLASH                 00000000   00040000  000039a6  0003c65a  R  X
  SRAM                  20000000   00008000  00000d99  00007267  RW X


SEGMENT ALLOCATION MAP

run origin  load origin   length   init length attrs members
----------  ----------- ---------- ----------- ----- -------
00000000    00000000    000039a8   000039a8    r-x
  00000000    00000000    0000026c   0000026c    r-- .intvecs
  0000026c    0000026c    00003454   00003454    r-x .text
  000036c0    000036c0    00000216   00000216    r-- .const
  000038d8    000038d8    000000d0   000000d0    r-- .cinit
20000000    20000000    00000d9c   00000000    rw-
  20000000    20000000    00000861   00000000    rw- .bss
  20000864    20000864    00000400   00000000    rw- .stack
  20000c64    20000c64    00000138   00000000    rw- .data


SECTION ALLOCATION MAP

 output                                  attributes/
section   page    origin      length       input sections
--------  ----  ----------  ----------   ----------------
.intvecs   0    00000000    0000026c     
                  00000000    0000026c     startup_ccs.obj (.intvecs)

.text      0    0000026c    00003454     
                  0000026c    000001f4     usb_dev_bulk.obj (.text:main)
                  00000460    000001ea     uartstdio.obj (.text:UARTvprintf)
                  0000064a    00000002     startup_ccs.obj (.text:FaultISR)
                  0000064c    00000170     usblib.lib : usbdma.obj (.text:USBLibDMAInit)
                  000007bc    00000160     uartstdio.obj (.text:UARTStdioIntHandler)
                  0000091c    00000150     usblib.lib : usbdenum.obj (.text:USBDEP0StateTxConfig)
                  00000a6c    00000150                : usbdenum.obj (.text:USBDeviceIntHandlerInternal)
                  00000bbc    00000148                : usbdenum.obj (.text:USBDCDInit)
                  00000d04    00000140                : usbdconfig.obj (.text:USBDeviceConfig)
                  00000e44    000000ea                : usbdma.obj (.text:iDMAUSBTransfer)
                  00000f2e    00000002     startup_ccs.obj (.text:IntDefaultHandler)
                  00000f30    000000e4     usblib.lib : usbdenum.obj (.text:USBDGetDescriptor)
                  00001014    000000d8                : usbdenum.obj (.text:USBDeviceEnumHandler)
                  000010ec    000000c0                : usbdma.obj (.text:uDMAUSBChannelAllocate)
                  000011ac    000000bc                : usbbuffer.obj (.text:HandleRxAvailable)
                  00001268    000000ba                : usbdma.obj (.text:uDMAUSBTransfer)
                  00001322    00000002     startup_ccs.obj (.text:NmiSR)
                  00001324    000000b0     uartstdio.obj (.text:UARTStdioConfig)
                  000013d4    000000a8     uartstdio.obj (.text:UARTwrite)
                  0000147c    0000009c     rtsv7M4_T_le_v4SPD16_eabi.lib : memcpy_t2.obj (.text)
                  00001518    00000098     usblib.lib : usbdenum.obj (.text:USBDSetInterface)
                  000015b0    00000094                : usbbuffer.obj (.text:ScheduleNextTransmission)
                  00001644    00000090     usb_dev_bulk.obj (.text:EchoNewDataToHost)
                  000016d4    0000008c     uartstdio.obj (.text:UARTPrimeTransmit)
                  00001760    0000008c     usblib.lib : usbdenum.obj (.text:USBDSetConfiguration)
                  000017ec    0000008c                : usbdconfig.obj (.text:USBDeviceConfigAlternate)
                  00001878    00000084                : usbdma.obj (.text:iDMAUSBChannelAllocate)
                  000018fc    00000084     driverlib.lib : udma.obj (.text:uDMAChannelTransferSet)
                  00001980    00000080     usb_dev_bulk.obj (.text:RxHandler)
                  00001a00    0000007c     usblib.lib : usbdenum.obj (.text:USBDClearFeature)
                  00001a7c    0000007a     driverlib.lib : usb.obj (.text:USBDevEndpointConfigSet)
                  00001af6    0000007a     rtsv7M4_T_le_v4SPD16_eabi.lib : memset_t2.obj (.text)
                  00001b70    00000074     usblib.lib : usbdenum.obj (.text:USBDGetStatus)
                  00001be4    00000072                : usbdbulk.obj (.text:USBDBulkPacketRead)
                  00001c56    00000072                : usbdma.obj (.text:uDMAUSBArbSizeSet)
                  00001cc8    00000070                : usbdbulk.obj (.text:USBDBulkCompositeInit)
                  00001d38    00000070                : usbdenum.obj (.text:USBDEP0StateTx)
                  00001da8    00000070                : usbdma.obj (.text:uDMAUSBUnitSizeSet)
                  00001e18    0000006c     rtsv7M4_T_le_v4SPD16_eabi.lib : autoinit.obj (.text)
                  00001e84    0000006a                                   : copy_decompress_rle.obj (.text)
                  00001eee    00000002     usblib.lib : usbdma.obj (.text:iDMAUSBArbSizeSet)
                  00001ef0    00000068     driverlib.lib : interrupt.obj (.text:IntDisable)
                  00001f58    00000068                   : interrupt.obj (.text:IntEnable)
                  00001fc0    00000068     usblib.lib : usbdenum.obj (.text:USBDSetFeature)
                  00002028    00000064     usb_dev_bulk.obj (.text:ConfigureUART)
                  0000208c    00000064     driverlib.lib : interrupt.obj (.text:IntIsEnabled)
                  000020f0    00000064     usblib.lib : usbdma.obj (.text:uDMAUSBChannelEnable)
                  00002154    00000060                : usbdbulk.obj (.text:HandleDevice)
                  000021b4    00000060                : usbdbulk.obj (.text:ProcessDataFromHost)
                  00002214    00000060                : usbbuffer.obj (.text:USBBufferEventCallback)
                  00002274    00000060                : usbdenum.obj (.text:USBDReadAndDispatchRequest)
                  000022d4    0000005e     driverlib.lib : usb.obj (.text:USBDevEndpointStatusClear)
                  00002332    00000056     usblib.lib : usbdma.obj (.text:uDMAUSBChannelRelease)
                  00002388    00000054                : usbdbulk.obj (.text:USBDBulkPacketWrite)
                  000023dc    00000052                : usbulpi.obj (.text:ULPIConfigSet)
                  0000242e    00000002                : usbdma.obj (.text:iDMAUSBUnitSizeSet)
                  00002430    00000050     driverlib.lib : sysctl.obj (.text:SysCtlPeripheralReset)
                  00002480    00000050     usblib.lib : usbdcdesc.obj (.text:USBDCDConfigDescGet)
                  000024d0    00000050                : usbdenum.obj (.text:USBDeviceResumeTickHandler)
                  00002520    00000050     rtsv7M4_T_le_v4SPD16_eabi.lib : boot.obj (.text)
                  00002570    0000004c     usblib.lib : usbdcdesc.obj (.text:ConfigAlternateInterfaceGet)
                  000025bc    0000004c                : usbdconfig.obj (.text:GetEPDescriptorType)
                  00002608    0000004c     driverlib.lib : usb.obj (.text:USBEndpointDMAConfigSet)
                  00002654    0000004c     rtsv7M4_T_le_v4SPD16_eabi.lib : cpy_tbl.obj (.text)
                  000026a0    0000004a     driverlib.lib : usb.obj (.text:USBDevEndpointStallClear)
                  000026ea    0000004a     usblib.lib : usbdma.obj (.text:iDMAUSBChannelEnable)
                  00002734    0000004a                : usbdma.obj (.text:uDMAUSBChannelDisable)
                  0000277e    00000002     rtsv7M4_T_le_v4SPD16_eabi.lib : i_div0.obj (.text)
                  00002780    00000048     usblib.lib : usbdenum.obj (.text:USBDStringIndexFromRequest)
                  000027c8    00000048                : usbdenum.obj (.text:USBDeviceEnumResetHandler)
                  00002810    00000048     driverlib.lib : udma.obj (.text:uDMAChannelAttributeDisable)
                  00002858    00000046                   : usb.obj (.text:USBEndpointDataGet)
                  0000289e    00000002     usblib.lib : usbdma.obj (.text:uDMAUSBChannelIntDisable)
                  000028a0    00000044                : usbdbulk.obj (.text:USBDBulkInit)
                  000028e4    00000044                : usbdenum.obj (.text:USBDCDDeviceInfoInit)
                  00002928    00000044                : usbdenum.obj (.text:USBDGetInterface)
                  0000296c    00000044     rtsv7M4_T_le_v4SPD16_eabi.lib : exit.obj (.text)
                  000029b0    00000040                                   : u_divt2.obj (.text)
                  000029f0    0000003c     uartstdio.obj (.text:UARTFlushTx)
                  00002a2c    0000003c     usblib.lib : usbdma.obj (.text:iDMAUSBChannelRelease)
                  00002a68    0000003a                : usbdcdesc.obj (.text:USBDCDConfigGetInterfaceEndpoint)
                  00002aa2    0000003a     driverlib.lib : usb.obj (.text:USBFIFOConfigSet)
                  00002adc    00000038     usblib.lib : usbtick.obj (.text:InternalUSBRegisterTickHandler)
                  00002b14    00000038     driverlib.lib : usb.obj (.text:USBIntStatusControl)
                  00002b4c    00000038     usblib.lib : usbringbuf.obj (.text:USBRingBufAdvanceWrite)
                  00002b84    00000036                : usbdbulk.obj (.text:HandleEndpoints)
                  00002bba    00000036     driverlib.lib : usb.obj (.text:USBEndpointDataPut)
                  00002bf0    00000034     usblib.lib : usbtick.obj (.text:InternalUSBStartOfFrameTick)
                  00002c24    00000034     driverlib.lib : sysctl.obj (.text:SysCtlPeripheralEnable)
                  00002c58    00000034                   : usb.obj (.text:USBEndpointDataSend)
                  00002c8c    00000034     usblib.lib : usbdma.obj (.text:iDMAUSBChannelStatus)
                  00002cc0    00000032                : usbdcdesc.obj (.text:NextConfigDescGet)
                  00002cf2    00000032                : usbdbulk.obj (.text:ProcessDataToHost)
                  00002d24    00000032     driverlib.lib : usb.obj (.text:USBDevEndpointStall)
                  00002d56    00000032     usblib.lib : usbdma.obj (.text:iDMAUSBChannelDisable)
                  00002d88    00000030                : usbdma.obj (.text:DMAUSBIntHandler)
                  00002db8    00000030                : usbtick.obj (.text:InternalUSBTickInit)
                  00002de8    00000030                : usbdenum.obj (.text:USBDGetConfiguration)
                  00002e18    00000030                : usbringbuf.obj (.text:UpdateIndexAtomic)
                  00002e48    0000002c     uartstdio.obj (.text:UARTFlushRx)
                  00002e74    0000002c     usblib.lib : usbdesc.obj (.text:USBDescGet)
                  00002ea0    0000002c                : usbdma.obj (.text:uDMAUSBIntStatus)
                  00002ecc    0000002a                : usbbuffer.obj (.text:HandleRequestBuffer)
                  00002ef6    0000002a                : usbdcdesc.obj (.text:USBDCDConfigDescGetNum)
                  00002f20    0000002a     driverlib.lib : usb.obj (.text:USBDevEndpointDataAck)
                  00002f4a    00000002     usblib.lib : usbdma.obj (.text:uDMAUSBChannelIntEnable)
                  00002f4c    00000028                : usbdenum.obj (.text:USBDSetAddress)
                  00002f74    00000028                : usbdesc.obj (.text:USBDescGetNum)
                  00002f9c    00000028     driverlib.lib : usb.obj (.text:USBIntEnableControl)
                  00002fc4    00000028                   : udma.obj (.text:uDMAChannelModeGet)
                  00002fec    00000024     usblib.lib : usbdbulk.obj (.text:BulkTickHandler)
                  00003010    00000024                : usbdbulk.obj (.text:HandleConfigChange)
                  00003034    00000024     driverlib.lib : usb.obj (.text:USBEndpointDMADisable)
                  00003058    00000024                   : usb.obj (.text:USBEndpointDMAEnable)
                  0000307c    00000024                   : udma.obj (.text:uDMAChannelControlSet)
                  000030a0    00000022     usblib.lib : usbdbulk.obj (.text:USBDBulkRxPacketAvailable)
                  000030c2    00000022                : usbdma.obj (.text:uDMAUSBChannelStatus)
                  000030e4    00000020                : usbdconfig.obj (.text:GetEndpointFIFOSize)
                  00003104    00000020                : usbbuffer.obj (.text:HandleDataRemaining)
                  00003124    00000020                : usbdbulk.obj (.text:HandleDisconnect)
                  00003144    00000020                : usbringbuf.obj (.text:USBRingBufAdvanceRead)
                  00003164    00000020                : usbmode.obj (.text:USBStackModeSet)
                  00003184    0000001e     driverlib.lib : usb.obj (.text:USBULPIRegRead)
                  000031a2    0000001e                   : usb.obj (.text:USBULPIRegWrite)
                  000031c0    0000001c     usblib.lib : usbdcdesc.obj (.text:USBDCDConfigGetInterface)
                  000031dc    0000001c                : usbdenum.obj (.text:USBDCDStallEP0)
                  000031f8    0000001c     driverlib.lib : usb.obj (.text:USBEndpointDataAvail)
                  00003214    0000001c     usblib.lib : usbringbuf.obj (.text:USBRingBufContigFree)
                  00003230    0000001a     uartstdio.obj (.text:UARTprintf)
                  0000324a    0000001a     driverlib.lib : usb.obj (.text:USBEndpointDMAChannel)
                  00003264    0000001a     usblib.lib : usbringbuf.obj (.text:USBRingBufWrite)
                  0000327e    00000018     uartstdio.obj (.text:IsBufferFull)
                  00003296    00000018     usblib.lib : usbdbulk.obj (.text:SetDeferredOpFlag)
                  000032ae    00000002     --HOLE-- [fill = 0]
                  000032b0    00000018                : usbdhandler.obj (.text:USB0DeviceIntHandler)
                  000032c8    00000018                : usbbuffer.obj (.text:USBBufferInit)
                  000032e0    00000018                : usbdcdesc.obj (.text:USBDCDConfigDescGetSize)
                  000032f8    00000018                : usbdenum.obj (.text:USBDSetDescriptor)
                  00003310    00000018                : usbdenum.obj (.text:USBDSyncFrame)
                  00003328    00000018     rtsv7M4_T_le_v4SPD16_eabi.lib : args_main.obj (.text)
                  00003340    00000018     driverlib.lib : udma.obj (.text:uDMAChannelDisable)
                  00003358    00000018                   : udma.obj (.text:uDMAChannelEnable)
                  00003370    00000016     usblib.lib : usbbuffer.obj (.text:USBBufferDataWritten)
                  00003386    00000016     driverlib.lib : usb.obj (.text:USBIntEnableEndpoint)
                  0000339c    00000016     usblib.lib : usbringbuf.obj (.text:USBRingBufFlush)
                  000033b2    00000016                : usbringbuf.obj (.text:USBRingBufUsed)
                  000033c8    00000014                : usbbuffer.obj (.text:HandleTxComplete)
                  000033dc    00000014     driverlib.lib : sysctl.obj (.text:SysCtlUSBPLLEnable)
                  000033f0    00000014     usb_dev_bulk.obj (.text:TxHandler)
                  00003404    00000014     driverlib.lib : usb.obj (.text:USBDMAChannelConfigSet)
                  00003418    00000014                   : usb.obj (.text:USBHostResume)
                  0000342c    00000014                   : usb.obj (.text:_USBIndexWrite)
                  00003440    00000014     rtsv7M4_T_le_v4SPD16_eabi.lib : _lock.obj (.text)
                  00003454    00000012     usblib.lib : usbdbulk.obj (.text:HandleResume)
                  00003466    00000012                : usbdbulk.obj (.text:HandleSuspend)
                  00003478    00000012                : usbbuffer.obj (.text:USBBufferInfoGet)
                  0000348a    00000012     driverlib.lib : usb.obj (.text:USBDMAChannelDisable)
                  0000349c    00000012                   : usb.obj (.text:USBDMAChannelEnable)
                  000034ae    00000012                   : usb.obj (.text:USBDMAChannelIntDisable)
                  000034c0    00000012                   : usb.obj (.text:USBDMAChannelIntEnable)
                  000034d2    00000012     usblib.lib : usbringbuf.obj (.text:USBRingBufFree)
                  000034e4    00000010     driverlib.lib : interrupt.obj (.text:IntMasterDisable)
                  000034f4    00000010                   : interrupt.obj (.text:IntMasterEnable)
                  00003504    00000010     usb_dev_bulk.obj (.text:SysTickIntHandler)
                  00003514    00000010     driverlib.lib : usb.obj (.text:USBEndpointStatus)
                  00003524    00000010     usblib.lib : usbringbuf.obj (.text:USBRingBufContigUsed)
                  00003534    00000010                : usbringbuf.obj (.text:USBRingBufWriteOne)
                  00003544    0000000e                : usbdma.obj (.text:DMAUSBIntStatusClear)
                  00003552    0000000e     uartstdio.obj (.text:IsBufferEmpty)
                  00003560    0000000e     usblib.lib : usbdbulk.obj (.text:USBDBulkTxPacketAvailable)
                  0000356e    0000000e     driverlib.lib : usb.obj (.text:USBDMAChannelStatus)
                  0000357c    0000000e                   : usb.obj (.text:USBDevLPMDisable)
                  0000358a    0000000e                   : usb.obj (.text:USBDevLPMEnable)
                  00003598    0000000e                   : usb.obj (.text:USBULPIDisable)
                  000035a6    0000000e                   : usb.obj (.text:USBULPIEnable)
                  000035b4    0000000e     rtsv7M4_T_le_v4SPD16_eabi.lib : copy_decompress_none.obj (.text:decompress:none)
                  000035c2    0000000c     driverlib.lib : cpu.obj (.text:CPUcpsid)
                  000035ce    0000000c                   : cpu.obj (.text:CPUcpsie)
                  000035da    0000000c                   : usb.obj (.text:USBEndpointPacketCountSet)
                  000035e6    0000000c                   : usb.obj (.text:USBLPMIntEnable)
                  000035f2    0000000c     usblib.lib : usbringbuf.obj (.text:USBRingBufInit)
                  000035fe    0000000c     rtsv7M4_T_le_v4SPD16_eabi.lib : copy_zero_init.obj (.text:decompress:ZI)
                  0000360a    0000000a     driverlib.lib : usb.obj (.text:USBClockEnable)
                  00003614    0000000a                   : usb.obj (.text:USBControllerVersion)
                  0000361e    0000000a                   : usb.obj (.text:USBDMAChannelAddressSet)
                  00003628    0000000a                   : usb.obj (.text:USBDMAChannelCountSet)
                  00003632    0000000a                   : usb.obj (.text:USBDevConnect)
                  0000363c    0000000a                   : usb.obj (.text:USBDevDisconnect)
                  00003646    0000000a                   : usb.obj (.text:USBIntStatusEndpoint)
                  00003650    00000008                   : usb.obj (.text:USBDevMode)
                  00003658    00000008                   : usb.obj (.text:USBFIFOAddrGet)
                  00003660    00000008                   : usb.obj (.text:USBOTGMode)
                  00003668    00000008     usblib.lib : usbdma.obj (.text:iDMAUSBChannelIntDisable)
                  00003670    00000008                : usbdma.obj (.text:iDMAUSBChannelIntEnable)
                  00003678    00000006     driverlib.lib : gpio.obj (.text:GPIOPinWrite)
                  0000367e    00000006     startup_ccs.obj (.text:ResetISR)
                  00003684    00000006     driverlib.lib : uart.obj (.text:UARTClockSourceSet)
                  0000368a    00000006     usblib.lib : usbbuffer.obj (.text:USBBufferFlush)
                  00003690    00000006                : usbbuffer.obj (.text:USBBufferSpaceAvailable)
                  00003696    00000006     driverlib.lib : usb.obj (.text:USBDMAChannelIntStatus)
                  0000369c    00000006                   : usb.obj (.text:USBDevLPMConfig)
                  000036a2    00000006                   : usb.obj (.text:USBLPMIntStatus)
                  000036a8    00000006     rtsv7M4_T_le_v4SPD16_eabi.lib : copy_decompress_rle.obj (.text:decompress:rle24)
                  000036ae    00000006     usblib.lib : usbdma.obj (.text:iDMAUSBIntStatus)
                  000036b4    00000004                : usbdma.obj (.text:DMAUSBStatus)
                  000036b8    00000004     driverlib.lib : usb.obj (.text:USBDevAddrSet)
                  000036bc    00000004     rtsv7M4_T_le_v4SPD16_eabi.lib : pre_init.obj (.text)

.const     0    000036c0    00000216     
                  000036c0    00000070     driverlib.lib : interrupt.obj (.const)
                  00003730    00000034     usblib.lib : usbdenum.obj (.const:g_psUSBDStdRequests)
                  00003764    00000030     usb_bulk_structs.obj (.const:.string:g_pui8ConfigString)
                  00003794    00000030     usblib.lib : usbdbulk.obj (.const:g_sBulkHandlers)
                  000037c4    00000028     usb_bulk_structs.obj (.const:.string:g_pui8DataInterfaceString)
                  000037ec    00000028     usb_bulk_structs.obj (.const:.string:g_pui8ProductString)
                  00003814    00000028     uartstdio.obj (.const)
                  0000383c    00000024     usb_bulk_structs.obj (.const:.string:g_pui8ManufacturerString)
                  00003860    0000001c     usblib.lib : usbdbulk.obj (.const)
                  0000387c    00000018     usb_bulk_structs.obj (.const)
                  00003894    00000017     usblib.lib : usbdbulk.obj (.const:.string)
                  000038ab    00000016     usb_bulk_structs.obj (.const:.string)
                  000038c1    00000003     --HOLE-- [fill = 0]
                  000038c4    00000012     uartstdio.obj (.const:.string)

.cinit     0    000038d8    000000d0     
                  000038d8    000000a5     (.cinit..data.load) [load image, compression = rle]
                  0000397d    00000003     --HOLE-- [fill = 0]
                  00003980    0000000c     (__TI_handler_table)
                  0000398c    00000004     --HOLE-- [fill = 0]
                  00003990    00000008     (.cinit..bss.load) [load image, compression = zero_init]
                  00003998    00000010     (__TI_cinit_table)

.init_array 
*          0    00000000    00000000     UNINITIALIZED

.bss       0    20000000    00000861     UNINITIALIZED
                  20000000    00000400     uartstdio.obj (.bss:g_pcUARTTxBuffer)
                  20000400    00000110     usblib.lib : usbdma.obj (.bss:g_psUSBDMAInst)
                  20000510    00000100     usb_bulk_structs.obj (.bss:g_pui8USBRxBuffer)
                  20000610    00000100     usb_bulk_structs.obj (.bss:g_pui8USBTxBuffer)
                  20000710    00000080     uartstdio.obj (.bss:g_pcUARTRxBuffer)
                  20000790    00000050     usblib.lib : usbdenum.obj (.bss:g_psDCDInst)
                  200007e0    00000040                : usbdenum.obj (.bss:g_pui8DataBufferIn)
                  20000820    00000018     (.common:g_pfnTickHandlers)
                  20000838    00000018     (.common:g_pvTickInstance)
                  20000850    00000004     (.common:g_pfnUSBModeCallback)
                  20000854    00000004     (.common:g_ppsDevInfo)
                  20000858    00000004     (.common:g_ui32PortNum)
                  2000085c    00000004     (.common:g_ui32ULPISupport)
                  20000860    00000001     (.common:g_bDisableEcho)

.TI.noinit 
*          0    20000000    00000000     UNINITIALIZED

.stack     0    20000864    00000400     UNINITIALIZED
                  20000864    00000400     --HOLE--

.data      0    20000c64    00000138     UNINITIALIZED
                  20000c64    00000044     usb_bulk_structs.obj (.data:g_sBulkDevice)
                  20000ca8    00000038     usb_bulk_structs.obj (.data:g_sRxBuffer)
                  20000ce0    00000038     usb_bulk_structs.obj (.data:g_sTxBuffer)
                  20000d18    00000024     usblib.lib : usbdbulk.obj (.data)
                  20000d3c    00000015     uartstdio.obj (.data)
                  20000d51    00000003     --HOLE--
                  20000d54    00000011     usb_dev_bulk.obj (.data)
                  20000d65    00000003     --HOLE--
                  20000d68    0000000c     usblib.lib : usbtick.obj (.data)
                  20000d74    00000009                : usbmode.obj (.data)
                  20000d7d    00000003     --HOLE--
                  20000d80    00000008     rtsv7M4_T_le_v4SPD16_eabi.lib : _lock.obj (.data)
                  20000d88    00000008                                   : exit.obj (.data)
                  20000d90    00000008     usblib.lib : usbdenum.obj (.data)
                  20000d98    00000004     rtsv7M4_T_le_v4SPD16_eabi.lib : stkdepth_vars.obj (.data)

.TI.persistent 
*          0    20000c64    00000000     UNINITIALIZED


LINKER GENERATED COPY TABLES

__TI_cinit_table @ 00003998 records: 2, size/record: 8, table size: 16
	.data: load addr=000038d8, load size=000000a5 bytes, run addr=20000c64, run size=00000138 bytes, compression=rle
	.bss: load addr=00003990, load size=00000008 bytes, run addr=20000000, run size=00000861 bytes, compression=zero_init


LINKER GENERATED HANDLER TABLE

__TI_handler_table @ 00003980 records: 3, size/record: 4, table size: 12
	index: 0, handler: __TI_decompress_rle24
	index: 1, handler: __TI_decompress_none
	index: 2, handler: __TI_zero_init


GLOBAL SYMBOLS: SORTED ALPHABETICALLY BY Name 

address   name                            
-------   ----                            
0000296d  C$$EXIT                         
000035c3  CPUcpsid                        
000035cf  CPUcpsie                        
00002029  ConfigureUART                   
00003679  GPIOPinWrite                    
00001ef1  IntDisable                      
00001f59  IntEnable                       
0000208d  IntIsEnabled                    
000034e5  IntMasterDisable                
000034f5  IntMasterEnable                 
00002add  InternalUSBRegisterTickHandler  
00002bf1  InternalUSBStartOfFrameTick     
00002db9  InternalUSBTickInit             
0000367f  ResetISR                        
00001981  RxHandler                       
UNDEFED   SHT$$INIT_ARRAY$$Base           
UNDEFED   SHT$$INIT_ARRAY$$Limit          
00002c25  SysCtlPeripheralEnable          
00002431  SysCtlPeripheralReset           
000033dd  SysCtlUSBPLLEnable              
00003505  SysTickIntHandler               
000033f1  TxHandler                       
00003685  UARTClockSourceSet              
00002e49  UARTFlushRx                     
000029f1  UARTFlushTx                     
00001325  UARTStdioConfig                 
000007bd  UARTStdioIntHandler             
00003231  UARTprintf                      
00000461  UARTvprintf                     
000013d5  UARTwrite                       
000023dd  ULPIConfigSet                   
000032b1  USB0DeviceIntHandler            
00003371  USBBufferDataWritten            
00002215  USBBufferEventCallback          
0000368b  USBBufferFlush                  
00003479  USBBufferInfoGet                
000032c9  USBBufferInit                   
00003691  USBBufferSpaceAvailable         
0000360b  USBClockEnable                  
00003615  USBControllerVersion            
00001cc9  USBDBulkCompositeInit           
000028a1  USBDBulkInit                    
00001be5  USBDBulkPacketRead              
00002389  USBDBulkPacketWrite             
000030a1  USBDBulkRxPacketAvailable       
00003561  USBDBulkTxPacketAvailable       
00002481  USBDCDConfigDescGet             
00002ef7  USBDCDConfigDescGetNum          
000032e1  USBDCDConfigDescGetSize         
000031c1  USBDCDConfigGetInterface        
00002a69  USBDCDConfigGetInterfaceEndpoint
000028e5  USBDCDDeviceInfoInit            
00000bbd  USBDCDInit                      
000031dd  USBDCDStallEP0                  
0000361f  USBDMAChannelAddressSet         
00003405  USBDMAChannelConfigSet          
00003629  USBDMAChannelCountSet           
0000348b  USBDMAChannelDisable            
0000349d  USBDMAChannelEnable             
000034af  USBDMAChannelIntDisable         
000034c1  USBDMAChannelIntEnable          
00003697  USBDMAChannelIntStatus          
0000356f  USBDMAChannelStatus             
00002e75  USBDescGet                      
00002f75  USBDescGetNum                   
000036b9  USBDevAddrSet                   
00003633  USBDevConnect                   
0000363d  USBDevDisconnect                
00001a7d  USBDevEndpointConfigSet         
00002f21  USBDevEndpointDataAck           
00002d25  USBDevEndpointStall             
000026a1  USBDevEndpointStallClear        
000022d5  USBDevEndpointStatusClear       
0000369d  USBDevLPMConfig                 
0000357d  USBDevLPMDisable                
0000358b  USBDevLPMEnable                 
00003651  USBDevMode                      
00000d05  USBDeviceConfig                 
000017ed  USBDeviceConfigAlternate        
00001015  USBDeviceEnumHandler            
000027c9  USBDeviceEnumResetHandler       
00000a6d  USBDeviceIntHandlerInternal     
000024d1  USBDeviceResumeTickHandler      
0000324b  USBEndpointDMAChannel           
00002609  USBEndpointDMAConfigSet         
00003035  USBEndpointDMADisable           
00003059  USBEndpointDMAEnable            
000031f9  USBEndpointDataAvail            
00002859  USBEndpointDataGet              
00002bbb  USBEndpointDataPut              
00002c59  USBEndpointDataSend             
000035db  USBEndpointPacketCountSet       
00003515  USBEndpointStatus               
00003659  USBFIFOAddrGet                  
00002aa3  USBFIFOConfigSet                
00003419  USBHostResume                   
00002f9d  USBIntEnableControl             
00003387  USBIntEnableEndpoint            
00002b15  USBIntStatusControl             
00003647  USBIntStatusEndpoint            
000035e7  USBLPMIntEnable                 
000036a3  USBLPMIntStatus                 
0000064d  USBLibDMAInit                   
00003661  USBOTGMode                      
00003145  USBRingBufAdvanceRead           
00002b4d  USBRingBufAdvanceWrite          
00003215  USBRingBufContigFree            
00003525  USBRingBufContigUsed            
0000339d  USBRingBufFlush                 
000034d3  USBRingBufFree                  
000035f3  USBRingBufInit                  
000033b3  USBRingBufUsed                  
00003265  USBRingBufWrite                 
00003535  USBRingBufWriteOne              
00003165  USBStackModeSet                 
00003599  USBULPIDisable                  
000035a7  USBULPIEnable                   
00003185  USBULPIRegRead                  
000031a3  USBULPIRegWrite                 
20000c64  __STACK_END                     
00000400  __STACK_SIZE                    
20000c64  __STACK_TOP                     
00003998  __TI_CINIT_Base                 
000039a8  __TI_CINIT_Limit                
00003980  __TI_Handler_Table_Base         
0000398c  __TI_Handler_Table_Limit        
00001e19  __TI_auto_init                  
20000d88  __TI_cleanup_ptr                
000035b5  __TI_decompress_none            
000036a9  __TI_decompress_rle24           
20000d8c  __TI_dtors_ptr                  
00000000  __TI_static_base__              
000035ff  __TI_zero_init                  
0000277f  __aeabi_idiv0                   
00001af7  __aeabi_memclr                  
00001af7  __aeabi_memclr4                 
00001af7  __aeabi_memclr8                 
0000147d  __aeabi_memcpy                  
0000147d  __aeabi_memcpy4                 
0000147d  __aeabi_memcpy8                 
00001af9  __aeabi_memset                  
00001af9  __aeabi_memset4                 
00001af9  __aeabi_memset8                 
000029b1  __aeabi_uidiv                   
000029b1  __aeabi_uidivmod                
ffffffff  __binit__                       
ffffffff  __c_args__                      
20000864  __stack                         
00003329  _args_main                      
00002521  _c_int00                        
20000d80  _lock                           
0000344f  _nop                            
00003447  _register_lock                  
00003441  _register_unlock                
000036bd  _system_pre_init                
20000d84  _unlock                         
00002971  abort                           
ffffffff  binit                           
00002655  copy_in                         
00002979  exit                            
20000d68  g_bUSBTimerInitialized          
20000d74  g_iUSBMode                      
20000820  g_pfnTickHandlers               
00000000  g_pfnVectors                    
00003878  g_ppBulkConfigDescriptors       
20000854  g_ppsDevInfo                    
0000387c  g_ppui8StringDescriptors        
20000d34  g_psBulkSections                
20000790  g_psDCDInst                     
20000d2a  g_pui8BulkDescriptor            
20000d18  g_pui8BulkDeviceDescriptor      
00003894  g_pui8BulkInterface             
00003764  g_pui8ConfigString              
000037c4  g_pui8DataInterfaceString       
000038ab  g_pui8LangDescriptor            
0000383c  g_pui8ManufacturerString        
000037ec  g_pui8ProductString             
000038af  g_pui8SerialNumberString        
20000510  g_pui8USBRxBuffer               
20000610  g_pui8USBTxBuffer               
20000838  g_pvTickInstance                
00003870  g_sBulkConfigHeader             
00003860  g_sBulkConfigSection            
20000c64  g_sBulkDevice                   
00003794  g_sBulkHandlers                 
00003868  g_sBulkInterfaceSection         
20000ca8  g_sRxBuffer                     
20000ce0  g_sTxBuffer                     
20000d6c  g_ui32CurrentUSBTick            
20000d60  g_ui32Flags                     
20000d5c  g_ui32RxCount                   
20000d54  g_ui32SysTickCount              
20000d58  g_ui32TxCount                   
20000d70  g_ui32USBSOFCount               
20000d78  g_ui32WaitTicks                 
0000026d  main                            
20000d98  main_func_sp                    
0000147d  memcpy                          
00001aff  memset                          
00002811  uDMAChannelAttributeDisable     
0000307d  uDMAChannelControlSet           
00003341  uDMAChannelDisable              
00003359  uDMAChannelEnable               
00002fc5  uDMAChannelModeGet              
000018fd  uDMAChannelTransferSet          


GLOBAL SYMBOLS: SORTED BY Symbol Address 

address   name                            
-------   ----                            
00000000  __TI_static_base__              
00000000  g_pfnVectors                    
0000026d  main                            
00000400  __STACK_SIZE                    
00000461  UARTvprintf                     
0000064d  USBLibDMAInit                   
000007bd  UARTStdioIntHandler             
00000a6d  USBDeviceIntHandlerInternal     
00000bbd  USBDCDInit                      
00000d05  USBDeviceConfig                 
00001015  USBDeviceEnumHandler            
00001325  UARTStdioConfig                 
000013d5  UARTwrite                       
0000147d  __aeabi_memcpy                  
0000147d  __aeabi_memcpy4                 
0000147d  __aeabi_memcpy8                 
0000147d  memcpy                          
000017ed  USBDeviceConfigAlternate        
000018fd  uDMAChannelTransferSet          
00001981  RxHandler                       
00001a7d  USBDevEndpointConfigSet         
00001af7  __aeabi_memclr                  
00001af7  __aeabi_memclr4                 
00001af7  __aeabi_memclr8                 
00001af9  __aeabi_memset                  
00001af9  __aeabi_memset4                 
00001af9  __aeabi_memset8                 
00001aff  memset                          
00001be5  USBDBulkPacketRead              
00001cc9  USBDBulkCompositeInit           
00001e19  __TI_auto_init                  
00001ef1  IntDisable                      
00001f59  IntEnable                       
00002029  ConfigureUART                   
0000208d  IntIsEnabled                    
00002215  USBBufferEventCallback          
000022d5  USBDevEndpointStatusClear       
00002389  USBDBulkPacketWrite             
000023dd  ULPIConfigSet                   
00002431  SysCtlPeripheralReset           
00002481  USBDCDConfigDescGet             
000024d1  USBDeviceResumeTickHandler      
00002521  _c_int00                        
00002609  USBEndpointDMAConfigSet         
00002655  copy_in                         
000026a1  USBDevEndpointStallClear        
0000277f  __aeabi_idiv0                   
000027c9  USBDeviceEnumResetHandler       
00002811  uDMAChannelAttributeDisable     
00002859  USBEndpointDataGet              
000028a1  USBDBulkInit                    
000028e5  USBDCDDeviceInfoInit            
0000296d  C$$EXIT                         
00002971  abort                           
00002979  exit                            
000029b1  __aeabi_uidiv                   
000029b1  __aeabi_uidivmod                
000029f1  UARTFlushTx                     
00002a69  USBDCDConfigGetInterfaceEndpoint
00002aa3  USBFIFOConfigSet                
00002add  InternalUSBRegisterTickHandler  
00002b15  USBIntStatusControl             
00002b4d  USBRingBufAdvanceWrite          
00002bbb  USBEndpointDataPut              
00002bf1  InternalUSBStartOfFrameTick     
00002c25  SysCtlPeripheralEnable          
00002c59  USBEndpointDataSend             
00002d25  USBDevEndpointStall             
00002db9  InternalUSBTickInit             
00002e49  UARTFlushRx                     
00002e75  USBDescGet                      
00002ef7  USBDCDConfigDescGetNum          
00002f21  USBDevEndpointDataAck           
00002f75  USBDescGetNum                   
00002f9d  USBIntEnableControl             
00002fc5  uDMAChannelModeGet              
00003035  USBEndpointDMADisable           
00003059  USBEndpointDMAEnable            
0000307d  uDMAChannelControlSet           
000030a1  USBDBulkRxPacketAvailable       
00003145  USBRingBufAdvanceRead           
00003165  USBStackModeSet                 
00003185  USBULPIRegRead                  
000031a3  USBULPIRegWrite                 
000031c1  USBDCDConfigGetInterface        
000031dd  USBDCDStallEP0                  
000031f9  USBEndpointDataAvail            
00003215  USBRingBufContigFree            
00003231  UARTprintf                      
0000324b  USBEndpointDMAChannel           
00003265  USBRingBufWrite                 
000032b1  USB0DeviceIntHandler            
000032c9  USBBufferInit                   
000032e1  USBDCDConfigDescGetSize         
00003329  _args_main                      
00003341  uDMAChannelDisable              
00003359  uDMAChannelEnable               
00003371  USBBufferDataWritten            
00003387  USBIntEnableEndpoint            
0000339d  USBRingBufFlush                 
000033b3  USBRingBufUsed                  
000033dd  SysCtlUSBPLLEnable              
000033f1  TxHandler                       
00003405  USBDMAChannelConfigSet          
00003419  USBHostResume                   
00003441  _register_unlock                
00003447  _register_lock                  
0000344f  _nop                            
00003479  USBBufferInfoGet                
0000348b  USBDMAChannelDisable            
0000349d  USBDMAChannelEnable             
000034af  USBDMAChannelIntDisable         
000034c1  USBDMAChannelIntEnable          
000034d3  USBRingBufFree                  
000034e5  IntMasterDisable                
000034f5  IntMasterEnable                 
00003505  SysTickIntHandler               
00003515  USBEndpointStatus               
00003525  USBRingBufContigUsed            
00003535  USBRingBufWriteOne              
00003561  USBDBulkTxPacketAvailable       
0000356f  USBDMAChannelStatus             
0000357d  USBDevLPMDisable                
0000358b  USBDevLPMEnable                 
00003599  USBULPIDisable                  
000035a7  USBULPIEnable                   
000035b5  __TI_decompress_none            
000035c3  CPUcpsid                        
000035cf  CPUcpsie                        
000035db  USBEndpointPacketCountSet       
000035e7  USBLPMIntEnable                 
000035f3  USBRingBufInit                  
000035ff  __TI_zero_init                  
0000360b  USBClockEnable                  
00003615  USBControllerVersion            
0000361f  USBDMAChannelAddressSet         
00003629  USBDMAChannelCountSet           
00003633  USBDevConnect                   
0000363d  USBDevDisconnect                
00003647  USBIntStatusEndpoint            
00003651  USBDevMode                      
00003659  USBFIFOAddrGet                  
00003661  USBOTGMode                      
00003679  GPIOPinWrite                    
0000367f  ResetISR                        
00003685  UARTClockSourceSet              
0000368b  USBBufferFlush                  
00003691  USBBufferSpaceAvailable         
00003697  USBDMAChannelIntStatus          
0000369d  USBDevLPMConfig                 
000036a3  USBLPMIntStatus                 
000036a9  __TI_decompress_rle24           
000036b9  USBDevAddrSet                   
000036bd  _system_pre_init                
00003764  g_pui8ConfigString              
00003794  g_sBulkHandlers                 
000037c4  g_pui8DataInterfaceString       
000037ec  g_pui8ProductString             
0000383c  g_pui8ManufacturerString        
00003860  g_sBulkConfigSection            
00003868  g_sBulkInterfaceSection         
00003870  g_sBulkConfigHeader             
00003878  g_ppBulkConfigDescriptors       
0000387c  g_ppui8StringDescriptors        
00003894  g_pui8BulkInterface             
000038ab  g_pui8LangDescriptor            
000038af  g_pui8SerialNumberString        
00003980  __TI_Handler_Table_Base         
0000398c  __TI_Handler_Table_Limit        
00003998  __TI_CINIT_Base                 
000039a8  __TI_CINIT_Limit                
20000510  g_pui8USBRxBuffer               
20000610  g_pui8USBTxBuffer               
20000790  g_psDCDInst                     
20000820  g_pfnTickHandlers               
20000838  g_pvTickInstance                
20000854  g_ppsDevInfo                    
20000864  __stack                         
20000c64  __STACK_END                     
20000c64  __STACK_TOP                     
20000c64  g_sBulkDevice                   
20000ca8  g_sRxBuffer                     
20000ce0  g_sTxBuffer                     
20000d18  g_pui8BulkDeviceDescriptor      
20000d2a  g_pui8BulkDescriptor            
20000d34  g_psBulkSections                
20000d54  g_ui32SysTickCount              
20000d58  g_ui32TxCount                   
20000d5c  g_ui32RxCount                   
20000d60  g_ui32Flags                     
20000d68  g_bUSBTimerInitialized          
20000d6c  g_ui32CurrentUSBTick            
20000d70  g_ui32USBSOFCount               
20000d74  g_iUSBMode                      
20000d78  g_ui32WaitTicks                 
20000d80  _lock                           
20000d84  _unlock                         
20000d88  __TI_cleanup_ptr                
20000d8c  __TI_dtors_ptr                  
20000d98  main_func_sp                    
ffffffff  __binit__                       
ffffffff  __c_args__                      
ffffffff  binit                           
UNDEFED   SHT$$INIT_ARRAY$$Base           
UNDEFED   SHT$$INIT_ARRAY$$Limit          

[205 symbols]
