******************************************************************************
                  TI ARM Linker PC v5.2.5                      
******************************************************************************
>> Linked Sun Nov 22 17:07:20 2015

OUTPUT FILE NAME:   <lab15.out>
ENTRY POINT SYMBOL: "_c_int00"  address: 00000741


MEMORY CONFIGURATION

         name            origin    length      used     unused   attr    fill
----------------------  --------  ---------  --------  --------  ----  --------
  FLASH                 00000000   00040000  00000930  0003f6d0  R  X
  SRAM                  20000000   00008000  00000078  00007f88  RW X


SEGMENT ALLOCATION MAP

run origin  load origin   length   init length attrs members
----------  ----------- ---------- ----------- ----- -------
00000000    00000000    00000930   00000930    r-x
  00000000    00000000    0000026c   0000026c    r-- .intvecs
  0000026c    0000026c    00000638   00000638    r-x .text
  000008a4    000008a4    0000006c   0000006c    r-- .const
  00000910    00000910    00000020   00000020    r-- .cinit
20000000    20000000    00000078   00000000    rw-
  20000000    20000000    00000064   00000000    rw- .stack
  20000064    20000064    00000014   00000000    rw- .data


SECTION ALLOCATION MAP

 output                                  attributes/
section   page    origin      length       input sections
--------  ----  ----------  ----------   ----------------
.intvecs   0    00000000    0000026c     
                  00000000    0000026c     tm4c123gh6pm_startup_ccs.obj (.intvecs)

.text      0    0000026c    00000638     
                  0000026c    000001d4     main.obj (.text)
                  00000440    00000110     driverlib.lib : sysctl.obj (.text:SysCtlClockGet)
                  00000550    0000009c     rtsv7M4_T_le_v4SPD16_eabi.lib : memcpy_t2.obj (.text)
                  000005ec    0000007a                                   : memset_t2.obj (.text)
                  00000666    00000002     --HOLE-- [fill = 0]
                  00000668    0000006c                                   : autoinit.obj (.text)
                  000006d4    0000006a                                   : copy_decompress_rle.obj (.text)
                  0000073e    00000002     --HOLE-- [fill = 0]
                  00000740    00000050                                   : boot.obj (.text)
                  00000790    0000004c                                   : cpy_tbl.obj (.text)
                  000007dc    00000044                                   : exit.obj (.text)
                  00000820    00000022     driverlib.lib : pwm.obj (.text:PWMGenConfigure)
                  00000842    00000002     --HOLE-- [fill = 0]
                  00000844    00000018     rtsv7M4_T_le_v4SPD16_eabi.lib : args_main.obj (.text)
                  0000085c    00000014                                   : _lock.obj (.text)
                  00000870    00000010     driverlib.lib : pwm.obj (.text:PWMGenPeriodSet)
                  00000880    0000000e     rtsv7M4_T_le_v4SPD16_eabi.lib : copy_decompress_none.obj (.text:decompress:none)
                  0000088e    0000000c     tm4c123gh6pm_startup_ccs.obj (.text)
                  0000089a    00000006     rtsv7M4_T_le_v4SPD16_eabi.lib : copy_decompress_rle.obj (.text:decompress:rle24)
                  000008a0    00000004                                   : pre_init.obj (.text)

.const     0    000008a4    0000006c     
                  000008a4    0000006c     driverlib.lib : sysctl.obj (.const:g_pui32Xtals)

.cinit     0    00000910    00000020     
                  00000910    0000000f     (.cinit..data.load) [load image, compression = rle]
                  0000091f    00000001     --HOLE-- [fill = 0]
                  00000920    00000008     (__TI_handler_table)
                  00000928    00000008     (__TI_cinit_table)

.init_array 
*          0    00000000    00000000     UNINITIALIZED

.stack     0    20000000    00000064     UNINITIALIZED
                  20000000    00000064     --HOLE--

.data      0    20000064    00000014     UNINITIALIZED
                  20000064    00000008     rtsv7M4_T_le_v4SPD16_eabi.lib : _lock.obj (.data)
                  2000006c    00000008                                   : exit.obj (.data)
                  20000074    00000004                                   : stkdepth_vars.obj (.data)

.TI.persistent 
*          0    20000064    00000000     UNINITIALIZED


LINKER GENERATED COPY TABLES

__TI_cinit_table @ 00000928 records: 1, size/record: 8, table size: 8
	.data: load addr=00000910, load size=0000000f bytes, run addr=20000064, run size=00000014 bytes, compression=rle


LINKER GENERATED HANDLER TABLE

__TI_handler_table @ 00000920 records: 2, size/record: 4, table size: 8
	index: 0, handler: __TI_decompress_rle24
	index: 1, handler: __TI_decompress_none


GLOBAL SYMBOLS: SORTED ALPHABETICALLY BY Name 

address   name                    
-------   ----                    
000007dd  C$$EXIT                 
00000821  PWMGenConfigure         
00000871  PWMGenPeriodSet         
0000088f  ResetISR                
UNDEFED   SHT$$INIT_ARRAY$$Base   
UNDEFED   SHT$$INIT_ARRAY$$Limit  
00000441  SysCtlClockGet          
20000064  __STACK_END             
00000064  __STACK_SIZE            
20000200  __STACK_TOP             
00000928  __TI_CINIT_Base         
00000930  __TI_CINIT_Limit        
00000920  __TI_Handler_Table_Base 
00000928  __TI_Handler_Table_Limit
00000669  __TI_auto_init          
2000006c  __TI_cleanup_ptr        
00000881  __TI_decompress_none    
0000089b  __TI_decompress_rle24   
20000070  __TI_dtors_ptr          
00000000  __TI_static_base__      
000005ed  __aeabi_memclr          
000005ed  __aeabi_memclr4         
000005ed  __aeabi_memclr8         
00000551  __aeabi_memcpy          
00000551  __aeabi_memcpy4         
00000551  __aeabi_memcpy8         
000005ef  __aeabi_memset          
000005ef  __aeabi_memset4         
000005ef  __aeabi_memset8         
ffffffff  __binit__               
ffffffff  __c_args__              
20000000  __stack                 
00000845  _args_main              
00000741  _c_int00                
20000064  _lock                   
0000086b  _nop                    
00000863  _register_lock          
0000085d  _register_unlock        
000008a1  _system_pre_init        
20000068  _unlock                 
000007e1  abort                   
ffffffff  binit                   
00000791  copy_in                 
000007e9  exit                    
00000000  g_pfnVectors            
0000026d  main                    
20000074  main_func_sp            
00000551  memcpy                  
000005f5  memset                  


GLOBAL SYMBOLS: SORTED BY Symbol Address 

address   name                    
-------   ----                    
00000000  __TI_static_base__      
00000000  g_pfnVectors            
00000064  __STACK_SIZE            
0000026d  main                    
00000441  SysCtlClockGet          
00000551  __aeabi_memcpy          
00000551  __aeabi_memcpy4         
00000551  __aeabi_memcpy8         
00000551  memcpy                  
000005ed  __aeabi_memclr          
000005ed  __aeabi_memclr4         
000005ed  __aeabi_memclr8         
000005ef  __aeabi_memset          
000005ef  __aeabi_memset4         
000005ef  __aeabi_memset8         
000005f5  memset                  
00000669  __TI_auto_init          
00000741  _c_int00                
00000791  copy_in                 
000007dd  C$$EXIT                 
000007e1  abort                   
000007e9  exit                    
00000821  PWMGenConfigure         
00000845  _args_main              
0000085d  _register_unlock        
00000863  _register_lock          
0000086b  _nop                    
00000871  PWMGenPeriodSet         
00000881  __TI_decompress_none    
0000088f  ResetISR                
0000089b  __TI_decompress_rle24   
000008a1  _system_pre_init        
00000920  __TI_Handler_Table_Base 
00000928  __TI_CINIT_Base         
00000928  __TI_Handler_Table_Limit
00000930  __TI_CINIT_Limit        
20000000  __stack                 
20000064  __STACK_END             
20000064  _lock                   
20000068  _unlock                 
2000006c  __TI_cleanup_ptr        
20000070  __TI_dtors_ptr          
20000074  main_func_sp            
20000200  __STACK_TOP             
ffffffff  __binit__               
ffffffff  __c_args__              
ffffffff  binit                   
UNDEFED   SHT$$INIT_ARRAY$$Base   
UNDEFED   SHT$$INIT_ARRAY$$Limit  

[49 symbols]
