******************************************************************************
                  TI ARM Linker PC v5.2.5                      
******************************************************************************
>> Linked Wed Sep 23 19:38:19 2015

OUTPUT FILE NAME:   <blinky.out>
ENTRY POINT SYMBOL: "_c_int00"  address: 0000044d


MEMORY CONFIGURATION

         name            origin    length      used     unused   attr    fill
----------------------  --------  ---------  --------  --------  ----  --------
  FLASH                 00000000   00100000  00000598  000ffa68  R  X
  SRAM                  20000000   00040000  00000114  0003feec  RW X


SEGMENT ALLOCATION MAP

run origin  load origin   length   init length attrs members
----------  ----------- ---------- ----------- ----- -------
00000000    00000000    00000598   00000598    r-x
  00000000    00000000    00000200   00000200    r-- .intvecs
  00000200    00000200    00000378   00000378    r-x .text
  00000578    00000578    00000020   00000020    r-- .cinit
20000000    20000000    00000114   00000000    rw-
  20000000    20000000    00000100   00000000    rw- .stack
  20000100    20000100    00000014   00000000    rw- .data


SECTION ALLOCATION MAP

 output                                  attributes/
section   page    origin      length       input sections
--------  ----  ----------  ----------   ----------------
.intvecs   0    00000000    00000200     
                  00000000    00000200     startup_ccs.obj (.intvecs)

.text      0    00000200    00000378     
                  00000200    0000009c     rtsv7M4_T_le_v4SPD16_eabi.lib : memcpy_t2.obj (.text)
                  0000029c    0000007a                                   : memset_t2.obj (.text)
                  00000316    00000002     startup_ccs.obj (.text:FaultISR)
                  00000318    0000006c     rtsv7M4_T_le_v4SPD16_eabi.lib : autoinit.obj (.text)
                  00000384    0000006a                                   : copy_decompress_rle.obj (.text)
                  000003ee    00000002     startup_ccs.obj (.text:IntDefaultHandler)
                  000003f0    0000005c     blinky.obj (.text:main)
                  0000044c    00000050     rtsv7M4_T_le_v4SPD16_eabi.lib : boot.obj (.text)
                  0000049c    0000004c                                   : cpy_tbl.obj (.text)
                  000004e8    00000044                                   : exit.obj (.text)
                  0000052c    00000018                                   : args_main.obj (.text)
                  00000544    00000014                                   : _lock.obj (.text)
                  00000558    0000000e                                   : copy_decompress_none.obj (.text:decompress:none)
                  00000566    00000006     startup_ccs.obj (.text:ResetISR)
                  0000056c    00000006     rtsv7M4_T_le_v4SPD16_eabi.lib : copy_decompress_rle.obj (.text:decompress:rle24)
                  00000572    00000004                                   : pre_init.obj (.text)
                  00000576    00000002     startup_ccs.obj (.text:NmiSR)

.cinit     0    00000578    00000020     
                  00000578    0000000f     (.cinit..data.load) [load image, compression = rle]
                  00000587    00000001     --HOLE-- [fill = 0]
                  00000588    00000008     (__TI_handler_table)
                  00000590    00000008     (__TI_cinit_table)

.init_array 
*          0    00000000    00000000     UNINITIALIZED

.stack     0    20000000    00000100     UNINITIALIZED
                  20000000    00000100     --HOLE--

.data      0    20000100    00000014     UNINITIALIZED
                  20000100    00000008     rtsv7M4_T_le_v4SPD16_eabi.lib : _lock.obj (.data)
                  20000108    00000008                                   : exit.obj (.data)
                  20000110    00000004                                   : stkdepth_vars.obj (.data)

.TI.persistent 
*          0    20000100    00000000     UNINITIALIZED


LINKER GENERATED COPY TABLES

__TI_cinit_table @ 00000590 records: 1, size/record: 8, table size: 8
	.data: load addr=00000578, load size=0000000f bytes, run addr=20000100, run size=00000014 bytes, compression=rle


LINKER GENERATED HANDLER TABLE

__TI_handler_table @ 00000588 records: 2, size/record: 4, table size: 8
	index: 0, handler: __TI_decompress_rle24
	index: 1, handler: __TI_decompress_none


GLOBAL SYMBOLS: SORTED ALPHABETICALLY BY Name 

address   name                    
-------   ----                    
000004e9  C$$EXIT                 
00000567  ResetISR                
UNDEFED   SHT$$INIT_ARRAY$$Base   
UNDEFED   SHT$$INIT_ARRAY$$Limit  
20000100  __STACK_END             
00000100  __STACK_SIZE            
20000100  __STACK_TOP             
00000590  __TI_CINIT_Base         
00000598  __TI_CINIT_Limit        
00000588  __TI_Handler_Table_Base 
00000590  __TI_Handler_Table_Limit
00000319  __TI_auto_init          
20000108  __TI_cleanup_ptr        
00000559  __TI_decompress_none    
0000056d  __TI_decompress_rle24   
2000010c  __TI_dtors_ptr          
00000000  __TI_static_base__      
0000029d  __aeabi_memclr          
0000029d  __aeabi_memclr4         
0000029d  __aeabi_memclr8         
00000201  __aeabi_memcpy          
00000201  __aeabi_memcpy4         
00000201  __aeabi_memcpy8         
0000029f  __aeabi_memset          
0000029f  __aeabi_memset4         
0000029f  __aeabi_memset8         
ffffffff  __binit__               
ffffffff  __c_args__              
20000000  __stack                 
0000052d  _args_main              
0000044d  _c_int00                
20000100  _lock                   
00000553  _nop                    
0000054b  _register_lock          
00000545  _register_unlock        
00000573  _system_pre_init        
20000104  _unlock                 
000004ed  abort                   
ffffffff  binit                   
0000049d  copy_in                 
000004f5  exit                    
00000000  g_pfnVectors            
000003f1  main                    
20000110  main_func_sp            
00000201  memcpy                  
000002a5  memset                  


GLOBAL SYMBOLS: SORTED BY Symbol Address 

address   name                    
-------   ----                    
00000000  __TI_static_base__      
00000000  g_pfnVectors            
00000100  __STACK_SIZE            
00000201  __aeabi_memcpy          
00000201  __aeabi_memcpy4         
00000201  __aeabi_memcpy8         
00000201  memcpy                  
0000029d  __aeabi_memclr          
0000029d  __aeabi_memclr4         
0000029d  __aeabi_memclr8         
0000029f  __aeabi_memset          
0000029f  __aeabi_memset4         
0000029f  __aeabi_memset8         
000002a5  memset                  
00000319  __TI_auto_init          
000003f1  main                    
0000044d  _c_int00                
0000049d  copy_in                 
000004e9  C$$EXIT                 
000004ed  abort                   
000004f5  exit                    
0000052d  _args_main              
00000545  _register_unlock        
0000054b  _register_lock          
00000553  _nop                    
00000559  __TI_decompress_none    
00000567  ResetISR                
0000056d  __TI_decompress_rle24   
00000573  _system_pre_init        
00000588  __TI_Handler_Table_Base 
00000590  __TI_CINIT_Base         
00000590  __TI_Handler_Table_Limit
00000598  __TI_CINIT_Limit        
20000000  __stack                 
20000100  __STACK_END             
20000100  __STACK_TOP             
20000100  _lock                   
20000104  _unlock                 
20000108  __TI_cleanup_ptr        
2000010c  __TI_dtors_ptr          
20000110  main_func_sp            
ffffffff  __binit__               
ffffffff  __c_args__              
ffffffff  binit                   
UNDEFED   SHT$$INIT_ARRAY$$Base   
UNDEFED   SHT$$INIT_ARRAY$$Limit  

[46 symbols]
