******************************************************************************
                  TI ARM Linker PC v5.2.5                      
******************************************************************************
>> Linked Fri Nov 20 20:05:14 2015

OUTPUT FILE NAME:   <lab5.out>
ENTRY POINT SYMBOL: "_c_int00"  address: 0000068d


MEMORY CONFIGURATION

         name            origin    length      used     unused   attr    fill
----------------------  --------  ---------  --------  --------  ----  --------
  FLASH                 00000000   00040000  000008e0  0003f720  R  X
  SRAM                  20000000   00008000  00000078  00007f88  RW X


SEGMENT ALLOCATION MAP

run origin  load origin   length   init length attrs members
----------  ----------- ---------- ----------- ----- -------
00000000    00000000    000008e0   000008e0    r-x
  00000000    00000000    0000026c   0000026c    r-- .intvecs
  0000026c    0000026c    00000654   00000654    r-x .text
  000008c0    000008c0    00000020   00000020    r-- .cinit
20000000    20000000    00000078   00000000    rw-
  20000000    20000000    00000064   00000000    rw- .stack
  20000064    20000064    00000014   00000000    rw- .data


SECTION ALLOCATION MAP

 output                                  attributes/
section   page    origin      length       input sections
--------  ----  ----------  ----------   ----------------
.intvecs   0    00000000    0000026c     
                  00000000    0000026c     tm4c123gh6pm_startup_ccs.obj (.intvecs)

.text      0    0000026c    00000654     
                  0000026c    000000f4     driverlib.lib : sysctl.obj (.text:SysCtlClockSet)
                  00000360    000000c4     main.obj (.text)
                  00000424    0000009c     rtsv7M4_T_le_v4SPD16_eabi.lib : memcpy_t2.obj (.text)
                  000004c0    0000007a     driverlib.lib : adc.obj (.text:ADCSequenceStepConfigure)
                  0000053a    0000007a     rtsv7M4_T_le_v4SPD16_eabi.lib : memset_t2.obj (.text)
                  000005b4    0000006c                                   : autoinit.obj (.text)
                  00000620    0000006a                                   : copy_decompress_rle.obj (.text)
                  0000068a    00000002     --HOLE-- [fill = 0]
                  0000068c    00000050                                   : boot.obj (.text)
                  000006dc    0000004c                                   : cpy_tbl.obj (.text)
                  00000728    00000044                                   : exit.obj (.text)
                  0000076c    0000003e     driverlib.lib : adc.obj (.text:ADCSequenceConfigure)
                  000007aa    00000002     --HOLE-- [fill = 0]
                  000007ac    00000034                   : sysctl.obj (.text:SysCtlPeripheralEnable)
                  000007e0    0000002e                   : adc.obj (.text:ADCIntStatus)
                  0000080e    0000001e                   : adc.obj (.text:ADCSequenceDataGet)
                  0000082c    00000018                   : adc.obj (.text:ADCProcessorTrigger)
                  00000844    00000018     rtsv7M4_T_le_v4SPD16_eabi.lib : args_main.obj (.text)
                  0000085c    00000014                                   : _lock.obj (.text)
                  00000870    0000000e     driverlib.lib : adc.obj (.text:ADCHardwareOversampleConfigure)
                  0000087e    0000000e                   : adc.obj (.text:ADCSequenceEnable)
                  0000088c    0000000e     rtsv7M4_T_le_v4SPD16_eabi.lib : copy_decompress_none.obj (.text:decompress:none)
                  0000089a    0000000c     tm4c123gh6pm_startup_ccs.obj (.text)
                  000008a6    0000000a     driverlib.lib : adc.obj (.text:ADCIntClear)
                  000008b0    00000006                   : sysctl.obj (.text:SysCtlDelay)
                  000008b6    00000006     rtsv7M4_T_le_v4SPD16_eabi.lib : copy_decompress_rle.obj (.text:decompress:rle24)
                  000008bc    00000004                                   : pre_init.obj (.text)

.cinit     0    000008c0    00000020     
                  000008c0    0000000f     (.cinit..data.load) [load image, compression = rle]
                  000008cf    00000001     --HOLE-- [fill = 0]
                  000008d0    00000008     (__TI_handler_table)
                  000008d8    00000008     (__TI_cinit_table)

.init_array 
*          0    00000000    00000000     UNINITIALIZED

.stack     0    20000000    00000064     UNINITIALIZED
                  20000000    00000064     --HOLE--

.data      0    20000064    00000014     UNINITIALIZED
                  20000064    00000008     rtsv7M4_T_le_v4SPD16_eabi.lib : _lock.obj (.data)
                  2000006c    00000008                                   : exit.obj (.data)
                  20000074    00000004                                   : stkdepth_vars.obj (.data)

.TI.persistent 
*          0    20000064    00000000     UNINITIALIZED


LINKER GENERATED COPY TABLES

__TI_cinit_table @ 000008d8 records: 1, size/record: 8, table size: 8
	.data: load addr=000008c0, load size=0000000f bytes, run addr=20000064, run size=00000014 bytes, compression=rle


LINKER GENERATED HANDLER TABLE

__TI_handler_table @ 000008d0 records: 2, size/record: 4, table size: 8
	index: 0, handler: __TI_decompress_rle24
	index: 1, handler: __TI_decompress_none


GLOBAL SYMBOLS: SORTED ALPHABETICALLY BY Name 

address   name                          
-------   ----                          
00000871  ADCHardwareOversampleConfigure
000008a7  ADCIntClear                   
000007e1  ADCIntStatus                  
0000082d  ADCProcessorTrigger           
0000076d  ADCSequenceConfigure          
0000080f  ADCSequenceDataGet            
0000087f  ADCSequenceEnable             
000004c1  ADCSequenceStepConfigure      
00000729  C$$EXIT                       
0000089b  ResetISR                      
UNDEFED   SHT$$INIT_ARRAY$$Base         
UNDEFED   SHT$$INIT_ARRAY$$Limit        
0000026d  SysCtlClockSet                
000008b1  SysCtlDelay                   
000007ad  SysCtlPeripheralEnable        
20000064  __STACK_END                   
00000064  __STACK_SIZE                  
20000200  __STACK_TOP                   
000008d8  __TI_CINIT_Base               
000008e0  __TI_CINIT_Limit              
000008d0  __TI_Handler_Table_Base       
000008d8  __TI_Handler_Table_Limit      
000005b5  __TI_auto_init                
2000006c  __TI_cleanup_ptr              
0000088d  __TI_decompress_none          
000008b7  __TI_decompress_rle24         
20000070  __TI_dtors_ptr                
00000000  __TI_static_base__            
0000053b  __aeabi_memclr                
0000053b  __aeabi_memclr4               
0000053b  __aeabi_memclr8               
00000425  __aeabi_memcpy                
00000425  __aeabi_memcpy4               
00000425  __aeabi_memcpy8               
0000053d  __aeabi_memset                
0000053d  __aeabi_memset4               
0000053d  __aeabi_memset8               
ffffffff  __binit__                     
ffffffff  __c_args__                    
20000000  __stack                       
00000845  _args_main                    
0000068d  _c_int00                      
20000064  _lock                         
0000086b  _nop                          
00000863  _register_lock                
0000085d  _register_unlock              
000008bd  _system_pre_init              
20000068  _unlock                       
0000072d  abort                         
ffffffff  binit                         
000006dd  copy_in                       
00000735  exit                          
00000000  g_pfnVectors                  
00000361  main                          
20000074  main_func_sp                  
00000425  memcpy                        
00000543  memset                        


GLOBAL SYMBOLS: SORTED BY Symbol Address 

address   name                          
-------   ----                          
00000000  __TI_static_base__            
00000000  g_pfnVectors                  
00000064  __STACK_SIZE                  
0000026d  SysCtlClockSet                
00000361  main                          
00000425  __aeabi_memcpy                
00000425  __aeabi_memcpy4               
00000425  __aeabi_memcpy8               
00000425  memcpy                        
000004c1  ADCSequenceStepConfigure      
0000053b  __aeabi_memclr                
0000053b  __aeabi_memclr4               
0000053b  __aeabi_memclr8               
0000053d  __aeabi_memset                
0000053d  __aeabi_memset4               
0000053d  __aeabi_memset8               
00000543  memset                        
000005b5  __TI_auto_init                
0000068d  _c_int00                      
000006dd  copy_in                       
00000729  C$$EXIT                       
0000072d  abort                         
00000735  exit                          
0000076d  ADCSequenceConfigure          
000007ad  SysCtlPeripheralEnable        
000007e1  ADCIntStatus                  
0000080f  ADCSequenceDataGet            
0000082d  ADCProcessorTrigger           
00000845  _args_main                    
0000085d  _register_unlock              
00000863  _register_lock                
0000086b  _nop                          
00000871  ADCHardwareOversampleConfigure
0000087f  ADCSequenceEnable             
0000088d  __TI_decompress_none          
0000089b  ResetISR                      
000008a7  ADCIntClear                   
000008b1  SysCtlDelay                   
000008b7  __TI_decompress_rle24         
000008bd  _system_pre_init              
000008d0  __TI_Handler_Table_Base       
000008d8  __TI_CINIT_Base               
000008d8  __TI_Handler_Table_Limit      
000008e0  __TI_CINIT_Limit              
20000000  __stack                       
20000064  __STACK_END                   
20000064  _lock                         
20000068  _unlock                       
2000006c  __TI_cleanup_ptr              
20000070  __TI_dtors_ptr                
20000074  main_func_sp                  
20000200  __STACK_TOP                   
ffffffff  __binit__                     
ffffffff  __c_args__                    
ffffffff  binit                         
UNDEFED   SHT$$INIT_ARRAY$$Base         
UNDEFED   SHT$$INIT_ARRAY$$Limit        

[57 symbols]
