******************************************************************************
                  TI ARM Linker PC v5.2.5                      
******************************************************************************
>> Linked Sat Nov 21 21:33:18 2015

OUTPUT FILE NAME:   <bitband.out>
ENTRY POINT SYMBOL: "_c_int00"  address: 00000819


MEMORY CONFIGURATION

         name            origin    length      used     unused   attr    fill
----------------------  --------  ---------  --------  --------  ----  --------
  FLASH                 00000000   00040000  00000a8a  0003f576  R  X
  SRAM                  20000000   00008000  00000220  00007de0  RW X


SEGMENT ALLOCATION MAP

run origin  load origin   length   init length attrs members
----------  ----------- ---------- ----------- ----- -------
00000000    00000000    00000a90   00000a90    r-x
  00000000    00000000    0000026c   0000026c    r-- .intvecs
  0000026c    0000026c    000007b8   000007b8    r-x .text
  00000a24    00000a24    0000002e   0000002e    r-- .const
  00000a58    00000a58    00000038   00000038    r-- .cinit
20000000    20000000    00000220   00000000    rw-
  20000000    20000000    00000200   00000000    rw- .stack
  20000200    20000200    0000001c   00000000    rw- .data
  2000021c    2000021c    00000004   00000000    rw- .bss


SECTION ALLOCATION MAP

 output                                  attributes/
section   page    origin      length       input sections
--------  ----  ----------  ----------   ----------------
.intvecs   0    00000000    0000026c     
                  00000000    0000026c     startup_ccs.obj (.intvecs)

.text      0    0000026c    000007b8     
                  0000026c    000001ea     uartstdio.obj (.text:UARTvprintf)
                  00000456    00000002     startup_ccs.obj (.text:FaultISR)
                  00000458    0000010c     bitband.obj (.text:main)
                  00000564    0000009c     rtsv7M4_T_le_v4SPD16_eabi.lib : memcpy_t2.obj (.text)
                  00000600    0000007a                                   : memset_t2.obj (.text)
                  0000067a    00000002     startup_ccs.obj (.text:IntDefaultHandler)
                  0000067c    0000006c     rtsv7M4_T_le_v4SPD16_eabi.lib : autoinit.obj (.text)
                  000006e8    0000006a                                   : copy_decompress_rle.obj (.text)
                  00000752    00000002     startup_ccs.obj (.text:NmiSR)
                  00000754    00000064     bitband.obj (.text:ConfigureUART)
                  000007b8    00000060     uartstdio.obj (.text:UARTStdioConfig)
                  00000818    00000050     rtsv7M4_T_le_v4SPD16_eabi.lib : boot.obj (.text)
                  00000868    0000004c                                   : cpy_tbl.obj (.text)
                  000008b4    00000048     uartstdio.obj (.text:UARTwrite)
                  000008fc    00000044     rtsv7M4_T_le_v4SPD16_eabi.lib : exit.obj (.text)
                  00000940    00000040                                   : u_divt2.obj (.text)
                  00000980    0000002c     bitband.obj (.text:Delay)
                  000009ac    0000001a     uartstdio.obj (.text:UARTprintf)
                  000009c6    00000002     rtsv7M4_T_le_v4SPD16_eabi.lib : i_div0.obj (.text)
                  000009c8    00000018                                   : args_main.obj (.text)
                  000009e0    00000014                                   : _lock.obj (.text)
                  000009f4    0000000e                                   : copy_decompress_none.obj (.text:decompress:none)
                  00000a02    0000000c                                   : copy_zero_init.obj (.text:decompress:ZI)
                  00000a0e    00000006     startup_ccs.obj (.text:ResetISR)
                  00000a14    00000006     driverlib.lib : uart.obj (.text:UARTClockSourceSet)
                  00000a1a    00000006     rtsv7M4_T_le_v4SPD16_eabi.lib : copy_decompress_rle.obj (.text:decompress:rle24)
                  00000a20    00000004                                   : pre_init.obj (.text)

.const     0    00000a24    0000002e     
                  00000a24    0000001c     uartstdio.obj (.const)
                  00000a40    00000012     uartstdio.obj (.const:.string)

.cinit     0    00000a58    00000038     
                  00000a58    0000000f     (.cinit..data.load) [load image, compression = rle]
                  00000a67    00000001     --HOLE-- [fill = 0]
                  00000a68    0000000c     (__TI_handler_table)
                  00000a74    00000004     --HOLE-- [fill = 0]
                  00000a78    00000008     (.cinit..bss.load) [load image, compression = zero_init]
                  00000a80    00000010     (__TI_cinit_table)

.init_array 
*          0    00000000    00000000     UNINITIALIZED

.stack     0    20000000    00000200     UNINITIALIZED
                  20000000    00000200     --HOLE--

.data      0    20000200    0000001c     UNINITIALIZED
                  20000200    00000008     rtsv7M4_T_le_v4SPD16_eabi.lib : _lock.obj (.data)
                  20000208    00000008                                   : exit.obj (.data)
                  20000210    00000005     uartstdio.obj (.data)
                  20000215    00000003     --HOLE--
                  20000218    00000004     rtsv7M4_T_le_v4SPD16_eabi.lib : stkdepth_vars.obj (.data)

.bss       0    2000021c    00000004     UNINITIALIZED
                  2000021c    00000004     (.common:g_ui32Value)

.TI.persistent 
*          0    20000200    00000000     UNINITIALIZED

.TI.noinit 
*          0    2000021c    00000000     UNINITIALIZED


LINKER GENERATED COPY TABLES

__TI_cinit_table @ 00000a80 records: 2, size/record: 8, table size: 16
	.data: load addr=00000a58, load size=0000000f bytes, run addr=20000200, run size=0000001c bytes, compression=rle
	.bss: load addr=00000a78, load size=00000008 bytes, run addr=2000021c, run size=00000004 bytes, compression=zero_init


LINKER GENERATED HANDLER TABLE

__TI_handler_table @ 00000a68 records: 3, size/record: 4, table size: 12
	index: 0, handler: __TI_decompress_rle24
	index: 1, handler: __TI_decompress_none
	index: 2, handler: __TI_zero_init


GLOBAL SYMBOLS: SORTED ALPHABETICALLY BY Name 

address   name                    
-------   ----                    
000008fd  C$$EXIT                 
00000755  ConfigureUART           
00000981  Delay                   
00000a0f  ResetISR                
UNDEFED   SHT$$INIT_ARRAY$$Base   
UNDEFED   SHT$$INIT_ARRAY$$Limit  
00000a15  UARTClockSourceSet      
000007b9  UARTStdioConfig         
000009ad  UARTprintf              
0000026d  UARTvprintf             
000008b5  UARTwrite               
20000200  __STACK_END             
00000200  __STACK_SIZE            
20000200  __STACK_TOP             
00000a80  __TI_CINIT_Base         
00000a90  __TI_CINIT_Limit        
00000a68  __TI_Handler_Table_Base 
00000a74  __TI_Handler_Table_Limit
0000067d  __TI_auto_init          
20000208  __TI_cleanup_ptr        
000009f5  __TI_decompress_none    
00000a1b  __TI_decompress_rle24   
2000020c  __TI_dtors_ptr          
00000000  __TI_static_base__      
00000a03  __TI_zero_init          
000009c7  __aeabi_idiv0           
00000601  __aeabi_memclr          
00000601  __aeabi_memclr4         
00000601  __aeabi_memclr8         
00000565  __aeabi_memcpy          
00000565  __aeabi_memcpy4         
00000565  __aeabi_memcpy8         
00000603  __aeabi_memset          
00000603  __aeabi_memset4         
00000603  __aeabi_memset8         
00000941  __aeabi_uidiv           
00000941  __aeabi_uidivmod        
ffffffff  __binit__               
ffffffff  __c_args__              
20000000  __stack                 
000009c9  _args_main              
00000819  _c_int00                
20000200  _lock                   
000009ef  _nop                    
000009e7  _register_lock          
000009e1  _register_unlock        
00000a21  _system_pre_init        
20000204  _unlock                 
00000901  abort                   
ffffffff  binit                   
00000869  copy_in                 
00000909  exit                    
00000000  g_pfnVectors            
00000459  main                    
20000218  main_func_sp            
00000565  memcpy                  
00000609  memset                  


GLOBAL SYMBOLS: SORTED BY Symbol Address 

address   name                    
-------   ----                    
00000000  __TI_static_base__      
00000000  g_pfnVectors            
00000200  __STACK_SIZE            
0000026d  UARTvprintf             
00000459  main                    
00000565  __aeabi_memcpy          
00000565  __aeabi_memcpy4         
00000565  __aeabi_memcpy8         
00000565  memcpy                  
00000601  __aeabi_memclr          
00000601  __aeabi_memclr4         
00000601  __aeabi_memclr8         
00000603  __aeabi_memset          
00000603  __aeabi_memset4         
00000603  __aeabi_memset8         
00000609  memset                  
0000067d  __TI_auto_init          
00000755  ConfigureUART           
000007b9  UARTStdioConfig         
00000819  _c_int00                
00000869  copy_in                 
000008b5  UARTwrite               
000008fd  C$$EXIT                 
00000901  abort                   
00000909  exit                    
00000941  __aeabi_uidiv           
00000941  __aeabi_uidivmod        
00000981  Delay                   
000009ad  UARTprintf              
000009c7  __aeabi_idiv0           
000009c9  _args_main              
000009e1  _register_unlock        
000009e7  _register_lock          
000009ef  _nop                    
000009f5  __TI_decompress_none    
00000a03  __TI_zero_init          
00000a0f  ResetISR                
00000a15  UARTClockSourceSet      
00000a1b  __TI_decompress_rle24   
00000a21  _system_pre_init        
00000a68  __TI_Handler_Table_Base 
00000a74  __TI_Handler_Table_Limit
00000a80  __TI_CINIT_Base         
00000a90  __TI_CINIT_Limit        
20000000  __stack                 
20000200  __STACK_END             
20000200  __STACK_TOP             
20000200  _lock                   
20000204  _unlock                 
20000208  __TI_cleanup_ptr        
2000020c  __TI_dtors_ptr          
20000218  main_func_sp            
ffffffff  __binit__               
ffffffff  __c_args__              
ffffffff  binit                   
UNDEFED   SHT$$INIT_ARRAY$$Base   
UNDEFED   SHT$$INIT_ARRAY$$Limit  

[57 symbols]
