******************************************************************************
                  TI ARM Linker PC v5.2.5                      
******************************************************************************
>> Linked Fri Nov 20 19:21:45 2015

OUTPUT FILE NAME:   <lab3.out>
ENTRY POINT SYMBOL: "_c_int00"  address: 000006ed


MEMORY CONFIGURATION

         name            origin    length      used     unused   attr    fill
----------------------  --------  ---------  --------  --------  ----  --------
  FLASH                 00000000   00040000  000008c0  0003f740  R  X
  SRAM                  20000000   00008000  00000079  00007f87  RW X


SEGMENT ALLOCATION MAP

run origin  load origin   length   init length attrs members
----------  ----------- ---------- ----------- ----- -------
00000000    00000000    000008c0   000008c0    r-x
  00000000    00000000    0000026c   0000026c    r-- .intvecs
  0000026c    0000026c    00000634   00000634    r-x .text
  000008a0    000008a0    00000020   00000020    r-- .cinit
20000000    20000000    00000079   00000000    rw-
  20000000    20000000    00000064   00000000    rw- .stack
  20000064    20000064    00000015   00000000    rw- .data


SECTION ALLOCATION MAP

 output                                  attributes/
section   page    origin      length       input sections
--------  ----  ----------  ----------   ----------------
.intvecs   0    00000000    0000026c     
                  00000000    0000026c     tm4c123gh6pm_startup_ccs.obj (.intvecs)

.text      0    0000026c    00000634     
                  0000026c    00000132     driverlib.lib : gpio.obj (.text:GPIOPadConfigSet)
                  0000039e    00000002     --HOLE-- [fill = 0]
                  000003a0    000000f4                   : sysctl.obj (.text:SysCtlClockSet)
                  00000494    0000009c     rtsv7M4_T_le_v4SPD16_eabi.lib : memcpy_t2.obj (.text)
                  00000530    0000007a                                   : memset_t2.obj (.text)
                  000005aa    00000002     --HOLE-- [fill = 0]
                  000005ac    0000006c                                   : autoinit.obj (.text)
                  00000618    0000006a                                   : copy_decompress_rle.obj (.text)
                  00000682    00000002     --HOLE-- [fill = 0]
                  00000684    00000068     main.obj (.text)
                  000006ec    00000050     rtsv7M4_T_le_v4SPD16_eabi.lib : boot.obj (.text)
                  0000073c    0000004c                                   : cpy_tbl.obj (.text)
                  00000788    00000044                                   : exit.obj (.text)
                  000007cc    00000034     driverlib.lib : sysctl.obj (.text:SysCtlPeripheralEnable)
                  00000800    0000002a                   : gpio.obj (.text:GPIODirModeSet)
                  0000082a    00000018                   : gpio.obj (.text:GPIOPinTypeGPIOOutput)
                  00000842    00000002     --HOLE-- [fill = 0]
                  00000844    00000018     rtsv7M4_T_le_v4SPD16_eabi.lib : args_main.obj (.text)
                  0000085c    00000014                                   : _lock.obj (.text)
                  00000870    0000000e                                   : copy_decompress_none.obj (.text:decompress:none)
                  0000087e    0000000c     tm4c123gh6pm_startup_ccs.obj (.text)
                  0000088a    00000006     driverlib.lib : gpio.obj (.text:GPIOPinWrite)
                  00000890    00000006                   : sysctl.obj (.text:SysCtlDelay)
                  00000896    00000006     rtsv7M4_T_le_v4SPD16_eabi.lib : copy_decompress_rle.obj (.text:decompress:rle24)
                  0000089c    00000004                                   : pre_init.obj (.text)

.cinit     0    000008a0    00000020     
                  000008a0    00000010     (.cinit..data.load) [load image, compression = rle]
                  000008b0    00000008     (__TI_handler_table)
                  000008b8    00000008     (__TI_cinit_table)

.init_array 
*          0    00000000    00000000     UNINITIALIZED

.stack     0    20000000    00000064     UNINITIALIZED
                  20000000    00000064     --HOLE--

.data      0    20000064    00000015     UNINITIALIZED
                  20000064    00000008     rtsv7M4_T_le_v4SPD16_eabi.lib : _lock.obj (.data)
                  2000006c    00000008                                   : exit.obj (.data)
                  20000074    00000004                                   : stkdepth_vars.obj (.data)
                  20000078    00000001     main.obj (.data)

.TI.persistent 
*          0    20000064    00000000     UNINITIALIZED


LINKER GENERATED COPY TABLES

__TI_cinit_table @ 000008b8 records: 1, size/record: 8, table size: 8
	.data: load addr=000008a0, load size=00000010 bytes, run addr=20000064, run size=00000015 bytes, compression=rle


LINKER GENERATED HANDLER TABLE

__TI_handler_table @ 000008b0 records: 2, size/record: 4, table size: 8
	index: 0, handler: __TI_decompress_rle24
	index: 1, handler: __TI_decompress_none


GLOBAL SYMBOLS: SORTED ALPHABETICALLY BY Name 

address   name                    
-------   ----                    
00000789  C$$EXIT                 
00000801  GPIODirModeSet          
0000026d  GPIOPadConfigSet        
0000082b  GPIOPinTypeGPIOOutput   
0000088b  GPIOPinWrite            
0000087f  ResetISR                
UNDEFED   SHT$$INIT_ARRAY$$Base   
UNDEFED   SHT$$INIT_ARRAY$$Limit  
000003a1  SysCtlClockSet          
00000891  SysCtlDelay             
000007cd  SysCtlPeripheralEnable  
20000064  __STACK_END             
00000064  __STACK_SIZE            
20000200  __STACK_TOP             
000008b8  __TI_CINIT_Base         
000008c0  __TI_CINIT_Limit        
000008b0  __TI_Handler_Table_Base 
000008b8  __TI_Handler_Table_Limit
000005ad  __TI_auto_init          
2000006c  __TI_cleanup_ptr        
00000871  __TI_decompress_none    
00000897  __TI_decompress_rle24   
20000070  __TI_dtors_ptr          
00000000  __TI_static_base__      
00000531  __aeabi_memclr          
00000531  __aeabi_memclr4         
00000531  __aeabi_memclr8         
00000495  __aeabi_memcpy          
00000495  __aeabi_memcpy4         
00000495  __aeabi_memcpy8         
00000533  __aeabi_memset          
00000533  __aeabi_memset4         
00000533  __aeabi_memset8         
ffffffff  __binit__               
ffffffff  __c_args__              
20000000  __stack                 
00000845  _args_main              
000006ed  _c_int00                
20000064  _lock                   
0000086b  _nop                    
00000863  _register_lock          
0000085d  _register_unlock        
0000089d  _system_pre_init        
20000068  _unlock                 
0000078d  abort                   
ffffffff  binit                   
0000073d  copy_in                 
00000795  exit                    
00000000  g_pfnVectors            
00000685  main                    
20000074  main_func_sp            
00000495  memcpy                  
00000539  memset                  
20000078  ui8PinData              


GLOBAL SYMBOLS: SORTED BY Symbol Address 

address   name                    
-------   ----                    
00000000  __TI_static_base__      
00000000  g_pfnVectors            
00000064  __STACK_SIZE            
0000026d  GPIOPadConfigSet        
000003a1  SysCtlClockSet          
00000495  __aeabi_memcpy          
00000495  __aeabi_memcpy4         
00000495  __aeabi_memcpy8         
00000495  memcpy                  
00000531  __aeabi_memclr          
00000531  __aeabi_memclr4         
00000531  __aeabi_memclr8         
00000533  __aeabi_memset          
00000533  __aeabi_memset4         
00000533  __aeabi_memset8         
00000539  memset                  
000005ad  __TI_auto_init          
00000685  main                    
000006ed  _c_int00                
0000073d  copy_in                 
00000789  C$$EXIT                 
0000078d  abort                   
00000795  exit                    
000007cd  SysCtlPeripheralEnable  
00000801  GPIODirModeSet          
0000082b  GPIOPinTypeGPIOOutput   
00000845  _args_main              
0000085d  _register_unlock        
00000863  _register_lock          
0000086b  _nop                    
00000871  __TI_decompress_none    
0000087f  ResetISR                
0000088b  GPIOPinWrite            
00000891  SysCtlDelay             
00000897  __TI_decompress_rle24   
0000089d  _system_pre_init        
000008b0  __TI_Handler_Table_Base 
000008b8  __TI_CINIT_Base         
000008b8  __TI_Handler_Table_Limit
000008c0  __TI_CINIT_Limit        
20000000  __stack                 
20000064  __STACK_END             
20000064  _lock                   
20000068  _unlock                 
2000006c  __TI_cleanup_ptr        
20000070  __TI_dtors_ptr          
20000074  main_func_sp            
20000078  ui8PinData              
20000200  __STACK_TOP             
ffffffff  __binit__               
ffffffff  __c_args__              
ffffffff  binit                   
UNDEFED   SHT$$INIT_ARRAY$$Base   
UNDEFED   SHT$$INIT_ARRAY$$Limit  

[54 symbols]
