******************************************************************************
                  TI ARM Linker PC v5.2.5                      
******************************************************************************
>> Linked Sun Nov 22 16:56:14 2015

OUTPUT FILE NAME:   <light_isl29023.out>
ENTRY POINT SYMBOL: "_c_int00"  address: 00000cf1


MEMORY CONFIGURATION

         name            origin    length      used     unused   attr    fill
----------------------  --------  ---------  --------  --------  ----  --------
  FLASH                 00000000   00040000  00001350  0003ecb0  R  X
  SRAM                  20000000   00008000  0000056c  00007a94  RW X


SEGMENT ALLOCATION MAP

run origin  load origin   length   init length attrs members
----------  ----------- ---------- ----------- ----- -------
00000000    00000000    00001350   00001350    r-x
  00000000    00000000    0000026c   0000026c    r-- .intvecs
  0000026c    0000026c    00000fa0   00000fa0    r-x .text
  0000120c    0000120c    0000010c   0000010c    r-- .const
  00001318    00001318    00000038   00000038    r-- .cinit
20000000    20000000    0000056c   00000000    rw-
  20000000    20000000    00000400   00000000    rw- .stack
  20000400    20000400    00000158   00000000    rw- .bss
  20000558    20000558    00000014   00000000    rw- .data


SECTION ALLOCATION MAP

 output                                  attributes/
section   page    origin      length       input sections
--------  ----  ----------  ----------   ----------------
.intvecs   0    00000000    0000026c     
                  00000000    0000026c     startup_ccs.obj (.intvecs)

.text      0    0000026c    00000fa0     
                  0000026c    00000132     driverlib.lib : gpio.obj (.text:GPIOPadConfigSet)
                  0000039e    00000002     startup_ccs.obj (.text:FaultISR)
                  000003a0    00000110     driverlib.lib : sysctl.obj (.text:SysCtlClockGet)
                  000004b0    000000f2     sensorlib.lib : i2cm_drv.obj (.text:I2CMIntHandler)
                  000005a2    00000002     light_isl29023.obj (.text:ISL29023AppErrorHandler)
                  000005a4    000000e4     light_isl29023.obj (.text:main)
                  00000688    0000009c     rtsv7M4_T_le_v4SPD16_eabi.lib : memcpy_t2.obj (.text)
                  00000724    00000098     sensorlib.lib : i2cm_drv.obj (.text:I2CMStateIdle)
                  000007bc    00000088                   : i2cm_drv.obj (.text:I2CMCommand)
                  00000844    0000007a     rtsv7M4_T_le_v4SPD16_eabi.lib : memset_t2.obj (.text)
                  000008be    00000002     startup_ccs.obj (.text:IntDefaultHandler)
                  000008c0    00000070     sensorlib.lib : i2cm_drv.obj (.text:I2CMReadModifyWrite8)
                  00000930    0000006c     rtsv7M4_T_le_v4SPD16_eabi.lib : autoinit.obj (.text)
                  0000099c    0000006a                                   : copy_decompress_rle.obj (.text)
                  00000a06    00000002     startup_ccs.obj (.text:NmiSR)
                  00000a08    00000068     driverlib.lib : interrupt.obj (.text:IntDisable)
                  00000a70    00000068                   : interrupt.obj (.text:IntEnable)
                  00000ad8    00000064                   : interrupt.obj (.text:IntIsEnabled)
                  00000b3c    00000060     sensorlib.lib : i2cm_drv.obj (.text:I2CMReadModifyWrite8Callback)
                  00000b9c    0000005e                   : i2cm_drv.obj (.text:I2CMStateWritePause)
                  00000bfa    00000002     --HOLE-- [fill = 0]
                  00000bfc    00000054                   : isl29023.obj (.text:ISL29023Init)
                  00000c50    00000050                   : i2cm_drv.obj (.text:I2CMStateWriteFinal)
                  00000ca0    00000050                   : isl29023.obj (.text:ISL29023DataRead)
                  00000cf0    00000050     rtsv7M4_T_le_v4SPD16_eabi.lib : boot.obj (.text)
                  00000d40    0000004c     driverlib.lib : i2c.obj (.text:I2CMasterInitExpClk)
                  00000d8c    0000004c     sensorlib.lib : isl29023.obj (.text:ISL29023ReadModifyWrite)
                  00000dd8    0000004c     rtsv7M4_T_le_v4SPD16_eabi.lib : cpy_tbl.obj (.text)
                  00000e24    0000004a     sensorlib.lib : i2cm_drv.obj (.text:I2CMStateReadNext)
                  00000e6e    00000048                   : i2cm_drv.obj (.text:I2CMStateWriteNext)
                  00000eb6    00000002     --HOLE-- [fill = 0]
                  00000eb8    00000048                   : isl29023.obj (.text:ISL29023DataLightVisibleGetFloat)
                  00000f00    00000044                   : i2cm_drv.obj (.text:I2CMStateCallback)
                  00000f44    00000044     rtsv7M4_T_le_v4SPD16_eabi.lib : exit.obj (.text)
                  00000f88    00000040     sensorlib.lib : i2cm_drv.obj (.text:I2CMStateReadFinal)
                  00000fc8    00000040                   : isl29023.obj (.text:ISL29023Callback)
                  00001008    0000003e                   : i2cm_drv.obj (.text:I2CMStateReadPause)
                  00001046    00000034                   : i2cm_drv.obj (.text:I2CMInit)
                  0000107a    0000002a     driverlib.lib : gpio.obj (.text:GPIODirModeSet)
                  000010a4    0000002a     sensorlib.lib : i2cm_drv.obj (.text:I2CMStateReadFirst)
                  000010ce    00000002     --HOLE-- [fill = 0]
                  000010d0    00000028     light_isl29023.obj (.text:ISL29023AppI2CWait)
                  000010f8    00000020     sensorlib.lib : i2cm_drv.obj (.text:I2CMStateReadOne)
                  00001118    0000001a                   : i2cm_drv.obj (.text:I2CMStateReadWait)
                  00001132    00000002     --HOLE-- [fill = 0]
                  00001134    00000018     light_isl29023.obj (.text:ISL29023AppCallback)
                  0000114c    00000018     rtsv7M4_T_le_v4SPD16_eabi.lib : args_main.obj (.text)
                  00001164    00000014                                   : _lock.obj (.text)
                  00001178    00000012     driverlib.lib : gpio.obj (.text:GPIOPinTypeI2CSCL)
                  0000118a    0000000e     rtsv7M4_T_le_v4SPD16_eabi.lib : copy_decompress_none.obj (.text:decompress:none)
                  00001198    0000000c     sensorlib.lib : isl29023.obj (.text:ISL29023DataLightVisibleGetRaw)
                  000011a4    0000000c     light_isl29023.obj (.text:ISL29023I2CIntHandler)
                  000011b0    0000000c     driverlib.lib : interrupt.obj (.text:IntTrigger)
                  000011bc    0000000c     rtsv7M4_T_le_v4SPD16_eabi.lib : copy_zero_init.obj (.text:decompress:ZI)
                  000011c8    0000000a     driverlib.lib : i2c.obj (.text:I2CMasterEnable)
                  000011d2    00000008                   : i2c.obj (.text:I2CMasterIntClear)
                  000011da    00000008                   : i2c.obj (.text:I2CMasterIntEnableEx)
                  000011e2    00000008                   : i2c.obj (.text:I2CMasterSlaveAddrSet)
                  000011ea    00000006     startup_ccs.obj (.text:ResetISR)
                  000011f0    00000006     driverlib.lib : sysctl.obj (.text:SysCtlDelay)
                  000011f6    00000006     rtsv7M4_T_le_v4SPD16_eabi.lib : copy_decompress_rle.obj (.text:decompress:rle24)
                  000011fc    00000004     driverlib.lib : i2c.obj (.text:I2CMasterControl)
                  00001200    00000004                   : i2c.obj (.text:I2CMasterDataGet)
                  00001204    00000004                   : i2c.obj (.text:I2CMasterDataPut)
                  00001208    00000004     rtsv7M4_T_le_v4SPD16_eabi.lib : pre_init.obj (.text)

.const     0    0000120c    0000010c     
                  0000120c    00000070     driverlib.lib : interrupt.obj (.const)
                  0000127c    0000006c                   : sysctl.obj (.const:g_pui32Xtals)
                  000012e8    00000030     sensorlib.lib : isl29023.obj (.const)

.cinit     0    00001318    00000038     
                  00001318    0000000f     (.cinit..data.load) [load image, compression = rle]
                  00001327    00000001     --HOLE-- [fill = 0]
                  00001328    0000000c     (__TI_handler_table)
                  00001334    00000004     --HOLE-- [fill = 0]
                  00001338    00000008     (.cinit..bss.load) [load image, compression = zero_init]
                  00001340    00000010     (__TI_cinit_table)

.init_array 
*          0    00000000    00000000     UNINITIALIZED

.stack     0    20000000    00000400     UNINITIALIZED
                  20000000    00000400     --HOLE--

.bss       0    20000400    00000158     UNINITIALIZED
                  20000400    00000124     light_isl29023.obj (.bss:g_sI2CInst)
                  20000524    0000002c     light_isl29023.obj (.bss:g_sISL29023Inst)
                  20000550    00000004     (.common:g_vui8DataFlag)
                  20000554    00000004     (.common:g_vui8ErrorFlag)

.TI.noinit 
*          0    20000400    00000000     UNINITIALIZED

.data      0    20000558    00000014     UNINITIALIZED
                  20000558    00000008     rtsv7M4_T_le_v4SPD16_eabi.lib : _lock.obj (.data)
                  20000560    00000008                                   : exit.obj (.data)
                  20000568    00000004                                   : stkdepth_vars.obj (.data)

.TI.persistent 
*          0    20000558    00000000     UNINITIALIZED


LINKER GENERATED COPY TABLES

__TI_cinit_table @ 00001340 records: 2, size/record: 8, table size: 16
	.data: load addr=00001318, load size=0000000f bytes, run addr=20000558, run size=00000014 bytes, compression=rle
	.bss: load addr=00001338, load size=00000008 bytes, run addr=20000400, run size=00000158 bytes, compression=zero_init


LINKER GENERATED HANDLER TABLE

__TI_handler_table @ 00001328 records: 3, size/record: 4, table size: 12
	index: 0, handler: __TI_decompress_rle24
	index: 1, handler: __TI_decompress_none
	index: 2, handler: __TI_zero_init


GLOBAL SYMBOLS: SORTED ALPHABETICALLY BY Name 

address   name                            
-------   ----                            
00000f45  C$$EXIT                         
0000107b  GPIODirModeSet                  
0000026d  GPIOPadConfigSet                
00001179  GPIOPinTypeI2CSCL               
000007bd  I2CMCommand                     
00001047  I2CMInit                        
000004b1  I2CMIntHandler                  
000008c1  I2CMReadModifyWrite8            
000011fd  I2CMasterControl                
00001201  I2CMasterDataGet                
00001205  I2CMasterDataPut                
000011c9  I2CMasterEnable                 
00000d41  I2CMasterInitExpClk             
000011d3  I2CMasterIntClear               
000011db  I2CMasterIntEnableEx            
000011e3  I2CMasterSlaveAddrSet           
00001135  ISL29023AppCallback             
000005a3  ISL29023AppErrorHandler         
000010d1  ISL29023AppI2CWait              
00000eb9  ISL29023DataLightVisibleGetFloat
00001199  ISL29023DataLightVisibleGetRaw  
00000ca1  ISL29023DataRead                
000011a5  ISL29023I2CIntHandler           
00000bfd  ISL29023Init                    
00000d8d  ISL29023ReadModifyWrite         
00000a09  IntDisable                      
00000a71  IntEnable                       
00000ad9  IntIsEnabled                    
000011b1  IntTrigger                      
000011eb  ResetISR                        
UNDEFED   SHT$$INIT_ARRAY$$Base           
UNDEFED   SHT$$INIT_ARRAY$$Limit          
000003a1  SysCtlClockGet                  
000011f1  SysCtlDelay                     
20000400  __STACK_END                     
00000400  __STACK_SIZE                    
20000400  __STACK_TOP                     
00001340  __TI_CINIT_Base                 
00001350  __TI_CINIT_Limit                
00001328  __TI_Handler_Table_Base         
00001334  __TI_Handler_Table_Limit        
00000931  __TI_auto_init                  
20000560  __TI_cleanup_ptr                
0000118b  __TI_decompress_none            
000011f7  __TI_decompress_rle24           
20000564  __TI_dtors_ptr                  
00000000  __TI_static_base__              
000011bd  __TI_zero_init                  
00000845  __aeabi_memclr                  
00000845  __aeabi_memclr4                 
00000845  __aeabi_memclr8                 
00000689  __aeabi_memcpy                  
00000689  __aeabi_memcpy4                 
00000689  __aeabi_memcpy8                 
00000847  __aeabi_memset                  
00000847  __aeabi_memset4                 
00000847  __aeabi_memset8                 
ffffffff  __binit__                       
ffffffff  __c_args__                      
20000000  __stack                         
0000114d  _args_main                      
00000cf1  _c_int00                        
20000558  _lock                           
00001173  _nop                            
0000116b  _register_lock                  
00001165  _register_unlock                
00001209  _system_pre_init                
2000055c  _unlock                         
00000f49  abort                           
ffffffff  binit                           
00000dd9  copy_in                         
00000f51  exit                            
00001308  g_fBetaLookup                   
000012e8  g_fRangeLookup                  
000012f8  g_fResolutionLookup             
00000000  g_pfnVectors                    
20000400  g_sI2CInst                      
20000524  g_sISL29023Inst                 
20000550  g_vui8DataFlag                  
20000554  g_vui8ErrorFlag                 
000005a5  main                            
20000568  main_func_sp                    
00000689  memcpy                          
0000084d  memset                          


GLOBAL SYMBOLS: SORTED BY Symbol Address 

address   name                            
-------   ----                            
00000000  __TI_static_base__              
00000000  g_pfnVectors                    
0000026d  GPIOPadConfigSet                
000003a1  SysCtlClockGet                  
00000400  __STACK_SIZE                    
000004b1  I2CMIntHandler                  
000005a3  ISL29023AppErrorHandler         
000005a5  main                            
00000689  __aeabi_memcpy                  
00000689  __aeabi_memcpy4                 
00000689  __aeabi_memcpy8                 
00000689  memcpy                          
000007bd  I2CMCommand                     
00000845  __aeabi_memclr                  
00000845  __aeabi_memclr4                 
00000845  __aeabi_memclr8                 
00000847  __aeabi_memset                  
00000847  __aeabi_memset4                 
00000847  __aeabi_memset8                 
0000084d  memset                          
000008c1  I2CMReadModifyWrite8            
00000931  __TI_auto_init                  
00000a09  IntDisable                      
00000a71  IntEnable                       
00000ad9  IntIsEnabled                    
00000bfd  ISL29023Init                    
00000ca1  ISL29023DataRead                
00000cf1  _c_int00                        
00000d41  I2CMasterInitExpClk             
00000d8d  ISL29023ReadModifyWrite         
00000dd9  copy_in                         
00000eb9  ISL29023DataLightVisibleGetFloat
00000f45  C$$EXIT                         
00000f49  abort                           
00000f51  exit                            
00001047  I2CMInit                        
0000107b  GPIODirModeSet                  
000010d1  ISL29023AppI2CWait              
00001135  ISL29023AppCallback             
0000114d  _args_main                      
00001165  _register_unlock                
0000116b  _register_lock                  
00001173  _nop                            
00001179  GPIOPinTypeI2CSCL               
0000118b  __TI_decompress_none            
00001199  ISL29023DataLightVisibleGetRaw  
000011a5  ISL29023I2CIntHandler           
000011b1  IntTrigger                      
000011bd  __TI_zero_init                  
000011c9  I2CMasterEnable                 
000011d3  I2CMasterIntClear               
000011db  I2CMasterIntEnableEx            
000011e3  I2CMasterSlaveAddrSet           
000011eb  ResetISR                        
000011f1  SysCtlDelay                     
000011f7  __TI_decompress_rle24           
000011fd  I2CMasterControl                
00001201  I2CMasterDataGet                
00001205  I2CMasterDataPut                
00001209  _system_pre_init                
000012e8  g_fRangeLookup                  
000012f8  g_fResolutionLookup             
00001308  g_fBetaLookup                   
00001328  __TI_Handler_Table_Base         
00001334  __TI_Handler_Table_Limit        
00001340  __TI_CINIT_Base                 
00001350  __TI_CINIT_Limit                
20000000  __stack                         
20000400  __STACK_END                     
20000400  __STACK_TOP                     
20000400  g_sI2CInst                      
20000524  g_sISL29023Inst                 
20000550  g_vui8DataFlag                  
20000554  g_vui8ErrorFlag                 
20000558  _lock                           
2000055c  _unlock                         
20000560  __TI_cleanup_ptr                
20000564  __TI_dtors_ptr                  
20000568  main_func_sp                    
ffffffff  __binit__                       
ffffffff  __c_args__                      
ffffffff  binit                           
UNDEFED   SHT$$INIT_ARRAY$$Base           
UNDEFED   SHT$$INIT_ARRAY$$Limit          

[84 symbols]
