******************************************************************************
                  TI ARM Linker PC v5.2.5                      
******************************************************************************
>> Linked Sat Nov 21 02:22:17 2015

OUTPUT FILE NAME:   <lab8.out>
ENTRY POINT SYMBOL: "_c_int00"  address: 00000901


MEMORY CONFIGURATION

         name            origin    length      used     unused   attr    fill
----------------------  --------  ---------  --------  --------  ----  --------
  FLASH                 00000000   00040000  00000bfc  0003f404  R  X
  SRAM                  20000000   00008000  00000078  00007f88  RW X


SEGMENT ALLOCATION MAP

run origin  load origin   length   init length attrs members
----------  ----------- ---------- ----------- ----- -------
00000000    00000000    00000c00   00000c00    r-x
  00000000    00000000    0000026c   0000026c    r-- .intvecs
  0000026c    0000026c    00000970   00000970    r-x .text
  00000be0    00000be0    00000020   00000020    r-- .cinit
20000000    20000000    00000078   00000000    rw-
  20000000    20000000    00000064   00000000    rw- .stack
  20000064    20000064    00000014   00000000    rw- .data


SECTION ALLOCATION MAP

 output                                  attributes/
section   page    origin      length       input sections
--------  ----  ----------  ----------   ----------------
.intvecs   0    00000000    0000026c     
                  00000000    0000026c     tm4c123gh6pm_startup_ccs.obj (.intvecs)

.text      0    0000026c    00000970     
                  0000026c    00000132     driverlib.lib : gpio.obj (.text:GPIOPadConfigSet)
                  0000039e    00000002     --HOLE-- [fill = 0]
                  000003a0    000000f4                   : sysctl.obj (.text:SysCtlClockSet)
                  00000494    000000c4                   : eeprom.obj (.text:EEPROMProgram)
                  00000558    000000ac     main.obj (.text)
                  00000604    0000009c     rtsv7M4_T_le_v4SPD16_eabi.lib : memcpy_t2.obj (.text)
                  000006a0    0000007a                                   : memset_t2.obj (.text)
                  0000071a    00000002     --HOLE-- [fill = 0]
                  0000071c    0000006c                                   : autoinit.obj (.text)
                  00000788    0000006a                                   : copy_decompress_rle.obj (.text)
                  000007f2    00000002     --HOLE-- [fill = 0]
                  000007f4    00000068     driverlib.lib : flash.obj (.text:FlashProgram)
                  0000085c    00000054                   : eeprom.obj (.text:EEPROMMassErase)
                  000008b0    00000050                   : sysctl.obj (.text:SysCtlPeripheralReset)
                  00000900    00000050     rtsv7M4_T_le_v4SPD16_eabi.lib : boot.obj (.text)
                  00000950    0000004c                                   : cpy_tbl.obj (.text)
                  0000099c    00000044                                   : exit.obj (.text)
                  000009e0    00000040     driverlib.lib : eeprom.obj (.text:EEPROMInit)
                  00000a20    0000003c                   : eeprom.obj (.text:_EEPROMSectorMaskSet)
                  00000a5c    00000038                   : eeprom.obj (.text:EEPROMRead)
                  00000a94    00000034                   : sysctl.obj (.text:SysCtlPeripheralEnable)
                  00000ac8    00000034                   : eeprom.obj (.text:_EEPROMSectorMaskClear)
                  00000afc    00000030                   : flash.obj (.text:FlashErase)
                  00000b2c    0000002a                   : gpio.obj (.text:GPIODirModeSet)
                  00000b56    00000018                   : gpio.obj (.text:GPIOPinTypeGPIOOutput)
                  00000b6e    00000002     --HOLE-- [fill = 0]
                  00000b70    00000018     rtsv7M4_T_le_v4SPD16_eabi.lib : args_main.obj (.text)
                  00000b88    00000014                                   : _lock.obj (.text)
                  00000b9c    00000010     driverlib.lib : eeprom.obj (.text:_EEPROMWaitForDone)
                  00000bac    0000000e     rtsv7M4_T_le_v4SPD16_eabi.lib : copy_decompress_none.obj (.text:decompress:none)
                  00000bba    0000000c     tm4c123gh6pm_startup_ccs.obj (.text)
                  00000bc6    00000006     driverlib.lib : gpio.obj (.text:GPIOPinWrite)
                  00000bcc    00000006                   : sysctl.obj (.text:SysCtlDelay)
                  00000bd2    00000006     rtsv7M4_T_le_v4SPD16_eabi.lib : copy_decompress_rle.obj (.text:decompress:rle24)
                  00000bd8    00000004                                   : pre_init.obj (.text)

.cinit     0    00000be0    00000020     
                  00000be0    0000000f     (.cinit..data.load) [load image, compression = rle]
                  00000bef    00000001     --HOLE-- [fill = 0]
                  00000bf0    00000008     (__TI_handler_table)
                  00000bf8    00000008     (__TI_cinit_table)

.init_array 
*          0    00000000    00000000     UNINITIALIZED

.stack     0    20000000    00000064     UNINITIALIZED
                  20000000    00000064     --HOLE--

.data      0    20000064    00000014     UNINITIALIZED
                  20000064    00000008     rtsv7M4_T_le_v4SPD16_eabi.lib : _lock.obj (.data)
                  2000006c    00000008                                   : exit.obj (.data)
                  20000074    00000004                                   : stkdepth_vars.obj (.data)

.TI.persistent 
*          0    20000064    00000000     UNINITIALIZED


LINKER GENERATED COPY TABLES

__TI_cinit_table @ 00000bf8 records: 1, size/record: 8, table size: 8
	.data: load addr=00000be0, load size=0000000f bytes, run addr=20000064, run size=00000014 bytes, compression=rle


LINKER GENERATED HANDLER TABLE

__TI_handler_table @ 00000bf0 records: 2, size/record: 4, table size: 8
	index: 0, handler: __TI_decompress_rle24
	index: 1, handler: __TI_decompress_none


GLOBAL SYMBOLS: SORTED ALPHABETICALLY BY Name 

address   name                    
-------   ----                    
0000099d  C$$EXIT                 
000009e1  EEPROMInit              
0000085d  EEPROMMassErase         
00000495  EEPROMProgram           
00000a5d  EEPROMRead              
00000afd  FlashErase              
000007f5  FlashProgram            
00000b2d  GPIODirModeSet          
0000026d  GPIOPadConfigSet        
00000b57  GPIOPinTypeGPIOOutput   
00000bc7  GPIOPinWrite            
00000bbb  ResetISR                
UNDEFED   SHT$$INIT_ARRAY$$Base   
UNDEFED   SHT$$INIT_ARRAY$$Limit  
000003a1  SysCtlClockSet          
00000bcd  SysCtlDelay             
00000a95  SysCtlPeripheralEnable  
000008b1  SysCtlPeripheralReset   
20000064  __STACK_END             
00000064  __STACK_SIZE            
20000200  __STACK_TOP             
00000bf8  __TI_CINIT_Base         
00000c00  __TI_CINIT_Limit        
00000bf0  __TI_Handler_Table_Base 
00000bf8  __TI_Handler_Table_Limit
0000071d  __TI_auto_init          
2000006c  __TI_cleanup_ptr        
00000bad  __TI_decompress_none    
00000bd3  __TI_decompress_rle24   
20000070  __TI_dtors_ptr          
00000000  __TI_static_base__      
000006a1  __aeabi_memclr          
000006a1  __aeabi_memclr4         
000006a1  __aeabi_memclr8         
00000605  __aeabi_memcpy          
00000605  __aeabi_memcpy4         
00000605  __aeabi_memcpy8         
000006a3  __aeabi_memset          
000006a3  __aeabi_memset4         
000006a3  __aeabi_memset8         
ffffffff  __binit__               
ffffffff  __c_args__              
20000000  __stack                 
00000b71  _args_main              
00000901  _c_int00                
20000064  _lock                   
00000b97  _nop                    
00000b8f  _register_lock          
00000b89  _register_unlock        
00000bd9  _system_pre_init        
20000068  _unlock                 
000009a1  abort                   
ffffffff  binit                   
00000951  copy_in                 
000009a9  exit                    
00000000  g_pfnVectors            
00000559  main                    
20000074  main_func_sp            
00000605  memcpy                  
000006a9  memset                  


GLOBAL SYMBOLS: SORTED BY Symbol Address 

address   name                    
-------   ----                    
00000000  __TI_static_base__      
00000000  g_pfnVectors            
00000064  __STACK_SIZE            
0000026d  GPIOPadConfigSet        
000003a1  SysCtlClockSet          
00000495  EEPROMProgram           
00000559  main                    
00000605  __aeabi_memcpy          
00000605  __aeabi_memcpy4         
00000605  __aeabi_memcpy8         
00000605  memcpy                  
000006a1  __aeabi_memclr          
000006a1  __aeabi_memclr4         
000006a1  __aeabi_memclr8         
000006a3  __aeabi_memset          
000006a3  __aeabi_memset4         
000006a3  __aeabi_memset8         
000006a9  memset                  
0000071d  __TI_auto_init          
000007f5  FlashProgram            
0000085d  EEPROMMassErase         
000008b1  SysCtlPeripheralReset   
00000901  _c_int00                
00000951  copy_in                 
0000099d  C$$EXIT                 
000009a1  abort                   
000009a9  exit                    
000009e1  EEPROMInit              
00000a5d  EEPROMRead              
00000a95  SysCtlPeripheralEnable  
00000afd  FlashErase              
00000b2d  GPIODirModeSet          
00000b57  GPIOPinTypeGPIOOutput   
00000b71  _args_main              
00000b89  _register_unlock        
00000b8f  _register_lock          
00000b97  _nop                    
00000bad  __TI_decompress_none    
00000bbb  ResetISR                
00000bc7  GPIOPinWrite            
00000bcd  SysCtlDelay             
00000bd3  __TI_decompress_rle24   
00000bd9  _system_pre_init        
00000bf0  __TI_Handler_Table_Base 
00000bf8  __TI_CINIT_Base         
00000bf8  __TI_Handler_Table_Limit
00000c00  __TI_CINIT_Limit        
20000000  __stack                 
20000064  __STACK_END             
20000064  _lock                   
20000068  _unlock                 
2000006c  __TI_cleanup_ptr        
20000070  __TI_dtors_ptr          
20000074  main_func_sp            
20000200  __STACK_TOP             
ffffffff  __binit__               
ffffffff  __c_args__              
ffffffff  binit                   
UNDEFED   SHT$$INIT_ARRAY$$Base   
UNDEFED   SHT$$INIT_ARRAY$$Limit  

[60 symbols]
