******************************************************************************
                  TI ARM Linker PC v5.2.5                      
******************************************************************************
>> Linked Sun Nov 22 14:57:44 2015

OUTPUT FILE NAME:   <lab10.out>
ENTRY POINT SYMBOL: "_c_int00"  address: 000076f5


MEMORY CONFIGURATION

         name            origin    length      used     unused   attr    fill
----------------------  --------  ---------  --------  --------  ----  --------
  FLASH                 00000000   00040000  00007a42  000385be  R  X
  SRAM                  20000000   00008000  00000498  00007b68  RW X


SEGMENT ALLOCATION MAP

run origin  load origin   length   init length attrs members
----------  ----------- ---------- ----------- ----- -------
00000000    00000000    00007a48   00007a48    r-x
  00000000    00000000    0000026c   0000026c    r-- .intvecs
  0000026c    0000026c    00005468   00005468    r-- .const
  000056d4    000056d4    0000232e   0000232e    r-x .text
  00007a08    00007a08    00000040   00000040    r-- .cinit
20000000    20000000    00000498   00000000    rw-
  20000000    20000000    00000400   00000000    rw- .stack
  20000400    20000400    00000078   00000000    rw- .bss
  20000478    20000478    00000020   00000000    rw- .data


SECTION ALLOCATION MAP

 output                                  attributes/
section   page    origin      length       input sections
--------  ----  ----------  ----------   ----------------
.intvecs   0    00000000    0000026c     
                  00000000    0000026c     tm4c123gh6pm_startup_ccs.obj (.intvecs)

.const     0    0000026c    00005468     
                  0000026c    0000531c     pic.obj (.const:.string:g_pui8Image)
                  00005588    00000070     driverlib.lib : interrupt.obj (.const)
                  000055f8    0000006c                   : sysctl.obj (.const:g_pui32Xtals)
                  00005664    00000038     touch.obj (.const:g_lTouchParameters)
                  0000569c    00000028     Kentec320x240x16_ssd2119_8bit.obj (.const:g_sKentec320x240x16_SSD2119)
                  000056c4    00000010     grlib.lib : context.obj (.const)

.text      0    000056d4    0000232e     
                  000056d4    00000988     Kentec320x240x16_ssd2119_8bit.obj (.text)
                  0000605c    00000460     touch.obj (.text)
                  000064bc    00000370     grlib.lib : image.obj (.text:InternalImageDraw)
                  0000682c    000002e4               : image.obj (.text:PixelTransparentDraw)
                  00006b10    00000256               : string.obj (.text:GrFontGlyphRender)
                  00006d66    00000132     driverlib.lib : gpio.obj (.text:GPIOPadConfigSet)
                  00006e98    00000110                   : sysctl.obj (.text:SysCtlClockGet)
                  00006fa8    000000f4                   : sysctl.obj (.text:SysCtlClockSet)
                  0000709c    000000c4     grlib.lib : string.obj (.text:GrDefaultStringRenderer)
                  00007160    000000c0     main.obj (.text)
                  00007220    0000009c     rtsv7M4_T_le_v4SPD16_eabi.lib : memcpy_t2.obj (.text)
                  000072bc    00000086     grlib.lib : rectangle.obj (.text:GrRectFill)
                  00007342    0000007a     driverlib.lib : adc.obj (.text:ADCSequenceStepConfigure)
                  000073bc    0000007a     rtsv7M4_T_le_v4SPD16_eabi.lib : memset_t2.obj (.text)
                  00007436    00000002     --HOLE-- [fill = 0]
                  00007438    0000006c                                   : autoinit.obj (.text)
                  000074a4    0000006a                                   : copy_decompress_rle.obj (.text)
                  0000750e    00000002     --HOLE-- [fill = 0]
                  00007510    00000068     grlib.lib : context.obj (.text:GrContextInit)
                  00007578    00000068     driverlib.lib : interrupt.obj (.text:IntEnable)
                  000075e0    00000060                   : timer.obj (.text:TimerConfigure)
                  00007640    0000005a     grlib.lib : string.obj (.text:FontWideGlyphDataGet)
                  0000769a    00000002     --HOLE-- [fill = 0]
                  0000769c    00000058     driverlib.lib : timer.obj (.text:TimerControlTrigger)
                  000076f4    00000050     rtsv7M4_T_le_v4SPD16_eabi.lib : boot.obj (.text)
                  00007744    0000004c                                   : cpy_tbl.obj (.text)
                  00007790    00000044                                   : exit.obj (.text)
                  000077d4    0000003e     driverlib.lib : adc.obj (.text:ADCSequenceConfigure)
                  00007812    0000003a     grlib.lib : string.obj (.text:FontGlyphDataGet)
                  0000784c    00000034     driverlib.lib : sysctl.obj (.text:SysCtlPeripheralEnable)
                  00007880    0000002e     grlib.lib : string.obj (.text:GrStringNextCharGet)
                  000078ae    0000002a     driverlib.lib : gpio.obj (.text:GPIODirModeSet)
                  000078d8    00000026     grlib.lib : string.obj (.text:GrFontInfoGet)
                  000078fe    00000022               : string.obj (.text:GrFontGlyphDataGet)
                  00007920    00000018     driverlib.lib : gpio.obj (.text:GPIOPinTypeGPIOOutput)
                  00007938    00000018     rtsv7M4_T_le_v4SPD16_eabi.lib : args_main.obj (.text)
                  00007950    00000014                                   : _lock.obj (.text)
                  00007964    00000012     driverlib.lib : timer.obj (.text:TimerLoadSet)
                  00007976    00000010                   : adc.obj (.text:ADCIntEnable)
                  00007986    0000000e                   : adc.obj (.text:ADCHardwareOversampleConfigure)
                  00007994    0000000e                   : adc.obj (.text:ADCSequenceEnable)
                  000079a2    0000000e     grlib.lib : image.obj (.text:GrImageDraw)
                  000079b0    0000000e     driverlib.lib : timer.obj (.text:TimerEnable)
                  000079be    0000000e     rtsv7M4_T_le_v4SPD16_eabi.lib : copy_decompress_none.obj (.text:decompress:none)
                  000079cc    0000000c                                   : copy_zero_init.obj (.text:decompress:ZI)
                  000079d8    0000000c     tm4c123gh6pm_startup_ccs.obj (.text)
                  000079e4    00000008     grlib.lib : charmap.obj (.text:GrMapISO8859_1_Unicode)
                  000079ec    00000006     driverlib.lib : gpio.obj (.text:GPIOPinWrite)
                  000079f2    00000006                   : sysctl.obj (.text:SysCtlDelay)
                  000079f8    00000006     rtsv7M4_T_le_v4SPD16_eabi.lib : copy_decompress_rle.obj (.text:decompress:rle24)
                  000079fe    00000004                                   : pre_init.obj (.text)

.cinit     0    00007a08    00000040     
                  00007a08    0000001b     (.cinit..data.load) [load image, compression = rle]
                  00007a23    00000001     --HOLE-- [fill = 0]
                  00007a24    0000000c     (__TI_handler_table)
                  00007a30    00000008     (.cinit..bss.load) [load image, compression = zero_init]
                  00007a38    00000010     (__TI_cinit_table)

.init_array 
*          0    00000000    00000000     UNINITIALIZED

.stack     0    20000000    00000400     UNINITIALIZED
                  20000000    00000400     --HOLE--

.bss       0    20000400    00000078     UNINITIALIZED
                  20000400    0000002c     main.obj (.bss:sContext)
                  2000042c    00000020     (.common:g_pui8Dictionary)
                  2000044c    00000010     (.common:g_psSamples)
                  2000045c    00000008     (.common:sRect)
                  20000464    00000004     (.common:g_pfnTSHandler)
                  20000468    00000004     (.common:g_plParmSet)
                  2000046c    00000004     (.common:g_psGrLibDefaults)
                  20000470    00000004     (.common:g_ulTSState)
                  20000474    00000002     (.common:g_sTouchX)
                  20000476    00000002     (.common:g_sTouchY)

.TI.noinit 
*          0    20000400    00000000     UNINITIALIZED

.data      0    20000478    00000020     UNINITIALIZED
                  20000478    00000008     Kentec320x240x16_ssd2119_8bit.obj (.data)
                  20000480    00000008     rtsv7M4_T_le_v4SPD16_eabi.lib : _lock.obj (.data)
                  20000488    00000008                                   : exit.obj (.data)
                  20000490    00000004                                   : stkdepth_vars.obj (.data)
                  20000494    00000004     touch.obj (.data)

.TI.persistent 
*          0    20000478    00000000     UNINITIALIZED


LINKER GENERATED COPY TABLES

__TI_cinit_table @ 00007a38 records: 2, size/record: 8, table size: 16
	.data: load addr=00007a08, load size=0000001b bytes, run addr=20000478, run size=00000020 bytes, compression=rle
	.bss: load addr=00007a30, load size=00000008 bytes, run addr=20000400, run size=00000078 bytes, compression=zero_init


LINKER GENERATED HANDLER TABLE

__TI_handler_table @ 00007a24 records: 3, size/record: 4, table size: 12
	index: 0, handler: __TI_decompress_rle24
	index: 1, handler: __TI_decompress_none
	index: 2, handler: __TI_zero_init


GLOBAL SYMBOLS: SORTED ALPHABETICALLY BY Name 

address   name                          
-------   ----                          
00007987  ADCHardwareOversampleConfigure
00007977  ADCIntEnable                  
000077d5  ADCSequenceConfigure          
00007995  ADCSequenceEnable             
00007343  ADCSequenceStepConfigure      
00007791  C$$EXIT                       
000071a9  ClrScreen                     
000078af  GPIODirModeSet                
00006d67  GPIOPadConfigSet              
00007921  GPIOPinTypeGPIOOutput         
000079ed  GPIOPinWrite                  
00007511  GrContextInit                 
0000709d  GrDefaultStringRenderer       
000078ff  GrFontGlyphDataGet            
00006b11  GrFontGlyphRender             
000078d9  GrFontInfoGet                 
000079a3  GrImageDraw                   
000079e5  GrMapISO8859_1_Unicode        
000072bd  GrRectFill                    
00007881  GrStringNextCharGet           
00007579  IntEnable                     
00005889  Kentec320x240x16_SSD2119Init  
000056ef  LED_OFF                       
000056d5  LED_ON                        
000079d9  ResetISR                      
UNDEFED   SHT$$INIT_ARRAY$$Base         
UNDEFED   SHT$$INIT_ARRAY$$Limit        
00006e99  SysCtlClockGet                
00006fa9  SysCtlClockSet                
000079f3  SysCtlDelay                   
0000784d  SysCtlPeripheralEnable        
000075e1  TimerConfigure                
0000769d  TimerControlTrigger           
000079b1  TimerEnable                   
00007965  TimerLoadSet                  
00006451  TouchScreenCallbackSet        
00006385  TouchScreenInit               
0000624f  TouchScreenIntHandler         
2000047c  WriteCommand                  
20000478  WriteData                     
20000400  __STACK_END                   
00000400  __STACK_SIZE                  
20000400  __STACK_TOP                   
00007a38  __TI_CINIT_Base               
00007a48  __TI_CINIT_Limit              
00007a24  __TI_Handler_Table_Base       
00007a30  __TI_Handler_Table_Limit      
00007439  __TI_auto_init                
20000488  __TI_cleanup_ptr              
000079bf  __TI_decompress_none          
000079f9  __TI_decompress_rle24         
2000048c  __TI_dtors_ptr                
00000000  __TI_static_base__            
000079cd  __TI_zero_init                
000073bd  __aeabi_memclr                
000073bd  __aeabi_memclr4               
000073bd  __aeabi_memclr8               
00007221  __aeabi_memcpy                
00007221  __aeabi_memcpy4               
00007221  __aeabi_memcpy8               
000073bf  __aeabi_memset                
000073bf  __aeabi_memset4               
000073bf  __aeabi_memset8               
ffffffff  __binit__                     
ffffffff  __c_args__                    
20000000  __stack                       
00007939  _args_main                    
000076f5  _c_int00                      
20000480  _lock                         
0000795f  _nop                          
00007957  _register_lock                
00007951  _register_unlock              
000079ff  _system_pre_init              
20000484  _unlock                       
00007795  abort                         
ffffffff  binit                         
00007745  copy_in                       
0000779d  exit                          
00005664  g_lTouchParameters            
00000000  g_pfnVectors                  
20000468  g_plParmSet                   
000056c4  g_psDefaultCodePointMapTable  
0000026c  g_pui8Image                   
0000569c  g_sKentec320x240x16_SSD2119   
20000494  g_sTouchMin                   
20000474  g_sTouchX                     
20000476  g_sTouchY                     
00007161  main                          
20000490  main_func_sp                  
00007221  memcpy                        
000073c5  memset                        
20000400  sContext                      
2000045c  sRect                         


GLOBAL SYMBOLS: SORTED BY Symbol Address 

address   name                          
-------   ----                          
00000000  __TI_static_base__            
00000000  g_pfnVectors                  
0000026c  g_pui8Image                   
00000400  __STACK_SIZE                  
00005664  g_lTouchParameters            
0000569c  g_sKentec320x240x16_SSD2119   
000056c4  g_psDefaultCodePointMapTable  
000056d5  LED_ON                        
000056ef  LED_OFF                       
00005889  Kentec320x240x16_SSD2119Init  
0000624f  TouchScreenIntHandler         
00006385  TouchScreenInit               
00006451  TouchScreenCallbackSet        
00006b11  GrFontGlyphRender             
00006d67  GPIOPadConfigSet              
00006e99  SysCtlClockGet                
00006fa9  SysCtlClockSet                
0000709d  GrDefaultStringRenderer       
00007161  main                          
000071a9  ClrScreen                     
00007221  __aeabi_memcpy                
00007221  __aeabi_memcpy4               
00007221  __aeabi_memcpy8               
00007221  memcpy                        
000072bd  GrRectFill                    
00007343  ADCSequenceStepConfigure      
000073bd  __aeabi_memclr                
000073bd  __aeabi_memclr4               
000073bd  __aeabi_memclr8               
000073bf  __aeabi_memset                
000073bf  __aeabi_memset4               
000073bf  __aeabi_memset8               
000073c5  memset                        
00007439  __TI_auto_init                
00007511  GrContextInit                 
00007579  IntEnable                     
000075e1  TimerConfigure                
0000769d  TimerControlTrigger           
000076f5  _c_int00                      
00007745  copy_in                       
00007791  C$$EXIT                       
00007795  abort                         
0000779d  exit                          
000077d5  ADCSequenceConfigure          
0000784d  SysCtlPeripheralEnable        
00007881  GrStringNextCharGet           
000078af  GPIODirModeSet                
000078d9  GrFontInfoGet                 
000078ff  GrFontGlyphDataGet            
00007921  GPIOPinTypeGPIOOutput         
00007939  _args_main                    
00007951  _register_unlock              
00007957  _register_lock                
0000795f  _nop                          
00007965  TimerLoadSet                  
00007977  ADCIntEnable                  
00007987  ADCHardwareOversampleConfigure
00007995  ADCSequenceEnable             
000079a3  GrImageDraw                   
000079b1  TimerEnable                   
000079bf  __TI_decompress_none          
000079cd  __TI_zero_init                
000079d9  ResetISR                      
000079e5  GrMapISO8859_1_Unicode        
000079ed  GPIOPinWrite                  
000079f3  SysCtlDelay                   
000079f9  __TI_decompress_rle24         
000079ff  _system_pre_init              
00007a24  __TI_Handler_Table_Base       
00007a30  __TI_Handler_Table_Limit      
00007a38  __TI_CINIT_Base               
00007a48  __TI_CINIT_Limit              
20000000  __stack                       
20000400  __STACK_END                   
20000400  __STACK_TOP                   
20000400  sContext                      
2000045c  sRect                         
20000468  g_plParmSet                   
20000474  g_sTouchX                     
20000476  g_sTouchY                     
20000478  WriteData                     
2000047c  WriteCommand                  
20000480  _lock                         
20000484  _unlock                       
20000488  __TI_cleanup_ptr              
2000048c  __TI_dtors_ptr                
20000490  main_func_sp                  
20000494  g_sTouchMin                   
ffffffff  __binit__                     
ffffffff  __c_args__                    
ffffffff  binit                         
UNDEFED   SHT$$INIT_ARRAY$$Base         
UNDEFED   SHT$$INIT_ARRAY$$Limit        

[93 symbols]
