<?xml version="1.0"?>
<link_info>
   <banner>TI ARM Linker PC v5.2.5</banner>
   <copyright>Copyright (c) 1996-2015 Texas Instruments Incorporated</copyright>
   <link_time>0x56524868</link_time>
   <link_errors>0x0</link_errors>
   <output_file>lab10.out</output_file>
   <entry_point>
      <name>_c_int00</name>
      <address>0x76f5</address>
   </entry_point>
   <input_file_list>
      <input_file id="fl-2">
         <path>.\</path>
         <kind>object</kind>
         <file>Kentec320x240x16_ssd2119_8bit.obj</file>
         <name>Kentec320x240x16_ssd2119_8bit.obj</name>
      </input_file>
      <input_file id="fl-3">
         <path>.\</path>
         <kind>object</kind>
         <file>images.obj</file>
         <name>images.obj</name>
      </input_file>
      <input_file id="fl-4">
         <path>.\</path>
         <kind>object</kind>
         <file>main.obj</file>
         <name>main.obj</name>
      </input_file>
      <input_file id="fl-5">
         <path>.\</path>
         <kind>object</kind>
         <file>pic.obj</file>
         <name>pic.obj</name>
      </input_file>
      <input_file id="fl-6">
         <path>.\</path>
         <kind>object</kind>
         <file>tm4c123gh6pm_startup_ccs.obj</file>
         <name>tm4c123gh6pm_startup_ccs.obj</name>
      </input_file>
      <input_file id="fl-7">
         <path>.\</path>
         <kind>object</kind>
         <file>touch.obj</file>
         <name>touch.obj</name>
      </input_file>
      <input_file id="fl-8">
         <path>.\</path>
         <kind>object</kind>
         <file>ustdlib.obj</file>
         <name>ustdlib.obj</name>
      </input_file>
      <input_file id="fl-f">
         <path>C:\ti\TivaWare_C_Series-2.1.1.71\driverlib\ccs\Debug\</path>
         <kind>archive</kind>
         <file>driverlib.lib</file>
         <name>adc.obj</name>
      </input_file>
      <input_file id="fl-10">
         <path>C:\ti\TivaWare_C_Series-2.1.1.71\driverlib\ccs\Debug\</path>
         <kind>archive</kind>
         <file>driverlib.lib</file>
         <name>gpio.obj</name>
      </input_file>
      <input_file id="fl-11">
         <path>C:\ti\TivaWare_C_Series-2.1.1.71\driverlib\ccs\Debug\</path>
         <kind>archive</kind>
         <file>driverlib.lib</file>
         <name>interrupt.obj</name>
      </input_file>
      <input_file id="fl-12">
         <path>C:\ti\TivaWare_C_Series-2.1.1.71\driverlib\ccs\Debug\</path>
         <kind>archive</kind>
         <file>driverlib.lib</file>
         <name>sysctl.obj</name>
      </input_file>
      <input_file id="fl-13">
         <path>C:\ti\TivaWare_C_Series-2.1.1.71\driverlib\ccs\Debug\</path>
         <kind>archive</kind>
         <file>driverlib.lib</file>
         <name>timer.obj</name>
      </input_file>
      <input_file id="fl-14">
         <path>C:\ti\TivaWare_C_Series-2.1.1.71\driverlib\ccs\Debug\</path>
         <kind>archive</kind>
         <file>driverlib.lib</file>
         <name>cpu.obj</name>
      </input_file>
      <input_file id="fl-15">
         <path>C:\ti\TivaWare_C_Series-2.1.1.71\grlib\ccs\Debug\</path>
         <kind>archive</kind>
         <file>grlib.lib</file>
         <name>context.obj</name>
      </input_file>
      <input_file id="fl-16">
         <path>C:\ti\TivaWare_C_Series-2.1.1.71\grlib\ccs\Debug\</path>
         <kind>archive</kind>
         <file>grlib.lib</file>
         <name>image.obj</name>
      </input_file>
      <input_file id="fl-17">
         <path>C:\ti\TivaWare_C_Series-2.1.1.71\grlib\ccs\Debug\</path>
         <kind>archive</kind>
         <file>grlib.lib</file>
         <name>rectangle.obj</name>
      </input_file>
      <input_file id="fl-18">
         <path>C:\ti\TivaWare_C_Series-2.1.1.71\grlib\ccs\Debug\</path>
         <kind>archive</kind>
         <file>grlib.lib</file>
         <name>string.obj</name>
      </input_file>
      <input_file id="fl-19">
         <path>C:\ti\TivaWare_C_Series-2.1.1.71\grlib\ccs\Debug\</path>
         <kind>archive</kind>
         <file>grlib.lib</file>
         <name>charmap.obj</name>
      </input_file>
      <input_file id="fl-1a">
         <path>C:\ti\TivaWare_C_Series-2.1.1.71\grlib\ccs\Debug\</path>
         <kind>archive</kind>
         <file>grlib.lib</file>
         <name>line.obj</name>
      </input_file>
      <input_file id="fl-13c">
         <path>C:\ti\ccsv6\tools\compiler\ti-cgt-arm_5.2.5\lib\</path>
         <kind>archive</kind>
         <file>rtsv7M4_T_le_v4SPD16_eabi.lib</file>
         <name>boot.obj</name>
      </input_file>
      <input_file id="fl-13d">
         <path>C:\ti\ccsv6\tools\compiler\ti-cgt-arm_5.2.5\lib\</path>
         <kind>archive</kind>
         <file>rtsv7M4_T_le_v4SPD16_eabi.lib</file>
         <name>copy_decompress_none.obj</name>
      </input_file>
      <input_file id="fl-13e">
         <path>C:\ti\ccsv6\tools\compiler\ti-cgt-arm_5.2.5\lib\</path>
         <kind>archive</kind>
         <file>rtsv7M4_T_le_v4SPD16_eabi.lib</file>
         <name>copy_decompress_rle.obj</name>
      </input_file>
      <input_file id="fl-13f">
         <path>C:\ti\ccsv6\tools\compiler\ti-cgt-arm_5.2.5\lib\</path>
         <kind>archive</kind>
         <file>rtsv7M4_T_le_v4SPD16_eabi.lib</file>
         <name>copy_zero_init.obj</name>
      </input_file>
      <input_file id="fl-140">
         <path>C:\ti\ccsv6\tools\compiler\ti-cgt-arm_5.2.5\lib\</path>
         <kind>archive</kind>
         <file>rtsv7M4_T_le_v4SPD16_eabi.lib</file>
         <name>exit.obj</name>
      </input_file>
      <input_file id="fl-141">
         <path>C:\ti\ccsv6\tools\compiler\ti-cgt-arm_5.2.5\lib\</path>
         <kind>archive</kind>
         <file>rtsv7M4_T_le_v4SPD16_eabi.lib</file>
         <name>memcpy_t2.obj</name>
      </input_file>
      <input_file id="fl-142">
         <path>C:\ti\ccsv6\tools\compiler\ti-cgt-arm_5.2.5\lib\</path>
         <kind>archive</kind>
         <file>rtsv7M4_T_le_v4SPD16_eabi.lib</file>
         <name>memset_t2.obj</name>
      </input_file>
      <input_file id="fl-143">
         <path>C:\ti\ccsv6\tools\compiler\ti-cgt-arm_5.2.5\lib\</path>
         <kind>archive</kind>
         <file>rtsv7M4_T_le_v4SPD16_eabi.lib</file>
         <name>pre_init.obj</name>
      </input_file>
      <input_file id="fl-144">
         <path>C:\ti\ccsv6\tools\compiler\ti-cgt-arm_5.2.5\lib\</path>
         <kind>archive</kind>
         <file>rtsv7M4_T_le_v4SPD16_eabi.lib</file>
         <name>stkdepth_vars.obj</name>
      </input_file>
      <input_file id="fl-145">
         <path>C:\ti\ccsv6\tools\compiler\ti-cgt-arm_5.2.5\lib\</path>
         <kind>archive</kind>
         <file>rtsv7M4_T_le_v4SPD16_eabi.lib</file>
         <name>u_divt2.obj</name>
      </input_file>
      <input_file id="fl-146">
         <path>C:\ti\ccsv6\tools\compiler\ti-cgt-arm_5.2.5\lib\</path>
         <kind>archive</kind>
         <file>rtsv7M4_T_le_v4SPD16_eabi.lib</file>
         <name>_lock.obj</name>
      </input_file>
      <input_file id="fl-147">
         <path>C:\ti\ccsv6\tools\compiler\ti-cgt-arm_5.2.5\lib\</path>
         <kind>archive</kind>
         <file>rtsv7M4_T_le_v4SPD16_eabi.lib</file>
         <name>args_main.obj</name>
      </input_file>
      <input_file id="fl-148">
         <path>C:\ti\ccsv6\tools\compiler\ti-cgt-arm_5.2.5\lib\</path>
         <kind>archive</kind>
         <file>rtsv7M4_T_le_v4SPD16_eabi.lib</file>
         <name>autoinit.obj</name>
      </input_file>
      <input_file id="fl-149">
         <path>C:\ti\ccsv6\tools\compiler\ti-cgt-arm_5.2.5\lib\</path>
         <kind>archive</kind>
         <file>rtsv7M4_T_le_v4SPD16_eabi.lib</file>
         <name>cpy_tbl.obj</name>
      </input_file>
      <input_file id="fl-14a">
         <path>C:\ti\ccsv6\tools\compiler\ti-cgt-arm_5.2.5\lib\</path>
         <kind>archive</kind>
         <file>rtsv7M4_T_le_v4SPD16_eabi.lib</file>
         <name>i_div0.obj</name>
      </input_file>
   </input_file_list>
   <object_component_list>
      <object_component id="oc-f">
         <name>.intvecs</name>
         <load_address>0x0</load_address>
         <run_address>0x0</run_address>
         <size>0x26c</size>
         <input_file_ref idref="fl-6"/>
      </object_component>
      <object_component id="oc-168">
         <name>.text</name>
         <load_address>0x56d4</load_address>
         <run_address>0x56d4</run_address>
         <size>0x988</size>
         <input_file_ref idref="fl-2"/>
      </object_component>
      <object_component id="oc-30">
         <name>.text</name>
         <load_address>0x605c</load_address>
         <run_address>0x605c</run_address>
         <size>0x460</size>
         <input_file_ref idref="fl-7"/>
      </object_component>
      <object_component id="oc-1d2">
         <name>.text:InternalImageDraw</name>
         <load_address>0x64bc</load_address>
         <run_address>0x64bc</run_address>
         <size>0x370</size>
         <input_file_ref idref="fl-16"/>
      </object_component>
      <object_component id="oc-217">
         <name>.text:PixelTransparentDraw</name>
         <load_address>0x682c</load_address>
         <run_address>0x682c</run_address>
         <size>0x2e4</size>
         <input_file_ref idref="fl-16"/>
      </object_component>
      <object_component id="oc-204">
         <name>.text:GrFontGlyphRender</name>
         <load_address>0x6b10</load_address>
         <run_address>0x6b10</run_address>
         <size>0x256</size>
         <input_file_ref idref="fl-18"/>
      </object_component>
      <object_component id="oc-13a">
         <name>.text:GPIOPadConfigSet</name>
         <load_address>0x6d66</load_address>
         <run_address>0x6d66</run_address>
         <size>0x132</size>
         <input_file_ref idref="fl-10"/>
      </object_component>
      <object_component id="oc-bf">
         <name>.text:SysCtlClockGet</name>
         <load_address>0x6e98</load_address>
         <run_address>0x6e98</run_address>
         <size>0x110</size>
         <input_file_ref idref="fl-12"/>
      </object_component>
      <object_component id="oc-162">
         <name>.text:SysCtlClockSet</name>
         <load_address>0x6fa8</load_address>
         <run_address>0x6fa8</run_address>
         <size>0xf4</size>
         <input_file_ref idref="fl-12"/>
      </object_component>
      <object_component id="oc-1c5">
         <name>.text:GrDefaultStringRenderer</name>
         <load_address>0x709c</load_address>
         <run_address>0x709c</run_address>
         <size>0xc4</size>
         <input_file_ref idref="fl-18"/>
      </object_component>
      <object_component id="oc-106">
         <name>.text</name>
         <load_address>0x7160</load_address>
         <run_address>0x7160</run_address>
         <size>0xc0</size>
         <input_file_ref idref="fl-4"/>
      </object_component>
      <object_component id="oc-39">
         <name>.text</name>
         <load_address>0x7220</load_address>
         <run_address>0x7220</run_address>
         <size>0x9c</size>
         <input_file_ref idref="fl-141"/>
      </object_component>
      <object_component id="oc-17b">
         <name>.text:GrRectFill</name>
         <load_address>0x72bc</load_address>
         <run_address>0x72bc</run_address>
         <size>0x86</size>
         <input_file_ref idref="fl-17"/>
      </object_component>
      <object_component id="oc-95">
         <name>.text:ADCSequenceStepConfigure</name>
         <load_address>0x7342</load_address>
         <run_address>0x7342</run_address>
         <size>0x7a</size>
         <input_file_ref idref="fl-f"/>
      </object_component>
      <object_component id="oc-52">
         <name>.text</name>
         <load_address>0x73bc</load_address>
         <run_address>0x73bc</run_address>
         <size>0x7a</size>
         <input_file_ref idref="fl-142"/>
      </object_component>
      <object_component id="oc-64">
         <name>.text</name>
         <load_address>0x7438</load_address>
         <run_address>0x7438</run_address>
         <size>0x6c</size>
         <input_file_ref idref="fl-148"/>
      </object_component>
      <object_component id="oc-45">
         <name>.text</name>
         <load_address>0x74a4</load_address>
         <run_address>0x74a4</run_address>
         <size>0x6a</size>
         <input_file_ref idref="fl-13e"/>
      </object_component>
      <object_component id="oc-16e">
         <name>.text:GrContextInit</name>
         <load_address>0x7510</load_address>
         <run_address>0x7510</run_address>
         <size>0x68</size>
         <input_file_ref idref="fl-15"/>
      </object_component>
      <object_component id="oc-a7">
         <name>.text:IntEnable</name>
         <load_address>0x7578</load_address>
         <run_address>0x7578</run_address>
         <size>0x68</size>
         <input_file_ref idref="fl-11"/>
      </object_component>
      <object_component id="oc-b9">
         <name>.text:TimerConfigure</name>
         <load_address>0x75e0</load_address>
         <run_address>0x75e0</run_address>
         <size>0x60</size>
         <input_file_ref idref="fl-13"/>
      </object_component>
      <object_component id="oc-227">
         <name>.text:FontWideGlyphDataGet</name>
         <load_address>0x7640</load_address>
         <run_address>0x7640</run_address>
         <size>0x5a</size>
         <input_file_ref idref="fl-18"/>
      </object_component>
      <object_component id="oc-cb">
         <name>.text:TimerControlTrigger</name>
         <load_address>0x769c</load_address>
         <run_address>0x769c</run_address>
         <size>0x58</size>
         <input_file_ref idref="fl-13"/>
      </object_component>
      <object_component id="oc-24">
         <name>.text</name>
         <load_address>0x76f4</load_address>
         <run_address>0x76f4</run_address>
         <size>0x50</size>
         <input_file_ref idref="fl-13c"/>
      </object_component>
      <object_component id="oc-fe">
         <name>.text</name>
         <load_address>0x7744</load_address>
         <run_address>0x7744</run_address>
         <size>0x4c</size>
         <input_file_ref idref="fl-149"/>
      </object_component>
      <object_component id="oc-70">
         <name>.text</name>
         <load_address>0x7790</load_address>
         <run_address>0x7790</run_address>
         <size>0x44</size>
         <input_file_ref idref="fl-140"/>
      </object_component>
      <object_component id="oc-8f">
         <name>.text:ADCSequenceConfigure</name>
         <load_address>0x77d4</load_address>
         <run_address>0x77d4</run_address>
         <size>0x3e</size>
         <input_file_ref idref="fl-f"/>
      </object_component>
      <object_component id="oc-22d">
         <name>.text:FontGlyphDataGet</name>
         <load_address>0x7812</load_address>
         <run_address>0x7812</run_address>
         <size>0x3a</size>
         <input_file_ref idref="fl-18"/>
      </object_component>
      <object_component id="oc-83">
         <name>.text:SysCtlPeripheralEnable</name>
         <load_address>0x784c</load_address>
         <run_address>0x784c</run_address>
         <size>0x34</size>
         <input_file_ref idref="fl-12"/>
      </object_component>
      <object_component id="oc-1f8">
         <name>.text:GrStringNextCharGet</name>
         <load_address>0x7880</load_address>
         <run_address>0x7880</run_address>
         <size>0x2e</size>
         <input_file_ref idref="fl-18"/>
      </object_component>
      <object_component id="oc-140">
         <name>.text:GPIODirModeSet</name>
         <load_address>0x78ae</load_address>
         <run_address>0x78ae</run_address>
         <size>0x2a</size>
         <input_file_ref idref="fl-10"/>
      </object_component>
      <object_component id="oc-1f2">
         <name>.text:GrFontInfoGet</name>
         <load_address>0x78d8</load_address>
         <run_address>0x78d8</run_address>
         <size>0x26</size>
         <input_file_ref idref="fl-18"/>
      </object_component>
      <object_component id="oc-1fe">
         <name>.text:GrFontGlyphDataGet</name>
         <load_address>0x78fe</load_address>
         <run_address>0x78fe</run_address>
         <size>0x22</size>
         <input_file_ref idref="fl-18"/>
      </object_component>
      <object_component id="oc-ad">
         <name>.text:GPIOPinTypeGPIOOutput</name>
         <load_address>0x7920</load_address>
         <run_address>0x7920</run_address>
         <size>0x18</size>
         <input_file_ref idref="fl-10"/>
      </object_component>
      <object_component id="oc-6a">
         <name>.text</name>
         <load_address>0x7938</load_address>
         <run_address>0x7938</run_address>
         <size>0x18</size>
         <input_file_ref idref="fl-147"/>
      </object_component>
      <object_component id="oc-195">
         <name>.text</name>
         <load_address>0x7950</load_address>
         <run_address>0x7950</run_address>
         <size>0x14</size>
         <input_file_ref idref="fl-146"/>
      </object_component>
      <object_component id="oc-c5">
         <name>.text:TimerLoadSet</name>
         <load_address>0x7964</load_address>
         <run_address>0x7964</run_address>
         <size>0x12</size>
         <input_file_ref idref="fl-13"/>
      </object_component>
      <object_component id="oc-a1">
         <name>.text:ADCIntEnable</name>
         <load_address>0x7976</load_address>
         <run_address>0x7976</run_address>
         <size>0x10</size>
         <input_file_ref idref="fl-f"/>
      </object_component>
      <object_component id="oc-89">
         <name>.text:ADCHardwareOversampleConfigure</name>
         <load_address>0x7986</load_address>
         <run_address>0x7986</run_address>
         <size>0xe</size>
         <input_file_ref idref="fl-f"/>
      </object_component>
      <object_component id="oc-9b">
         <name>.text:ADCSequenceEnable</name>
         <load_address>0x7994</load_address>
         <run_address>0x7994</run_address>
         <size>0xe</size>
         <input_file_ref idref="fl-f"/>
      </object_component>
      <object_component id="oc-174">
         <name>.text:GrImageDraw</name>
         <load_address>0x79a2</load_address>
         <run_address>0x79a2</run_address>
         <size>0xe</size>
         <input_file_ref idref="fl-16"/>
      </object_component>
      <object_component id="oc-d1">
         <name>.text:TimerEnable</name>
         <load_address>0x79b0</load_address>
         <run_address>0x79b0</run_address>
         <size>0xe</size>
         <input_file_ref idref="fl-13"/>
      </object_component>
      <object_component id="oc-12">
         <name>.text:decompress:none</name>
         <load_address>0x79be</load_address>
         <run_address>0x79be</run_address>
         <size>0xe</size>
         <input_file_ref idref="fl-13d"/>
      </object_component>
      <object_component id="oc-1e">
         <name>.text:decompress:ZI</name>
         <load_address>0x79cc</load_address>
         <run_address>0x79cc</run_address>
         <size>0xc</size>
         <input_file_ref idref="fl-13f"/>
      </object_component>
      <object_component id="oc-2a">
         <name>.text</name>
         <load_address>0x79d8</load_address>
         <run_address>0x79d8</run_address>
         <size>0xc</size>
         <input_file_ref idref="fl-6"/>
      </object_component>
      <object_component id="oc-20d">
         <name>.text:GrMapISO8859_1_Unicode</name>
         <load_address>0x79e4</load_address>
         <run_address>0x79e4</run_address>
         <size>0x8</size>
         <input_file_ref idref="fl-19"/>
      </object_component>
      <object_component id="oc-b3">
         <name>.text:GPIOPinWrite</name>
         <load_address>0x79ec</load_address>
         <run_address>0x79ec</run_address>
         <size>0x6</size>
         <input_file_ref idref="fl-10"/>
      </object_component>
      <object_component id="oc-17a">
         <name>.text:SysCtlDelay</name>
         <load_address>0x79f2</load_address>
         <run_address>0x79f2</run_address>
         <size>0x6</size>
         <input_file_ref idref="fl-12"/>
      </object_component>
      <object_component id="oc-18">
         <name>.text:decompress:rle24</name>
         <load_address>0x79f8</load_address>
         <run_address>0x79f8</run_address>
         <size>0x6</size>
         <input_file_ref idref="fl-13e"/>
      </object_component>
      <object_component id="oc-5e">
         <name>.text</name>
         <load_address>0x79fe</load_address>
         <run_address>0x79fe</run_address>
         <size>0x4</size>
         <input_file_ref idref="fl-143"/>
      </object_component>
      <object_component id="oc-187">
         <name>.const:.string:g_pui8Image</name>
         <load_address>0x26c</load_address>
         <run_address>0x26c</run_address>
         <size>0x531c</size>
         <input_file_ref idref="fl-5"/>
      </object_component>
      <object_component id="oc-135">
         <name>.const</name>
         <load_address>0x5588</load_address>
         <run_address>0x5588</run_address>
         <size>0x70</size>
         <input_file_ref idref="fl-11"/>
      </object_component>
      <object_component id="oc-14b">
         <name>.const:g_pui32Xtals</name>
         <load_address>0x55f8</load_address>
         <run_address>0x55f8</run_address>
         <size>0x6c</size>
         <input_file_ref idref="fl-12"/>
      </object_component>
      <object_component id="oc-da">
         <name>.const:g_lTouchParameters</name>
         <load_address>0x5664</load_address>
         <run_address>0x5664</run_address>
         <size>0x38</size>
         <input_file_ref idref="fl-7"/>
      </object_component>
      <object_component id="oc-184">
         <name>.const:g_sKentec320x240x16_SSD2119</name>
         <load_address>0x569c</load_address>
         <run_address>0x569c</run_address>
         <size>0x28</size>
         <input_file_ref idref="fl-2"/>
      </object_component>
      <object_component id="oc-1cb">
         <name>.const</name>
         <load_address>0x56c4</load_address>
         <run_address>0x56c4</run_address>
         <size>0x10</size>
         <input_file_ref idref="fl-15"/>
      </object_component>
      <object_component id="oc-261">
         <name>.cinit..data.load</name>
         <load_address>0x7a08</load_address>
         <run_address>0x7a08</run_address>
         <size>0x1b</size>
      </object_component>
      <object_component id="oc-25f">
         <name>__TI_handler_table</name>
         <load_address>0x7a24</load_address>
         <run_address>0x7a24</run_address>
         <size>0xc</size>
      </object_component>
      <object_component id="oc-262">
         <name>.cinit..bss.load</name>
         <load_address>0x7a30</load_address>
         <run_address>0x7a30</run_address>
         <size>0x8</size>
      </object_component>
      <object_component id="oc-260">
         <name>__TI_cinit_table</name>
         <load_address>0x7a38</load_address>
         <run_address>0x7a38</run_address>
         <size>0x10</size>
      </object_component>
      <object_component id="oc-29">
         <name>.stack</name>
         <uninitialized>true</uninitialized>
         <run_address>0x20000000</run_address>
         <size>0x0</size>
         <input_file_ref idref="fl-13c"/>
      </object_component>
      <object_component id="oc-263">
         <name>.stack</name>
         <uninitialized>true</uninitialized>
         <run_address>0x20000000</run_address>
         <size>0x0</size>
      </object_component>
      <object_component id="oc-181">
         <name>.bss:sContext</name>
         <uninitialized>true</uninitialized>
         <run_address>0x20000400</run_address>
         <size>0x2c</size>
         <input_file_ref idref="fl-4"/>
      </object_component>
      <object_component id="oc-18a">
         <name>.common:sRect</name>
         <uninitialized>true</uninitialized>
         <run_address>0x2000045c</run_address>
         <size>0x8</size>
      </object_component>
      <object_component id="oc-d9">
         <name>.common:g_ulTSState</name>
         <uninitialized>true</uninitialized>
         <run_address>0x20000470</run_address>
         <size>0x4</size>
      </object_component>
      <object_component id="oc-d7">
         <name>.common:g_pfnTSHandler</name>
         <uninitialized>true</uninitialized>
         <run_address>0x20000464</run_address>
         <size>0x4</size>
      </object_component>
      <object_component id="oc-d8">
         <name>.common:g_psSamples</name>
         <uninitialized>true</uninitialized>
         <run_address>0x2000044c</run_address>
         <size>0x10</size>
      </object_component>
      <object_component id="oc-7f">
         <name>.common:g_plParmSet</name>
         <uninitialized>true</uninitialized>
         <run_address>0x20000468</run_address>
         <size>0x4</size>
      </object_component>
      <object_component id="oc-7b">
         <name>.common:g_sTouchX</name>
         <uninitialized>true</uninitialized>
         <run_address>0x20000474</run_address>
         <size>0x2</size>
      </object_component>
      <object_component id="oc-7e">
         <name>.common:g_sTouchY</name>
         <uninitialized>true</uninitialized>
         <run_address>0x20000476</run_address>
         <size>0x2</size>
      </object_component>
      <object_component id="oc-1ce">
         <name>.common:g_psGrLibDefaults</name>
         <uninitialized>true</uninitialized>
         <run_address>0x2000046c</run_address>
         <size>0x4</size>
      </object_component>
      <object_component id="oc-21d">
         <name>.common:g_pui8Dictionary</name>
         <uninitialized>true</uninitialized>
         <run_address>0x2000042c</run_address>
         <size>0x20</size>
      </object_component>
      <object_component id="oc-1c1">
         <name>.data</name>
         <load_address>0x20000478</load_address>
         <run_address>0x20000478</run_address>
         <size>0x8</size>
         <input_file_ref idref="fl-2"/>
      </object_component>
      <object_component id="oc-80">
         <name>.data</name>
         <load_address>0x20000494</load_address>
         <run_address>0x20000494</run_address>
         <size>0x4</size>
         <input_file_ref idref="fl-7"/>
      </object_component>
      <object_component id="oc-111">
         <name>.data</name>
         <load_address>0x20000488</load_address>
         <run_address>0x20000488</run_address>
         <size>0x8</size>
         <input_file_ref idref="fl-140"/>
      </object_component>
      <object_component id="oc-76">
         <name>.data</name>
         <load_address>0x20000490</load_address>
         <run_address>0x20000490</run_address>
         <size>0x4</size>
         <input_file_ref idref="fl-144"/>
      </object_component>
      <object_component id="oc-10e">
         <name>.data</name>
         <load_address>0x20000480</load_address>
         <run_address>0x20000480</run_address>
         <size>0x8</size>
         <input_file_ref idref="fl-146"/>
      </object_component>
      <object_component id="oc-1a3">
         <name>.debug_info</name>
         <load_address>0x0</load_address>
         <run_address>0x0</run_address>
         <size>0x417</size>
         <input_file_ref idref="fl-2"/>
      </object_component>
      <object_component id="oc-1c2">
         <name>.debug_info</name>
         <load_address>0x417</load_address>
         <run_address>0x417</run_address>
         <size>0x112</size>
         <input_file_ref idref="fl-2"/>
      </object_component>
      <object_component id="oc-185">
         <name>.debug_info</name>
         <load_address>0x529</load_address>
         <run_address>0x529</run_address>
         <size>0x10c</size>
         <input_file_ref idref="fl-2"/>
      </object_component>
      <object_component id="oc-169">
         <name>.debug_info</name>
         <load_address>0x635</load_address>
         <run_address>0x635</run_address>
         <size>0x1351</size>
         <input_file_ref idref="fl-2"/>
      </object_component>
      <object_component id="oc-11b">
         <name>.debug_info</name>
         <load_address>0x1986</load_address>
         <run_address>0x1986</run_address>
         <size>0x6bd</size>
         <input_file_ref idref="fl-2"/>
      </object_component>
      <object_component id="oc-125">
         <name>.debug_info</name>
         <load_address>0x2043</load_address>
         <run_address>0x2043</run_address>
         <size>0x8b</size>
         <input_file_ref idref="fl-2"/>
      </object_component>
      <object_component id="oc-1ed">
         <name>.debug_info</name>
         <load_address>0x20ce</load_address>
         <run_address>0x20ce</run_address>
         <size>0x47</size>
         <input_file_ref idref="fl-2"/>
      </object_component>
      <object_component id="oc-de">
         <name>.debug_info</name>
         <load_address>0x2115</load_address>
         <run_address>0x2115</run_address>
         <size>0x18b</size>
         <input_file_ref idref="fl-2"/>
      </object_component>
      <object_component id="oc-18b">
         <name>.debug_info</name>
         <load_address>0x22a0</load_address>
         <run_address>0x22a0</run_address>
         <size>0x4c7</size>
         <input_file_ref idref="fl-4"/>
      </object_component>
      <object_component id="oc-182">
         <name>.debug_info</name>
         <load_address>0x2767</load_address>
         <run_address>0x2767</run_address>
         <size>0xcc</size>
         <input_file_ref idref="fl-4"/>
      </object_component>
      <object_component id="oc-108">
         <name>.debug_info</name>
         <load_address>0x2833</load_address>
         <run_address>0x2833</run_address>
         <size>0x288</size>
         <input_file_ref idref="fl-4"/>
      </object_component>
      <object_component id="oc-1e3">
         <name>.debug_info</name>
         <load_address>0x2abb</load_address>
         <run_address>0x2abb</run_address>
         <size>0x2e3</size>
         <input_file_ref idref="fl-5"/>
      </object_component>
      <object_component id="oc-188">
         <name>.debug_info</name>
         <load_address>0x2d9e</load_address>
         <run_address>0x2d9e</run_address>
         <size>0xd1</size>
         <input_file_ref idref="fl-5"/>
      </object_component>
      <object_component id="oc-38">
         <name>.debug_info</name>
         <load_address>0x2e6f</load_address>
         <run_address>0x2e6f</run_address>
         <size>0x135</size>
         <input_file_ref idref="fl-6"/>
      </object_component>
      <object_component id="oc-10">
         <name>.debug_info</name>
         <load_address>0x2fa4</load_address>
         <run_address>0x2fa4</run_address>
         <size>0xe8</size>
         <input_file_ref idref="fl-6"/>
      </object_component>
      <object_component id="oc-2d">
         <name>.debug_info</name>
         <load_address>0x308c</load_address>
         <run_address>0x308c</run_address>
         <size>0x264</size>
         <input_file_ref idref="fl-6"/>
      </object_component>
      <object_component id="oc-e5">
         <name>.debug_info</name>
         <load_address>0x32f0</load_address>
         <run_address>0x32f0</run_address>
         <size>0x84</size>
         <input_file_ref idref="fl-6"/>
      </object_component>
      <object_component id="oc-7c">
         <name>.debug_info</name>
         <load_address>0x3374</load_address>
         <run_address>0x3374</run_address>
         <size>0x773</size>
         <input_file_ref idref="fl-7"/>
      </object_component>
      <object_component id="oc-db">
         <name>.debug_info</name>
         <load_address>0x3ae7</load_address>
         <run_address>0x3ae7</run_address>
         <size>0xe1</size>
         <input_file_ref idref="fl-7"/>
      </object_component>
      <object_component id="oc-81">
         <name>.debug_info</name>
         <load_address>0x3bc8</load_address>
         <run_address>0x3bc8</run_address>
         <size>0x114</size>
         <input_file_ref idref="fl-7"/>
      </object_component>
      <object_component id="oc-33">
         <name>.debug_info</name>
         <load_address>0x3cdc</load_address>
         <run_address>0x3cdc</run_address>
         <size>0x4a3</size>
         <input_file_ref idref="fl-7"/>
      </object_component>
      <object_component id="oc-120">
         <name>.debug_info</name>
         <load_address>0x417f</load_address>
         <run_address>0x417f</run_address>
         <size>0xc6</size>
         <input_file_ref idref="fl-7"/>
      </object_component>
      <object_component id="oc-12f">
         <name>.debug_info</name>
         <load_address>0x4245</load_address>
         <run_address>0x4245</run_address>
         <size>0x1ed</size>
         <input_file_ref idref="fl-f"/>
      </object_component>
      <object_component id="oc-98">
         <name>.debug_info</name>
         <load_address>0x4432</load_address>
         <run_address>0x4432</run_address>
         <size>0x293</size>
         <input_file_ref idref="fl-f"/>
      </object_component>
      <object_component id="oc-9e">
         <name>.debug_info</name>
         <load_address>0x46c5</load_address>
         <run_address>0x46c5</run_address>
         <size>0x200</size>
         <input_file_ref idref="fl-f"/>
      </object_component>
      <object_component id="oc-92">
         <name>.debug_info</name>
         <load_address>0x48c5</load_address>
         <run_address>0x48c5</run_address>
         <size>0x286</size>
         <input_file_ref idref="fl-f"/>
      </object_component>
      <object_component id="oc-a4">
         <name>.debug_info</name>
         <load_address>0x4b4b</load_address>
         <run_address>0x4b4b</run_address>
         <size>0x1f6</size>
         <input_file_ref idref="fl-f"/>
      </object_component>
      <object_component id="oc-8c">
         <name>.debug_info</name>
         <load_address>0x4d41</load_address>
         <run_address>0x4d41</run_address>
         <size>0x221</size>
         <input_file_ref idref="fl-f"/>
      </object_component>
      <object_component id="oc-147">
         <name>.debug_info</name>
         <load_address>0x4f62</load_address>
         <run_address>0x4f62</run_address>
         <size>0x1e0</size>
         <input_file_ref idref="fl-10"/>
      </object_component>
      <object_component id="oc-b4">
         <name>.debug_info</name>
         <load_address>0x5142</load_address>
         <run_address>0x5142</run_address>
         <size>0x203</size>
         <input_file_ref idref="fl-10"/>
      </object_component>
      <object_component id="oc-141">
         <name>.debug_info</name>
         <load_address>0x5345</load_address>
         <run_address>0x5345</run_address>
         <size>0x213</size>
         <input_file_ref idref="fl-10"/>
      </object_component>
      <object_component id="oc-13b">
         <name>.debug_info</name>
         <load_address>0x5558</load_address>
         <run_address>0x5558</run_address>
         <size>0x276</size>
         <input_file_ref idref="fl-10"/>
      </object_component>
      <object_component id="oc-ae">
         <name>.debug_info</name>
         <load_address>0x57ce</load_address>
         <run_address>0x57ce</run_address>
         <size>0x217</size>
         <input_file_ref idref="fl-10"/>
      </object_component>
      <object_component id="oc-139">
         <name>.debug_info</name>
         <load_address>0x59e5</load_address>
         <run_address>0x59e5</run_address>
         <size>0x1be</size>
         <input_file_ref idref="fl-11"/>
      </object_component>
      <object_component id="oc-136">
         <name>.debug_info</name>
         <load_address>0x5ba3</load_address>
         <run_address>0x5ba3</run_address>
         <size>0x1c0</size>
         <input_file_ref idref="fl-11"/>
      </object_component>
      <object_component id="oc-a8">
         <name>.debug_info</name>
         <load_address>0x5d63</load_address>
         <run_address>0x5d63</run_address>
         <size>0x1c8</size>
         <input_file_ref idref="fl-11"/>
      </object_component>
      <object_component id="oc-12d">
         <name>.debug_info</name>
         <load_address>0x5f2b</load_address>
         <run_address>0x5f2b</run_address>
         <size>0x22f</size>
         <input_file_ref idref="fl-12"/>
      </object_component>
      <object_component id="oc-14c">
         <name>.debug_info</name>
         <load_address>0x615a</load_address>
         <run_address>0x615a</run_address>
         <size>0xfd</size>
         <input_file_ref idref="fl-12"/>
      </object_component>
      <object_component id="oc-84">
         <name>.debug_info</name>
         <load_address>0x6257</load_address>
         <run_address>0x6257</run_address>
         <size>0x1dd</size>
         <input_file_ref idref="fl-12"/>
      </object_component>
      <object_component id="oc-163">
         <name>.debug_info</name>
         <load_address>0x6434</load_address>
         <run_address>0x6434</run_address>
         <size>0x23b</size>
         <input_file_ref idref="fl-12"/>
      </object_component>
      <object_component id="oc-c0">
         <name>.debug_info</name>
         <load_address>0x666f</load_address>
         <run_address>0x666f</run_address>
         <size>0x215</size>
         <input_file_ref idref="fl-12"/>
      </object_component>
      <object_component id="oc-1a6">
         <name>.debug_info</name>
         <load_address>0x6884</load_address>
         <run_address>0x6884</run_address>
         <size>0x5f</size>
         <input_file_ref idref="fl-12"/>
      </object_component>
      <object_component id="oc-14a">
         <name>.debug_info</name>
         <load_address>0x68e3</load_address>
         <run_address>0x68e3</run_address>
         <size>0x1d3</size>
         <input_file_ref idref="fl-13"/>
      </object_component>
      <object_component id="oc-c7">
         <name>.debug_info</name>
         <load_address>0x6ab6</load_address>
         <run_address>0x6ab6</run_address>
         <size>0x21a</size>
         <input_file_ref idref="fl-13"/>
      </object_component>
      <object_component id="oc-d3">
         <name>.debug_info</name>
         <load_address>0x6cd0</load_address>
         <run_address>0x6cd0</run_address>
         <size>0x1df</size>
         <input_file_ref idref="fl-13"/>
      </object_component>
      <object_component id="oc-cd">
         <name>.debug_info</name>
         <load_address>0x6eaf</load_address>
         <run_address>0x6eaf</run_address>
         <size>0x237</size>
         <input_file_ref idref="fl-13"/>
      </object_component>
      <object_component id="oc-bb">
         <name>.debug_info</name>
         <load_address>0x70e6</load_address>
         <run_address>0x70e6</run_address>
         <size>0x1ec</size>
         <input_file_ref idref="fl-13"/>
      </object_component>
      <object_component id="oc-1cf">
         <name>.debug_info</name>
         <load_address>0x72d2</load_address>
         <run_address>0x72d2</run_address>
         <size>0x464</size>
         <input_file_ref idref="fl-15"/>
      </object_component>
      <object_component id="oc-1cc">
         <name>.debug_info</name>
         <load_address>0x7736</load_address>
         <run_address>0x7736</run_address>
         <size>0x167</size>
         <input_file_ref idref="fl-15"/>
      </object_component>
      <object_component id="oc-16f">
         <name>.debug_info</name>
         <load_address>0x789d</load_address>
         <run_address>0x789d</run_address>
         <size>0x27d</size>
         <input_file_ref idref="fl-15"/>
      </object_component>
      <object_component id="oc-1d9">
         <name>.debug_info</name>
         <load_address>0x7b1a</load_address>
         <run_address>0x7b1a</run_address>
         <size>0x3d2</size>
         <input_file_ref idref="fl-16"/>
      </object_component>
      <object_component id="oc-218">
         <name>.debug_info</name>
         <load_address>0x7eec</load_address>
         <run_address>0x7eec</run_address>
         <size>0x5f0</size>
         <input_file_ref idref="fl-16"/>
      </object_component>
      <object_component id="oc-1d3">
         <name>.debug_info</name>
         <load_address>0x84dc</load_address>
         <run_address>0x84dc</run_address>
         <size>0x582</size>
         <input_file_ref idref="fl-16"/>
      </object_component>
      <object_component id="oc-175">
         <name>.debug_info</name>
         <load_address>0x8a5e</load_address>
         <run_address>0x8a5e</run_address>
         <size>0x2ce</size>
         <input_file_ref idref="fl-16"/>
      </object_component>
      <object_component id="oc-1dc">
         <name>.debug_info</name>
         <load_address>0x8d2c</load_address>
         <run_address>0x8d2c</run_address>
         <size>0x3d9</size>
         <input_file_ref idref="fl-17"/>
      </object_component>
      <object_component id="oc-17c">
         <name>.debug_info</name>
         <load_address>0x9105</load_address>
         <run_address>0x9105</run_address>
         <size>0x284</size>
         <input_file_ref idref="fl-17"/>
      </object_component>
      <object_component id="oc-20b">
         <name>.debug_info</name>
         <load_address>0x9389</load_address>
         <run_address>0x9389</run_address>
         <size>0x51c</size>
         <input_file_ref idref="fl-18"/>
      </object_component>
      <object_component id="oc-1f9">
         <name>.debug_info</name>
         <load_address>0x98a5</load_address>
         <run_address>0x98a5</run_address>
         <size>0x2fe</size>
         <input_file_ref idref="fl-18"/>
      </object_component>
      <object_component id="oc-228">
         <name>.debug_info</name>
         <load_address>0x9ba3</load_address>
         <run_address>0x9ba3</run_address>
         <size>0x315</size>
         <input_file_ref idref="fl-18"/>
      </object_component>
      <object_component id="oc-22e">
         <name>.debug_info</name>
         <load_address>0x9eb8</load_address>
         <run_address>0x9eb8</run_address>
         <size>0x34b</size>
         <input_file_ref idref="fl-18"/>
      </object_component>
      <object_component id="oc-1ff">
         <name>.debug_info</name>
         <load_address>0xa203</load_address>
         <run_address>0xa203</run_address>
         <size>0x30a</size>
         <input_file_ref idref="fl-18"/>
      </object_component>
      <object_component id="oc-1f3">
         <name>.debug_info</name>
         <load_address>0xa50d</load_address>
         <run_address>0xa50d</run_address>
         <size>0x341</size>
         <input_file_ref idref="fl-18"/>
      </object_component>
      <object_component id="oc-205">
         <name>.debug_info</name>
         <load_address>0xa84e</load_address>
         <run_address>0xa84e</run_address>
         <size>0x49a</size>
         <input_file_ref idref="fl-18"/>
      </object_component>
      <object_component id="oc-1c7">
         <name>.debug_info</name>
         <load_address>0xace8</load_address>
         <run_address>0xace8</run_address>
         <size>0x4bd</size>
         <input_file_ref idref="fl-18"/>
      </object_component>
      <object_component id="oc-238">
         <name>.debug_info</name>
         <load_address>0xb1a5</load_address>
         <run_address>0xb1a5</run_address>
         <size>0x3cd</size>
         <input_file_ref idref="fl-19"/>
      </object_component>
      <object_component id="oc-20f">
         <name>.debug_info</name>
         <load_address>0xb572</load_address>
         <run_address>0xb572</run_address>
         <size>0x2b1</size>
         <input_file_ref idref="fl-19"/>
      </object_component>
      <object_component id="oc-26">
         <name>.debug_info</name>
         <load_address>0xb823</load_address>
         <run_address>0xb823</run_address>
         <size>0x134</size>
         <input_file_ref idref="fl-13c"/>
      </object_component>
      <object_component id="oc-44">
         <name>.debug_info</name>
         <load_address>0xb957</load_address>
         <run_address>0xb957</run_address>
         <size>0x121</size>
         <input_file_ref idref="fl-13d"/>
      </object_component>
      <object_component id="oc-15">
         <name>.debug_info</name>
         <load_address>0xba78</load_address>
         <run_address>0xba78</run_address>
         <size>0x1c0</size>
         <input_file_ref idref="fl-13d"/>
      </object_component>
      <object_component id="oc-3f">
         <name>.debug_info</name>
         <load_address>0xbc38</load_address>
         <run_address>0xbc38</run_address>
         <size>0x46</size>
         <input_file_ref idref="fl-13d"/>
      </object_component>
      <object_component id="oc-eb">
         <name>.debug_info</name>
         <load_address>0xbc7e</load_address>
         <run_address>0xbc7e</run_address>
         <size>0x2c</size>
         <input_file_ref idref="fl-13d"/>
      </object_component>
      <object_component id="oc-4c">
         <name>.debug_info</name>
         <load_address>0xbcaa</load_address>
         <run_address>0xbcaa</run_address>
         <size>0x115</size>
         <input_file_ref idref="fl-13e"/>
      </object_component>
      <object_component id="oc-46">
         <name>.debug_info</name>
         <load_address>0xbdbf</load_address>
         <run_address>0xbdbf</run_address>
         <size>0x228</size>
         <input_file_ref idref="fl-13e"/>
      </object_component>
      <object_component id="oc-19">
         <name>.debug_info</name>
         <load_address>0xbfe7</load_address>
         <run_address>0xbfe7</run_address>
         <size>0x192</size>
         <input_file_ref idref="fl-13e"/>
      </object_component>
      <object_component id="oc-4d">
         <name>.debug_info</name>
         <load_address>0xc179</load_address>
         <run_address>0xc179</run_address>
         <size>0x39</size>
         <input_file_ref idref="fl-13e"/>
      </object_component>
      <object_component id="oc-f5">
         <name>.debug_info</name>
         <load_address>0xc1b2</load_address>
         <run_address>0xc1b2</run_address>
         <size>0x2c</size>
         <input_file_ref idref="fl-13e"/>
      </object_component>
      <object_component id="oc-5d">
         <name>.debug_info</name>
         <load_address>0xc1de</load_address>
         <run_address>0xc1de</run_address>
         <size>0x110</size>
         <input_file_ref idref="fl-13f"/>
      </object_component>
      <object_component id="oc-1f">
         <name>.debug_info</name>
         <load_address>0xc2ee</load_address>
         <run_address>0xc2ee</run_address>
         <size>0x18b</size>
         <input_file_ref idref="fl-13f"/>
      </object_component>
      <object_component id="oc-58">
         <name>.debug_info</name>
         <load_address>0xc479</load_address>
         <run_address>0xc479</run_address>
         <size>0x46</size>
         <input_file_ref idref="fl-13f"/>
      </object_component>
      <object_component id="oc-115">
         <name>.debug_info</name>
         <load_address>0xc4bf</load_address>
         <run_address>0xc4bf</run_address>
         <size>0x172</size>
         <input_file_ref idref="fl-140"/>
      </object_component>
      <object_component id="oc-112">
         <name>.debug_info</name>
         <load_address>0xc631</load_address>
         <run_address>0xc631</run_address>
         <size>0x117</size>
         <input_file_ref idref="fl-140"/>
      </object_component>
      <object_component id="oc-73">
         <name>.debug_info</name>
         <load_address>0xc748</load_address>
         <run_address>0xc748</run_address>
         <size>0x1ee</size>
         <input_file_ref idref="fl-140"/>
      </object_component>
      <object_component id="oc-3c">
         <name>.debug_info</name>
         <load_address>0xc936</load_address>
         <run_address>0xc936</run_address>
         <size>0xf6</size>
         <input_file_ref idref="fl-141"/>
      </object_component>
      <object_component id="oc-53">
         <name>.debug_info</name>
         <load_address>0xca2c</load_address>
         <run_address>0xca2c</run_address>
         <size>0x124</size>
         <input_file_ref idref="fl-142"/>
      </object_component>
      <object_component id="oc-60">
         <name>.debug_info</name>
         <load_address>0xcb50</load_address>
         <run_address>0xcb50</run_address>
         <size>0x129</size>
         <input_file_ref idref="fl-143"/>
      </object_component>
      <object_component id="oc-77">
         <name>.debug_info</name>
         <load_address>0xcc79</load_address>
         <run_address>0xcc79</run_address>
         <size>0xea</size>
         <input_file_ref idref="fl-144"/>
      </object_component>
      <object_component id="oc-19d">
         <name>.debug_info</name>
         <load_address>0xcd63</load_address>
         <run_address>0xcd63</run_address>
         <size>0x105</size>
         <input_file_ref idref="fl-146"/>
      </object_component>
      <object_component id="oc-10f">
         <name>.debug_info</name>
         <load_address>0xce68</load_address>
         <run_address>0xce68</run_address>
         <size>0xf4</size>
         <input_file_ref idref="fl-146"/>
      </object_component>
      <object_component id="oc-198">
         <name>.debug_info</name>
         <load_address>0xcf5c</load_address>
         <run_address>0xcf5c</run_address>
         <size>0x200</size>
         <input_file_ref idref="fl-146"/>
      </object_component>
      <object_component id="oc-10d">
         <name>.debug_info</name>
         <load_address>0xd15c</load_address>
         <run_address>0xd15c</run_address>
         <size>0x147</size>
         <input_file_ref idref="fl-147"/>
      </object_component>
      <object_component id="oc-6e">
         <name>.debug_info</name>
         <load_address>0xd2a3</load_address>
         <run_address>0xd2a3</run_address>
         <size>0x148</size>
         <input_file_ref idref="fl-147"/>
      </object_component>
      <object_component id="oc-190">
         <name>.debug_info</name>
         <load_address>0xd3eb</load_address>
         <run_address>0xd3eb</run_address>
         <size>0x5e</size>
         <input_file_ref idref="fl-147"/>
      </object_component>
      <object_component id="oc-105">
         <name>.debug_info</name>
         <load_address>0xd449</load_address>
         <run_address>0xd449</run_address>
         <size>0x29e</size>
         <input_file_ref idref="fl-148"/>
      </object_component>
      <object_component id="oc-65">
         <name>.debug_info</name>
         <load_address>0xd6e7</load_address>
         <run_address>0xd6e7</run_address>
         <size>0x158</size>
         <input_file_ref idref="fl-148"/>
      </object_component>
      <object_component id="oc-158">
         <name>.debug_info</name>
         <load_address>0xd83f</load_address>
         <run_address>0xd83f</run_address>
         <size>0x39</size>
         <input_file_ref idref="fl-148"/>
      </object_component>
      <object_component id="oc-15d">
         <name>.debug_info</name>
         <load_address>0xd878</load_address>
         <run_address>0xd878</run_address>
         <size>0xcd</size>
         <input_file_ref idref="fl-148"/>
      </object_component>
      <object_component id="oc-155">
         <name>.debug_info</name>
         <load_address>0xd945</load_address>
         <run_address>0xd945</run_address>
         <size>0x1c1</size>
         <input_file_ref idref="fl-149"/>
      </object_component>
      <object_component id="oc-ff">
         <name>.debug_info</name>
         <load_address>0xdb06</load_address>
         <run_address>0xdb06</run_address>
         <size>0x164</size>
         <input_file_ref idref="fl-149"/>
      </object_component>
      <object_component id="oc-1bb">
         <name>.debug_info</name>
         <load_address>0xdc6a</load_address>
         <run_address>0xdc6a</run_address>
         <size>0x2c</size>
         <input_file_ref idref="fl-149"/>
      </object_component>
      <object_component id="oc-264">
         <name>.debug_info</name>
         <load_address>0xdc96</load_address>
         <run_address>0xdc96</run_address>
         <size>0xa2</size>
      </object_component>
      <object_component id="oc-1ea">
         <name>.debug_line</name>
         <load_address>0x0</load_address>
         <run_address>0x0</run_address>
         <size>0x8c</size>
         <input_file_ref idref="fl-2"/>
      </object_component>
      <object_component id="oc-1ec">
         <name>.debug_line</name>
         <load_address>0x8c</load_address>
         <run_address>0x8c</run_address>
         <size>0x46</size>
         <input_file_ref idref="fl-2"/>
      </object_component>
      <object_component id="oc-1e0">
         <name>.debug_line</name>
         <load_address>0xd2</load_address>
         <run_address>0xd2</run_address>
         <size>0x46</size>
         <input_file_ref idref="fl-2"/>
      </object_component>
      <object_component id="oc-16c">
         <name>.debug_line</name>
         <load_address>0x118</load_address>
         <run_address>0x118</run_address>
         <size>0x415</size>
         <input_file_ref idref="fl-2"/>
      </object_component>
      <object_component id="oc-11e">
         <name>.debug_line</name>
         <load_address>0x52d</load_address>
         <run_address>0x52d</run_address>
         <size>0x52</size>
         <input_file_ref idref="fl-2"/>
      </object_component>
      <object_component id="oc-128">
         <name>.debug_line</name>
         <load_address>0x57f</load_address>
         <run_address>0x57f</run_address>
         <size>0x20</size>
         <input_file_ref idref="fl-2"/>
      </object_component>
      <object_component id="oc-1f0">
         <name>.debug_line</name>
         <load_address>0x59f</load_address>
         <run_address>0x59f</run_address>
         <size>0x46</size>
         <input_file_ref idref="fl-2"/>
      </object_component>
      <object_component id="oc-e1">
         <name>.debug_line</name>
         <load_address>0x5e5</load_address>
         <run_address>0x5e5</run_address>
         <size>0x60</size>
         <input_file_ref idref="fl-2"/>
      </object_component>
      <object_component id="oc-1e5">
         <name>.debug_line</name>
         <load_address>0x645</load_address>
         <run_address>0x645</run_address>
         <size>0xbc</size>
         <input_file_ref idref="fl-4"/>
      </object_component>
      <object_component id="oc-1de">
         <name>.debug_line</name>
         <load_address>0x701</load_address>
         <run_address>0x701</run_address>
         <size>0x2d</size>
         <input_file_ref idref="fl-4"/>
      </object_component>
      <object_component id="oc-107">
         <name>.debug_line</name>
         <load_address>0x72e</load_address>
         <run_address>0x72e</run_address>
         <size>0x6b</size>
         <input_file_ref idref="fl-4"/>
      </object_component>
      <object_component id="oc-224">
         <name>.debug_line</name>
         <load_address>0x799</load_address>
         <run_address>0x799</run_address>
         <size>0x20</size>
         <input_file_ref idref="fl-5"/>
      </object_component>
      <object_component id="oc-1e2">
         <name>.debug_line</name>
         <load_address>0x7b9</load_address>
         <run_address>0x7b9</run_address>
         <size>0x2c</size>
         <input_file_ref idref="fl-5"/>
      </object_component>
      <object_component id="oc-e4">
         <name>.debug_line</name>
         <load_address>0x7e5</load_address>
         <run_address>0x7e5</run_address>
         <size>0x41</size>
         <input_file_ref idref="fl-6"/>
      </object_component>
      <object_component id="oc-37">
         <name>.debug_line</name>
         <load_address>0x826</load_address>
         <run_address>0x826</run_address>
         <size>0x41</size>
         <input_file_ref idref="fl-6"/>
      </object_component>
      <object_component id="oc-2c">
         <name>.debug_line</name>
         <load_address>0x867</load_address>
         <run_address>0x867</run_address>
         <size>0xa1</size>
         <input_file_ref idref="fl-6"/>
      </object_component>
      <object_component id="oc-e8">
         <name>.debug_line</name>
         <load_address>0x908</load_address>
         <run_address>0x908</run_address>
         <size>0x20</size>
         <input_file_ref idref="fl-6"/>
      </object_component>
      <object_component id="oc-11a">
         <name>.debug_line</name>
         <load_address>0x928</load_address>
         <run_address>0x928</run_address>
         <size>0x13e</size>
         <input_file_ref idref="fl-7"/>
      </object_component>
      <object_component id="oc-153">
         <name>.debug_line</name>
         <load_address>0xa66</load_address>
         <run_address>0xa66</run_address>
         <size>0x2e</size>
         <input_file_ref idref="fl-7"/>
      </object_component>
      <object_component id="oc-12b">
         <name>.debug_line</name>
         <load_address>0xa94</load_address>
         <run_address>0xa94</run_address>
         <size>0x2e</size>
         <input_file_ref idref="fl-7"/>
      </object_component>
      <object_component id="oc-31">
         <name>.debug_line</name>
         <load_address>0xac2</load_address>
         <run_address>0xac2</run_address>
         <size>0x14d</size>
         <input_file_ref idref="fl-7"/>
      </object_component>
      <object_component id="oc-123">
         <name>.debug_line</name>
         <load_address>0xc0f</load_address>
         <run_address>0xc0f</run_address>
         <size>0x53</size>
         <input_file_ref idref="fl-7"/>
      </object_component>
      <object_component id="oc-1ac">
         <name>.debug_line</name>
         <load_address>0xc62</load_address>
         <run_address>0xc62</run_address>
         <size>0x8e</size>
         <input_file_ref idref="fl-f"/>
      </object_component>
      <object_component id="oc-96">
         <name>.debug_line</name>
         <load_address>0xcf0</load_address>
         <run_address>0xcf0</run_address>
         <size>0x7f</size>
         <input_file_ref idref="fl-f"/>
      </object_component>
      <object_component id="oc-9c">
         <name>.debug_line</name>
         <load_address>0xd6f</load_address>
         <run_address>0xd6f</run_address>
         <size>0x69</size>
         <input_file_ref idref="fl-f"/>
      </object_component>
      <object_component id="oc-90">
         <name>.debug_line</name>
         <load_address>0xdd8</load_address>
         <run_address>0xdd8</run_address>
         <size>0x7b</size>
         <input_file_ref idref="fl-f"/>
      </object_component>
      <object_component id="oc-a3">
         <name>.debug_line</name>
         <load_address>0xe53</load_address>
         <run_address>0xe53</run_address>
         <size>0x6a</size>
         <input_file_ref idref="fl-f"/>
      </object_component>
      <object_component id="oc-8b">
         <name>.debug_line</name>
         <load_address>0xebd</load_address>
         <run_address>0xebd</run_address>
         <size>0x73</size>
         <input_file_ref idref="fl-f"/>
      </object_component>
      <object_component id="oc-1b4">
         <name>.debug_line</name>
         <load_address>0xf30</load_address>
         <run_address>0xf30</run_address>
         <size>0x5a</size>
         <input_file_ref idref="fl-10"/>
      </object_component>
      <object_component id="oc-b7">
         <name>.debug_line</name>
         <load_address>0xf8a</load_address>
         <run_address>0xf8a</run_address>
         <size>0x6a</size>
         <input_file_ref idref="fl-10"/>
      </object_component>
      <object_component id="oc-144">
         <name>.debug_line</name>
         <load_address>0xff4</load_address>
         <run_address>0xff4</run_address>
         <size>0x6d</size>
         <input_file_ref idref="fl-10"/>
      </object_component>
      <object_component id="oc-13e">
         <name>.debug_line</name>
         <load_address>0x1061</load_address>
         <run_address>0x1061</run_address>
         <size>0xa9</size>
         <input_file_ref idref="fl-10"/>
      </object_component>
      <object_component id="oc-b1">
         <name>.debug_line</name>
         <load_address>0x110a</load_address>
         <run_address>0x110a</run_address>
         <size>0x71</size>
         <input_file_ref idref="fl-10"/>
      </object_component>
      <object_component id="oc-1b0">
         <name>.debug_line</name>
         <load_address>0x117b</load_address>
         <run_address>0x117b</run_address>
         <size>0x54</size>
         <input_file_ref idref="fl-11"/>
      </object_component>
      <object_component id="oc-1ae">
         <name>.debug_line</name>
         <load_address>0x11cf</load_address>
         <run_address>0x11cf</run_address>
         <size>0x5a</size>
         <input_file_ref idref="fl-11"/>
      </object_component>
      <object_component id="oc-ab">
         <name>.debug_line</name>
         <load_address>0x1229</load_address>
         <run_address>0x1229</run_address>
         <size>0x9a</size>
         <input_file_ref idref="fl-11"/>
      </object_component>
      <object_component id="oc-1a5">
         <name>.debug_line</name>
         <load_address>0x12c3</load_address>
         <run_address>0x12c3</run_address>
         <size>0xc5</size>
         <input_file_ref idref="fl-12"/>
      </object_component>
      <object_component id="oc-1b8">
         <name>.debug_line</name>
         <load_address>0x1388</load_address>
         <run_address>0x1388</run_address>
         <size>0x57</size>
         <input_file_ref idref="fl-12"/>
      </object_component>
      <object_component id="oc-87">
         <name>.debug_line</name>
         <load_address>0x13df</load_address>
         <run_address>0x13df</run_address>
         <size>0x6c</size>
         <input_file_ref idref="fl-12"/>
      </object_component>
      <object_component id="oc-166">
         <name>.debug_line</name>
         <load_address>0x144b</load_address>
         <run_address>0x144b</run_address>
         <size>0xc6</size>
         <input_file_ref idref="fl-12"/>
      </object_component>
      <object_component id="oc-c3">
         <name>.debug_line</name>
         <load_address>0x1511</load_address>
         <run_address>0x1511</run_address>
         <size>0xf2</size>
         <input_file_ref idref="fl-12"/>
      </object_component>
      <object_component id="oc-1a9">
         <name>.debug_line</name>
         <load_address>0x1603</load_address>
         <run_address>0x1603</run_address>
         <size>0x57</size>
         <input_file_ref idref="fl-12"/>
      </object_component>
      <object_component id="oc-1b6">
         <name>.debug_line</name>
         <load_address>0x165a</load_address>
         <run_address>0x165a</run_address>
         <size>0x5a</size>
         <input_file_ref idref="fl-13"/>
      </object_component>
      <object_component id="oc-c6">
         <name>.debug_line</name>
         <load_address>0x16b4</load_address>
         <run_address>0x16b4</run_address>
         <size>0x74</size>
         <input_file_ref idref="fl-13"/>
      </object_component>
      <object_component id="oc-d2">
         <name>.debug_line</name>
         <load_address>0x1728</load_address>
         <run_address>0x1728</run_address>
         <size>0x6b</size>
         <input_file_ref idref="fl-13"/>
      </object_component>
      <object_component id="oc-cc">
         <name>.debug_line</name>
         <load_address>0x1793</load_address>
         <run_address>0x1793</run_address>
         <size>0x77</size>
         <input_file_ref idref="fl-13"/>
      </object_component>
      <object_component id="oc-ba">
         <name>.debug_line</name>
         <load_address>0x180a</load_address>
         <run_address>0x180a</run_address>
         <size>0x8f</size>
         <input_file_ref idref="fl-13"/>
      </object_component>
      <object_component id="oc-216">
         <name>.debug_line</name>
         <load_address>0x1899</load_address>
         <run_address>0x1899</run_address>
         <size>0xd6</size>
         <input_file_ref idref="fl-15"/>
      </object_component>
      <object_component id="oc-214">
         <name>.debug_line</name>
         <load_address>0x196f</load_address>
         <run_address>0x196f</run_address>
         <size>0x7c</size>
         <input_file_ref idref="fl-15"/>
      </object_component>
      <object_component id="oc-172">
         <name>.debug_line</name>
         <load_address>0x19eb</load_address>
         <run_address>0x19eb</run_address>
         <size>0xaf</size>
         <input_file_ref idref="fl-15"/>
      </object_component>
      <object_component id="oc-220">
         <name>.debug_line</name>
         <load_address>0x1a9a</load_address>
         <run_address>0x1a9a</run_address>
         <size>0x7a</size>
         <input_file_ref idref="fl-16"/>
      </object_component>
      <object_component id="oc-21b">
         <name>.debug_line</name>
         <load_address>0x1b14</load_address>
         <run_address>0x1b14</run_address>
         <size>0x1d2</size>
         <input_file_ref idref="fl-16"/>
      </object_component>
      <object_component id="oc-1d7">
         <name>.debug_line</name>
         <load_address>0x1ce6</load_address>
         <run_address>0x1ce6</run_address>
         <size>0x229</size>
         <input_file_ref idref="fl-16"/>
      </object_component>
      <object_component id="oc-178">
         <name>.debug_line</name>
         <load_address>0x1f0f</load_address>
         <run_address>0x1f0f</run_address>
         <size>0x8f</size>
         <input_file_ref idref="fl-16"/>
      </object_component>
      <object_component id="oc-222">
         <name>.debug_line</name>
         <load_address>0x1f9e</load_address>
         <run_address>0x1f9e</run_address>
         <size>0x7a</size>
         <input_file_ref idref="fl-17"/>
      </object_component>
      <object_component id="oc-17f">
         <name>.debug_line</name>
         <load_address>0x2018</load_address>
         <run_address>0x2018</run_address>
         <size>0xc2</size>
         <input_file_ref idref="fl-17"/>
      </object_component>
      <object_component id="oc-236">
         <name>.debug_line</name>
         <load_address>0x20da</load_address>
         <run_address>0x20da</run_address>
         <size>0x7b</size>
         <input_file_ref idref="fl-18"/>
      </object_component>
      <object_component id="oc-1fc">
         <name>.debug_line</name>
         <load_address>0x2155</load_address>
         <run_address>0x2155</run_address>
         <size>0x9b</size>
         <input_file_ref idref="fl-18"/>
      </object_component>
      <object_component id="oc-22b">
         <name>.debug_line</name>
         <load_address>0x21f0</load_address>
         <run_address>0x21f0</run_address>
         <size>0xb7</size>
         <input_file_ref idref="fl-18"/>
      </object_component>
      <object_component id="oc-231">
         <name>.debug_line</name>
         <load_address>0x22a7</load_address>
         <run_address>0x22a7</run_address>
         <size>0xa4</size>
         <input_file_ref idref="fl-18"/>
      </object_component>
      <object_component id="oc-202">
         <name>.debug_line</name>
         <load_address>0x234b</load_address>
         <run_address>0x234b</run_address>
         <size>0x92</size>
         <input_file_ref idref="fl-18"/>
      </object_component>
      <object_component id="oc-1f6">
         <name>.debug_line</name>
         <load_address>0x23dd</load_address>
         <run_address>0x23dd</run_address>
         <size>0x9d</size>
         <input_file_ref idref="fl-18"/>
      </object_component>
      <object_component id="oc-208">
         <name>.debug_line</name>
         <load_address>0x247a</load_address>
         <run_address>0x247a</run_address>
         <size>0x1f6</size>
         <input_file_ref idref="fl-18"/>
      </object_component>
      <object_component id="oc-1c6">
         <name>.debug_line</name>
         <load_address>0x2670</load_address>
         <run_address>0x2670</run_address>
         <size>0xd0</size>
         <input_file_ref idref="fl-18"/>
      </object_component>
      <object_component id="oc-23d">
         <name>.debug_line</name>
         <load_address>0x2740</load_address>
         <run_address>0x2740</run_address>
         <size>0x20</size>
         <input_file_ref idref="fl-19"/>
      </object_component>
      <object_component id="oc-212">
         <name>.debug_line</name>
         <load_address>0x2760</load_address>
         <run_address>0x2760</run_address>
         <size>0x92</size>
         <input_file_ref idref="fl-19"/>
      </object_component>
      <object_component id="oc-28">
         <name>.debug_line</name>
         <load_address>0x27f2</load_address>
         <run_address>0x27f2</run_address>
         <size>0x52</size>
         <input_file_ref idref="fl-13c"/>
      </object_component>
      <object_component id="oc-f1">
         <name>.debug_line</name>
         <load_address>0x2844</load_address>
         <run_address>0x2844</run_address>
         <size>0x80</size>
         <input_file_ref idref="fl-13d"/>
      </object_component>
      <object_component id="oc-13">
         <name>.debug_line</name>
         <load_address>0x28c4</load_address>
         <run_address>0x28c4</run_address>
         <size>0x55</size>
         <input_file_ref idref="fl-13d"/>
      </object_component>
      <object_component id="oc-42">
         <name>.debug_line</name>
         <load_address>0x2919</load_address>
         <run_address>0x2919</run_address>
         <size>0x3a</size>
         <input_file_ref idref="fl-13d"/>
      </object_component>
      <object_component id="oc-ee">
         <name>.debug_line</name>
         <load_address>0x2953</load_address>
         <run_address>0x2953</run_address>
         <size>0x80</size>
         <input_file_ref idref="fl-13d"/>
      </object_component>
      <object_component id="oc-f4">
         <name>.debug_line</name>
         <load_address>0x29d3</load_address>
         <run_address>0x29d3</run_address>
         <size>0x80</size>
         <input_file_ref idref="fl-13e"/>
      </object_component>
      <object_component id="oc-49">
         <name>.debug_line</name>
         <load_address>0x2a53</load_address>
         <run_address>0x2a53</run_address>
         <size>0x98</size>
         <input_file_ref idref="fl-13e"/>
      </object_component>
      <object_component id="oc-1d">
         <name>.debug_line</name>
         <load_address>0x2aeb</load_address>
         <run_address>0x2aeb</run_address>
         <size>0x4b</size>
         <input_file_ref idref="fl-13e"/>
      </object_component>
      <object_component id="oc-50">
         <name>.debug_line</name>
         <load_address>0x2b36</load_address>
         <run_address>0x2b36</run_address>
         <size>0x39</size>
         <input_file_ref idref="fl-13e"/>
      </object_component>
      <object_component id="oc-f8">
         <name>.debug_line</name>
         <load_address>0x2b6f</load_address>
         <run_address>0x2b6f</run_address>
         <size>0x80</size>
         <input_file_ref idref="fl-13e"/>
      </object_component>
      <object_component id="oc-fc">
         <name>.debug_line</name>
         <load_address>0x2bef</load_address>
         <run_address>0x2bef</run_address>
         <size>0x80</size>
         <input_file_ref idref="fl-13f"/>
      </object_component>
      <object_component id="oc-22">
         <name>.debug_line</name>
         <load_address>0x2c6f</load_address>
         <run_address>0x2c6f</run_address>
         <size>0x4f</size>
         <input_file_ref idref="fl-13f"/>
      </object_component>
      <object_component id="oc-5b">
         <name>.debug_line</name>
         <load_address>0x2cbe</load_address>
         <run_address>0x2cbe</run_address>
         <size>0x34</size>
         <input_file_ref idref="fl-13f"/>
      </object_component>
      <object_component id="oc-1a2">
         <name>.debug_line</name>
         <load_address>0x2cf2</load_address>
         <run_address>0x2cf2</run_address>
         <size>0x7f</size>
         <input_file_ref idref="fl-140"/>
      </object_component>
      <object_component id="oc-1a0">
         <name>.debug_line</name>
         <load_address>0x2d71</load_address>
         <run_address>0x2d71</run_address>
         <size>0x2a</size>
         <input_file_ref idref="fl-140"/>
      </object_component>
      <object_component id="oc-72">
         <name>.debug_line</name>
         <load_address>0x2d9b</load_address>
         <run_address>0x2d9b</run_address>
         <size>0x7a</size>
         <input_file_ref idref="fl-140"/>
      </object_component>
      <object_component id="oc-3b">
         <name>.debug_line</name>
         <load_address>0x2e15</load_address>
         <run_address>0x2e15</run_address>
         <size>0x88</size>
         <input_file_ref idref="fl-141"/>
      </object_component>
      <object_component id="oc-56">
         <name>.debug_line</name>
         <load_address>0x2e9d</load_address>
         <run_address>0x2e9d</run_address>
         <size>0x79</size>
         <input_file_ref idref="fl-142"/>
      </object_component>
      <object_component id="oc-63">
         <name>.debug_line</name>
         <load_address>0x2f16</load_address>
         <run_address>0x2f16</run_address>
         <size>0x40</size>
         <input_file_ref idref="fl-143"/>
      </object_component>
      <object_component id="oc-118">
         <name>.debug_line</name>
         <load_address>0x2f56</load_address>
         <run_address>0x2f56</run_address>
         <size>0x33</size>
         <input_file_ref idref="fl-144"/>
      </object_component>
      <object_component id="oc-1e8">
         <name>.debug_line</name>
         <load_address>0x2f89</load_address>
         <run_address>0x2f89</run_address>
         <size>0x20</size>
         <input_file_ref idref="fl-146"/>
      </object_component>
      <object_component id="oc-19c">
         <name>.debug_line</name>
         <load_address>0x2fa9</load_address>
         <run_address>0x2fa9</run_address>
         <size>0x2b</size>
         <input_file_ref idref="fl-146"/>
      </object_component>
      <object_component id="oc-19a">
         <name>.debug_line</name>
         <load_address>0x2fd4</load_address>
         <run_address>0x2fd4</run_address>
         <size>0x68</size>
         <input_file_ref idref="fl-146"/>
      </object_component>
      <object_component id="oc-18f">
         <name>.debug_line</name>
         <load_address>0x303c</load_address>
         <run_address>0x303c</run_address>
         <size>0x2b</size>
         <input_file_ref idref="fl-147"/>
      </object_component>
      <object_component id="oc-6c">
         <name>.debug_line</name>
         <load_address>0x3067</load_address>
         <run_address>0x3067</run_address>
         <size>0x50</size>
         <input_file_ref idref="fl-147"/>
      </object_component>
      <object_component id="oc-193">
         <name>.debug_line</name>
         <load_address>0x30b7</load_address>
         <run_address>0x30b7</run_address>
         <size>0x2b</size>
         <input_file_ref idref="fl-147"/>
      </object_component>
      <object_component id="oc-157">
         <name>.debug_line</name>
         <load_address>0x30e2</load_address>
         <run_address>0x30e2</run_address>
         <size>0x8f</size>
         <input_file_ref idref="fl-148"/>
      </object_component>
      <object_component id="oc-68">
         <name>.debug_line</name>
         <load_address>0x3171</load_address>
         <run_address>0x3171</run_address>
         <size>0x79</size>
         <input_file_ref idref="fl-148"/>
      </object_component>
      <object_component id="oc-15b">
         <name>.debug_line</name>
         <load_address>0x31ea</load_address>
         <run_address>0x31ea</run_address>
         <size>0x2e</size>
         <input_file_ref idref="fl-148"/>
      </object_component>
      <object_component id="oc-160">
         <name>.debug_line</name>
         <load_address>0x3218</load_address>
         <run_address>0x3218</run_address>
         <size>0x81</size>
         <input_file_ref idref="fl-148"/>
      </object_component>
      <object_component id="oc-1ba">
         <name>.debug_line</name>
         <load_address>0x3299</load_address>
         <run_address>0x3299</run_address>
         <size>0x8e</size>
         <input_file_ref idref="fl-149"/>
      </object_component>
      <object_component id="oc-102">
         <name>.debug_line</name>
         <load_address>0x3327</load_address>
         <run_address>0x3327</run_address>
         <size>0x68</size>
         <input_file_ref idref="fl-149"/>
      </object_component>
      <object_component id="oc-1be">
         <name>.debug_line</name>
         <load_address>0x338f</load_address>
         <run_address>0x338f</run_address>
         <size>0x2e</size>
         <input_file_ref idref="fl-149"/>
      </object_component>
      <object_component id="oc-16d">
         <name>.debug_frame</name>
         <load_address>0x0</load_address>
         <run_address>0x0</run_address>
         <size>0x1bc</size>
         <input_file_ref idref="fl-2"/>
      </object_component>
      <object_component id="oc-10b">
         <name>.debug_frame</name>
         <load_address>0x1bc</load_address>
         <run_address>0x1bc</run_address>
         <size>0xa6</size>
         <input_file_ref idref="fl-4"/>
      </object_component>
      <object_component id="oc-2b">
         <name>.debug_frame</name>
         <load_address>0x262</load_address>
         <run_address>0x262</run_address>
         <size>0xb2</size>
         <input_file_ref idref="fl-6"/>
      </object_component>
      <object_component id="oc-32">
         <name>.debug_frame</name>
         <load_address>0x314</load_address>
         <run_address>0x314</run_address>
         <size>0xd8</size>
         <input_file_ref idref="fl-7"/>
      </object_component>
      <object_component id="oc-97">
         <name>.debug_frame</name>
         <load_address>0x3ec</load_address>
         <run_address>0x3ec</run_address>
         <size>0x8a</size>
         <input_file_ref idref="fl-f"/>
      </object_component>
      <object_component id="oc-9d">
         <name>.debug_frame</name>
         <load_address>0x476</load_address>
         <run_address>0x476</run_address>
         <size>0x7f</size>
         <input_file_ref idref="fl-f"/>
      </object_component>
      <object_component id="oc-91">
         <name>.debug_frame</name>
         <load_address>0x4f5</load_address>
         <run_address>0x4f5</run_address>
         <size>0x8a</size>
         <input_file_ref idref="fl-f"/>
      </object_component>
      <object_component id="oc-a2">
         <name>.debug_frame</name>
         <load_address>0x57f</load_address>
         <run_address>0x57f</run_address>
         <size>0x7f</size>
         <input_file_ref idref="fl-f"/>
      </object_component>
      <object_component id="oc-8a">
         <name>.debug_frame</name>
         <load_address>0x5fe</load_address>
         <run_address>0x5fe</run_address>
         <size>0x7f</size>
         <input_file_ref idref="fl-f"/>
      </object_component>
      <object_component id="oc-b8">
         <name>.debug_frame</name>
         <load_address>0x67d</load_address>
         <run_address>0x67d</run_address>
         <size>0x7f</size>
         <input_file_ref idref="fl-10"/>
      </object_component>
      <object_component id="oc-145">
         <name>.debug_frame</name>
         <load_address>0x6fc</load_address>
         <run_address>0x6fc</run_address>
         <size>0x7f</size>
         <input_file_ref idref="fl-10"/>
[...]
            <object_component_ref idref="oc-66"/>
            <object_component_ref idref="oc-101"/>
         </contents>
      </logical_group>
      <logical_group id="lg-25d" display="never" color="cyan">
         <name>.debug_pubtypes</name>
         <load_address>0x0</load_address>
         <run_address>0x0</run_address>
         <size>0x741</size>
         <contents>
            <object_component_ref idref="oc-11c"/>
            <object_component_ref idref="oc-126"/>
            <object_component_ref idref="oc-1ee"/>
            <object_component_ref idref="oc-df"/>
            <object_component_ref idref="oc-e6"/>
            <object_component_ref idref="oc-121"/>
            <object_component_ref idref="oc-1a7"/>
            <object_component_ref idref="oc-40"/>
            <object_component_ref idref="oc-ec"/>
            <object_component_ref idref="oc-4e"/>
            <object_component_ref idref="oc-f6"/>
            <object_component_ref idref="oc-59"/>
            <object_component_ref idref="oc-116"/>
            <object_component_ref idref="oc-19e"/>
            <object_component_ref idref="oc-191"/>
            <object_component_ref idref="oc-159"/>
            <object_component_ref idref="oc-15e"/>
            <object_component_ref idref="oc-1bc"/>
         </contents>
      </logical_group>
      <load_segment id="lg-26a" display="no" color="cyan">
         <name>SEGMENT_0</name>
         <load_address>0x0</load_address>
         <run_address>0x0</run_address>
         <size>0x7a48</size>
         <flags>0x5</flags>
         <contents>
            <logical_group_ref idref="lg-3"/>
            <logical_group_ref idref="lg-5"/>
            <logical_group_ref idref="lg-4"/>
            <logical_group_ref idref="lg-6"/>
         </contents>
      </load_segment>
      <load_segment id="lg-26b" display="no" color="cyan">
         <name>SEGMENT_1</name>
         <run_address>0x20000000</run_address>
         <size>0x498</size>
         <flags>0x6</flags>
         <contents>
            <logical_group_ref idref="lg-d"/>
            <logical_group_ref idref="lg-b"/>
            <logical_group_ref idref="lg-a"/>
         </contents>
      </load_segment>
   </logical_group_list>
   <placement_map>
      <memory_area display="yes" color="green">
         <name>FLASH</name>
         <page_id>0x0</page_id>
         <origin>0x0</origin>
         <length>0x40000</length>
         <used_space>0x7a42</used_space>
         <unused_space>0x385be</unused_space>
         <attributes>RX</attributes>
         <usage_details>
            <allocated_space>
               <start_address>0x0</start_address>
               <size>0x26c</size>
               <logical_group_ref idref="lg-3"/>
            </allocated_space>
            <allocated_space>
               <start_address>0x26c</start_address>
               <size>0x5468</size>
               <logical_group_ref idref="lg-5"/>
            </allocated_space>
            <allocated_space>
               <start_address>0x56d4</start_address>
               <size>0x232e</size>
               <logical_group_ref idref="lg-4"/>
            </allocated_space>
            <available_space>
               <start_address>0x7a02</start_address>
               <size>0x6</size>
            </available_space>
            <allocated_space>
               <start_address>0x7a08</start_address>
               <size>0x40</size>
               <logical_group_ref idref="lg-6"/>
            </allocated_space>
            <available_space>
               <start_address>0x7a48</start_address>
               <size>0x385b8</size>
            </available_space>
         </usage_details>
      </memory_area>
      <memory_area display="yes" color="green">
         <name>SRAM</name>
         <page_id>0x0</page_id>
         <origin>0x20000000</origin>
         <length>0x8000</length>
         <used_space>0x498</used_space>
         <unused_space>0x7b68</unused_space>
         <attributes>RWX</attributes>
         <usage_details>
            <allocated_space>
               <start_address>0x20000000</start_address>
               <size>0x400</size>
               <logical_group_ref idref="lg-d"/>
            </allocated_space>
            <allocated_space>
               <start_address>0x20000400</start_address>
               <size>0x78</size>
               <logical_group_ref idref="lg-23e"/>
            </allocated_space>
            <allocated_space>
               <start_address>0x20000478</start_address>
               <size>0x20</size>
               <logical_group_ref idref="lg-240"/>
            </allocated_space>
            <available_space>
               <start_address>0x20000498</start_address>
               <size>0x7b68</size>
            </available_space>
         </usage_details>
      </memory_area>
   </placement_map>
   <cptbl_list>
      <cptbl>
         <name>__TI_cinit_table</name>
         <cprec>
            <name>.data</name>
            <load_address>0x7a08</load_address>
            <load_size>0x1b</load_size>
            <run_address>0x20000478</run_address>
            <run_size>0x20</run_size>
            <compression>rle</compression>
         </cprec>
         <cprec>
            <name>.bss</name>
            <load_address>0x7a30</load_address>
            <load_size>0x8</load_size>
            <run_address>0x20000400</run_address>
            <run_size>0x78</run_size>
            <compression>zero_init</compression>
         </cprec>
      </cptbl>
   </cptbl_list>
   <handler_table>
      <handler_table_name>__TI_handler_table</handler_table_name>
      <handler>
         <index>0x0</index>
         <name>__TI_decompress_rle24</name>
      </handler>
      <handler>
         <index>0x1</index>
         <name>__TI_decompress_none</name>
      </handler>
      <handler>
         <index>0x2</index>
         <name>__TI_zero_init</name>
      </handler>
   </handler_table>
   <symbol_table>
      <symbol id="sm-1">
         <name>__STACK_TOP</name>
         <value>0x20000400</value>
      </symbol>
      <symbol id="sm-2">
         <name>__TI_CINIT_Base</name>
         <value>0x7a38</value>
      </symbol>
      <symbol id="sm-3">
         <name>__TI_CINIT_Limit</name>
         <value>0x7a48</value>
      </symbol>
      <symbol id="sm-4">
         <name>__TI_Handler_Table_Base</name>
         <value>0x7a24</value>
      </symbol>
      <symbol id="sm-5">
         <name>__TI_Handler_Table_Limit</name>
         <value>0x7a30</value>
      </symbol>
      <symbol id="sm-6">
         <name>binit</name>
         <value>0xffffffff</value>
      </symbol>
      <symbol id="sm-7">
         <name>__binit__</name>
         <value>0xffffffff</value>
      </symbol>
      <symbol id="sm-8">
         <name>__STACK_SIZE</name>
         <value>0x400</value>
      </symbol>
      <symbol id="sm-9">
         <name>__STACK_END</name>
         <value>0x20000400</value>
      </symbol>
      <symbol id="sm-a">
         <name>__c_args__</name>
         <value>0xffffffff</value>
      </symbol>
      <symbol id="sm-97">
         <name>WriteData</name>
         <value>0x20000478</value>
         <object_component_ref idref="oc-1c1"/>
      </symbol>
      <symbol id="sm-98">
         <name>Kentec320x240x16_SSD2119Init</name>
         <value>0x5889</value>
         <object_component_ref idref="oc-168"/>
      </symbol>
      <symbol id="sm-99">
         <name>g_sKentec320x240x16_SSD2119</name>
         <value>0x569c</value>
         <object_component_ref idref="oc-184"/>
      </symbol>
      <symbol id="sm-9a">
         <name>LED_OFF</name>
         <value>0x56ef</value>
         <object_component_ref idref="oc-168"/>
      </symbol>
      <symbol id="sm-9b">
         <name>LED_ON</name>
         <value>0x56d5</value>
         <object_component_ref idref="oc-168"/>
      </symbol>
      <symbol id="sm-9c">
         <name>WriteCommand</name>
         <value>0x2000047c</value>
         <object_component_ref idref="oc-1c1"/>
      </symbol>
      <symbol id="sm-bb">
         <name>sRect</name>
         <value>0x2000045c</value>
      </symbol>
      <symbol id="sm-bc">
         <name>ClrScreen</name>
         <value>0x71a9</value>
         <object_component_ref idref="oc-106"/>
      </symbol>
      <symbol id="sm-bd">
         <name>sContext</name>
         <value>0x20000400</value>
         <object_component_ref idref="oc-181"/>
      </symbol>
      <symbol id="sm-be">
         <name>main</name>
         <value>0x7161</value>
         <object_component_ref idref="oc-106"/>
      </symbol>
      <symbol id="sm-c9">
         <name>g_pui8Image</name>
         <value>0x26c</value>
         <object_component_ref idref="oc-187"/>
      </symbol>
      <symbol id="sm-ea">
         <name>ResetISR</name>
         <value>0x79d9</value>
         <object_component_ref idref="oc-2a"/>
      </symbol>
      <symbol id="sm-eb">
         <name>g_pfnVectors</name>
         <value>0x0</value>
         <object_component_ref idref="oc-f"/>
      </symbol>
      <symbol id="sm-147">
         <name>g_plParmSet</name>
         <value>0x20000468</value>
      </symbol>
      <symbol id="sm-148">
         <name>g_sTouchX</name>
         <value>0x20000474</value>
      </symbol>
      <symbol id="sm-149">
         <name>g_sTouchY</name>
         <value>0x20000476</value>
      </symbol>
      <symbol id="sm-14a">
         <name>g_sTouchMin</name>
         <value>0x20000494</value>
         <object_component_ref idref="oc-80"/>
      </symbol>
      <symbol id="sm-14b">
         <name>TouchScreenInit</name>
         <value>0x6385</value>
         <object_component_ref idref="oc-30"/>
      </symbol>
      <symbol id="sm-14c">
         <name>TouchScreenCallbackSet</name>
         <value>0x6451</value>
         <object_component_ref idref="oc-30"/>
      </symbol>
      <symbol id="sm-14d">
         <name>g_lTouchParameters</name>
         <value>0x5664</value>
         <object_component_ref idref="oc-da"/>
      </symbol>
      <symbol id="sm-14e">
         <name>TouchScreenIntHandler</name>
         <value>0x624f</value>
         <object_component_ref idref="oc-30"/>
      </symbol>
      <symbol id="sm-181">
         <name>ADCSequenceEnable</name>
         <value>0x7995</value>
         <object_component_ref idref="oc-9b"/>
      </symbol>
      <symbol id="sm-182">
         <name>ADCSequenceConfigure</name>
         <value>0x77d5</value>
         <object_component_ref idref="oc-8f"/>
      </symbol>
      <symbol id="sm-183">
         <name>ADCIntEnable</name>
         <value>0x7977</value>
         <object_component_ref idref="oc-a1"/>
      </symbol>
      <symbol id="sm-184">
         <name>ADCSequenceStepConfigure</name>
         <value>0x7343</value>
         <object_component_ref idref="oc-95"/>
      </symbol>
      <symbol id="sm-185">
         <name>ADCHardwareOversampleConfigure</name>
         <value>0x7987</value>
         <object_component_ref idref="oc-89"/>
      </symbol>
      <symbol id="sm-1ac">
         <name>GPIOPinTypeGPIOOutput</name>
         <value>0x7921</value>
         <object_component_ref idref="oc-ad"/>
      </symbol>
      <symbol id="sm-1ad">
         <name>GPIODirModeSet</name>
         <value>0x78af</value>
         <object_component_ref idref="oc-140"/>
      </symbol>
      <symbol id="sm-1ae">
         <name>GPIOPinWrite</name>
         <value>0x79ed</value>
         <object_component_ref idref="oc-b3"/>
      </symbol>
      <symbol id="sm-1af">
         <name>GPIOPadConfigSet</name>
         <value>0x6d67</value>
         <object_component_ref idref="oc-13a"/>
      </symbol>
      <symbol id="sm-1d6">
         <name>IntEnable</name>
         <value>0x7579</value>
         <object_component_ref idref="oc-a7"/>
      </symbol>
      <symbol id="sm-228">
         <name>SysCtlClockSet</name>
         <value>0x6fa9</value>
         <object_component_ref idref="oc-162"/>
      </symbol>
      <symbol id="sm-229">
         <name>SysCtlDelay</name>
         <value>0x79f3</value>
         <object_component_ref idref="oc-17a"/>
      </symbol>
      <symbol id="sm-22a">
         <name>SysCtlPeripheralEnable</name>
         <value>0x784d</value>
         <object_component_ref idref="oc-83"/>
      </symbol>
      <symbol id="sm-22b">
         <name>SysCtlClockGet</name>
         <value>0x6e99</value>
         <object_component_ref idref="oc-bf"/>
      </symbol>
      <symbol id="sm-25e">
         <name>TimerLoadSet</name>
         <value>0x7965</value>
         <object_component_ref idref="oc-c5"/>
      </symbol>
      <symbol id="sm-25f">
         <name>TimerEnable</name>
         <value>0x79b1</value>
         <object_component_ref idref="oc-d1"/>
      </symbol>
      <symbol id="sm-260">
         <name>TimerControlTrigger</name>
         <value>0x769d</value>
         <object_component_ref idref="oc-cb"/>
      </symbol>
      <symbol id="sm-261">
         <name>TimerConfigure</name>
         <value>0x75e1</value>
         <object_component_ref idref="oc-b9"/>
      </symbol>
      <symbol id="sm-27d">
         <name>GrContextInit</name>
         <value>0x7511</value>
         <object_component_ref idref="oc-16e"/>
      </symbol>
      <symbol id="sm-27e">
         <name>g_psDefaultCodePointMapTable</name>
         <value>0x56c4</value>
         <object_component_ref idref="oc-1cb"/>
      </symbol>
      <symbol id="sm-2d5">
         <name>GrImageDraw</name>
         <value>0x79a3</value>
         <object_component_ref idref="oc-174"/>
      </symbol>
      <symbol id="sm-2e3">
         <name>GrRectFill</name>
         <value>0x72bd</value>
         <object_component_ref idref="oc-17b"/>
      </symbol>
      <symbol id="sm-349">
         <name>GrFontInfoGet</name>
         <value>0x78d9</value>
         <object_component_ref idref="oc-1f2"/>
      </symbol>
      <symbol id="sm-34a">
         <name>GrDefaultStringRenderer</name>
         <value>0x709d</value>
         <object_component_ref idref="oc-1c5"/>
      </symbol>
      <symbol id="sm-34b">
         <name>GrFontGlyphRender</name>
         <value>0x6b11</value>
         <object_component_ref idref="oc-204"/>
      </symbol>
      <symbol id="sm-34c">
         <name>GrFontGlyphDataGet</name>
         <value>0x78ff</value>
         <object_component_ref idref="oc-1fe"/>
      </symbol>
      <symbol id="sm-34d">
         <name>GrStringNextCharGet</name>
         <value>0x7881</value>
         <object_component_ref idref="oc-1f8"/>
      </symbol>
      <symbol id="sm-35a">
         <name>GrMapISO8859_1_Unicode</name>
         <value>0x79e5</value>
         <object_component_ref idref="oc-20d"/>
      </symbol>
      <symbol id="sm-36d">
         <name>_c_int00</name>
         <value>0x76f5</value>
         <object_component_ref idref="oc-24"/>
      </symbol>
      <symbol id="sm-36e">
         <name>__stack</name>
         <value>0x20000000</value>
         <object_component_ref idref="oc-29"/>
      </symbol>
      <symbol id="sm-385">
         <name>__TI_decompress_none</name>
         <value>0x79bf</value>
         <object_component_ref idref="oc-12"/>
      </symbol>
      <symbol id="sm-3ad">
         <name>__TI_decompress_rle24</name>
         <value>0x79f9</value>
         <object_component_ref idref="oc-18"/>
      </symbol>
      <symbol id="sm-3bf">
         <name>__TI_zero_init</name>
         <value>0x79cd</value>
         <object_component_ref idref="oc-1e"/>
      </symbol>
      <symbol id="sm-3de">
         <name>C$$EXIT</name>
         <value>0x7791</value>
         <object_component_ref idref="oc-70"/>
      </symbol>
      <symbol id="sm-3df">
         <name>abort</name>
         <value>0x7795</value>
         <object_component_ref idref="oc-70"/>
      </symbol>
      <symbol id="sm-3e0">
         <name>exit</name>
         <value>0x779d</value>
         <object_component_ref idref="oc-70"/>
      </symbol>
      <symbol id="sm-3e1">
         <name>__TI_dtors_ptr</name>
         <value>0x2000048c</value>
         <object_component_ref idref="oc-111"/>
      </symbol>
      <symbol id="sm-3e2">
         <name>__TI_cleanup_ptr</name>
         <value>0x20000488</value>
         <object_component_ref idref="oc-111"/>
      </symbol>
      <symbol id="sm-3fd">
         <name>memcpy</name>
         <value>0x7221</value>
         <object_component_ref idref="oc-39"/>
      </symbol>
      <symbol id="sm-3fe">
         <name>__aeabi_memcpy</name>
         <value>0x7221</value>
         <object_component_ref idref="oc-39"/>
      </symbol>
      <symbol id="sm-3ff">
         <name>__aeabi_memcpy8</name>
         <value>0x7221</value>
         <object_component_ref idref="oc-39"/>
      </symbol>
      <symbol id="sm-400">
         <name>__aeabi_memcpy4</name>
         <value>0x7221</value>
         <object_component_ref idref="oc-39"/>
      </symbol>
      <symbol id="sm-40f">
         <name>__aeabi_memset</name>
         <value>0x73bf</value>
         <object_component_ref idref="oc-52"/>
      </symbol>
      <symbol id="sm-410">
         <name>memset</name>
         <value>0x73c5</value>
         <object_component_ref idref="oc-52"/>
      </symbol>
      <symbol id="sm-411">
         <name>__aeabi_memset8</name>
         <value>0x73bf</value>
         <object_component_ref idref="oc-52"/>
      </symbol>
      <symbol id="sm-412">
         <name>__aeabi_memset4</name>
         <value>0x73bf</value>
         <object_component_ref idref="oc-52"/>
      </symbol>
      <symbol id="sm-413">
         <name>__aeabi_memclr8</name>
         <value>0x73bd</value>
         <object_component_ref idref="oc-52"/>
      </symbol>
      <symbol id="sm-414">
         <name>__aeabi_memclr4</name>
         <value>0x73bd</value>
         <object_component_ref idref="oc-52"/>
      </symbol>
      <symbol id="sm-415">
         <name>__aeabi_memclr</name>
         <value>0x73bd</value>
         <object_component_ref idref="oc-52"/>
      </symbol>
      <symbol id="sm-41f">
         <name>_system_pre_init</name>
         <value>0x79ff</value>
         <object_component_ref idref="oc-5e"/>
      </symbol>
      <symbol id="sm-427">
         <name>main_func_sp</name>
         <value>0x20000490</value>
         <object_component_ref idref="oc-76"/>
      </symbol>
      <symbol id="sm-444">
         <name>_nop</name>
         <value>0x795f</value>
         <object_component_ref idref="oc-195"/>
      </symbol>
      <symbol id="sm-445">
         <name>_lock</name>
         <value>0x20000480</value>
         <object_component_ref idref="oc-10e"/>
      </symbol>
      <symbol id="sm-446">
         <name>_unlock</name>
         <value>0x20000484</value>
         <object_component_ref idref="oc-10e"/>
      </symbol>
      <symbol id="sm-447">
         <name>_register_lock</name>
         <value>0x7957</value>
         <object_component_ref idref="oc-195"/>
      </symbol>
      <symbol id="sm-448">
         <name>_register_unlock</name>
         <value>0x7951</value>
         <object_component_ref idref="oc-195"/>
      </symbol>
      <symbol id="sm-45d">
         <name>_args_main</name>
         <value>0x7939</value>
         <object_component_ref idref="oc-6a"/>
      </symbol>
      <symbol id="sm-483">
         <name>__TI_auto_init</name>
         <value>0x7439</value>
         <object_component_ref idref="oc-64"/>
      </symbol>
      <symbol id="sm-49d">
         <name>copy_in</name>
         <value>0x7745</value>
         <object_component_ref idref="oc-fe"/>
      </symbol>
      <symbol id="sm-49f">
         <name>__TI_static_base__</name>
         <value>0x0</value>
      </symbol>
      <symbol id="sm-4a2">
         <name>SHT$$INIT_ARRAY$$Limit</name>
         <value>0x0</value>
      </symbol>
      <symbol id="sm-4a3">
         <name>SHT$$INIT_ARRAY$$Base</name>
         <value>0x0</value>
      </symbol>
   </symbol_table>
   <title>Link successful</title>
</link_info>
