******************************************************************************
                  TI ARM Linker PC v5.2.5                      
******************************************************************************
>> Linked Sun Nov 22 15:55:08 2015

OUTPUT FILE NAME:   <lab10.out>
ENTRY POINT SYMBOL: "_c_int00"  address: 00002a05


MEMORY CONFIGURATION

         name            origin    length      used     unused   attr    fill
----------------------  --------  ---------  --------  --------  ----  --------
  FLASH                 00000000   00040000  0000458e  0003ba72  R  X
  SRAM                  20000000   00008000  000006a4  0000795c  RW X


SEGMENT ALLOCATION MAP

run origin  load origin   length   init length attrs members
----------  ----------- ---------- ----------- ----- -------
00000000    00000000    00004590   00004590    r-x
  00000000    00000000    0000026c   0000026c    r-- .intvecs
  0000026c    0000026c    00002cd6   00002cd6    r-x .text
  00002f44    00002f44    00001574   00001574    r-- .const
  000044b8    000044b8    000000d8   000000d8    r-- .cinit
20000000    20000000    000006a4   00000000    rw-
  20000000    20000000    00000400   00000000    rw- .stack
  20000400    20000400    00000184   00000000    rw- .bss
  20000584    20000584    00000120   00000000    rw- .data


SECTION ALLOCATION MAP

 output                                  attributes/
section   page    origin      length       input sections
--------  ----  ----------  ----------   ----------------
.intvecs   0    00000000    0000026c     
                  00000000    0000026c     tm4c123gh6pm_startup_ccs.obj (.intvecs)

.text      0    0000026c    00002cd6     
                  0000026c    00000988     Kentec320x240x16_ssd2119_8bit.obj (.text)
                  00000bf4    00000460     touch.obj (.text)
                  00001054    00000370     grlib.lib : image.obj (.text:InternalImageDraw)
                  000013c4    000002e4               : image.obj (.text:PixelTransparentDraw)
                  000016a8    00000256               : string.obj (.text:GrFontGlyphRender)
                  000018fe    00000194               : canvas.obj (.text:CanvasPaint)
                  00001a92    00000176               : pushbutton.obj (.text:RectangularButtonPaint)
                  00001c08    00000132     driverlib.lib : gpio.obj (.text:GPIOPadConfigSet)
                  00001d3a    00000002     --HOLE-- [fill = 0]
                  00001d3c    00000110                   : sysctl.obj (.text:SysCtlClockGet)
                  00001e4c    000000f4                   : sysctl.obj (.text:SysCtlClockSet)
                  00001f40    000000f2     grlib.lib : pushbutton.obj (.text:RectangularButtonClick)
                  00002032    00000002     --HOLE-- [fill = 0]
                  00002034    000000e8               : widget.obj (.text:WidgetMessageQueueAdd)
                  0000211c    000000c4               : string.obj (.text:GrDefaultStringRenderer)
                  000021e0    000000b4               : widget.obj (.text:WidgetMessageSendPostOrder)
                  00002294    000000a8     main.obj (.text)
                  0000233c    0000009c     rtsv7M4_T_le_v4SPD16_eabi.lib : memcpy_t2.obj (.text)
                  000023d8    00000086     grlib.lib : rectangle.obj (.text:GrRectFill)
                  0000245e    0000007a     driverlib.lib : adc.obj (.text:ADCSequenceStepConfigure)
                  000024d8    0000007a     rtsv7M4_T_le_v4SPD16_eabi.lib : memset_t2.obj (.text)
                  00002552    00000002     --HOLE-- [fill = 0]
                  00002554    0000006c                                   : autoinit.obj (.text)
                  000025c0    0000006a     grlib.lib : string.obj (.text:GrStringWidthGet)
                  0000262a    0000006a     rtsv7M4_T_le_v4SPD16_eabi.lib : copy_decompress_rle.obj (.text)
                  00002694    00000068     grlib.lib : context.obj (.text:GrContextInit)
                  000026fc    00000068     driverlib.lib : interrupt.obj (.text:IntEnable)
                  00002764    00000066     grlib.lib : rectangle.obj (.text:GrRectDraw)
                  000027ca    00000002     --HOLE-- [fill = 0]
                  000027cc    00000064               : widget.obj (.text:WidgetMessageQueueProcess)
                  00002830    00000062               : context.obj (.text:GrContextClipRegionSet)
                  00002892    00000002     --HOLE-- [fill = 0]
                  00002894    00000060     driverlib.lib : timer.obj (.text:TimerConfigure)
                  000028f4    0000005c     grlib.lib : widget.obj (.text:WidgetMessageSendPreOrder)
                  00002950    0000005a               : string.obj (.text:FontWideGlyphDataGet)
                  000029aa    00000002     --HOLE-- [fill = 0]
                  000029ac    00000058     driverlib.lib : timer.obj (.text:TimerControlTrigger)
                  00002a04    00000050     rtsv7M4_T_le_v4SPD16_eabi.lib : boot.obj (.text)
                  00002a54    0000004c                                   : cpy_tbl.obj (.text)
                  00002aa0    0000004a     grlib.lib : string.obj (.text:UpdateContextCharMapping)
                  00002aea    00000046               : line.obj (.text:GrLineDrawH)
                  00002b30    00000046               : line.obj (.text:GrLineDrawV)
                  00002b76    00000002     --HOLE-- [fill = 0]
                  00002b78    00000044     rtsv7M4_T_le_v4SPD16_eabi.lib : exit.obj (.text)
                  00002bbc    0000003e     driverlib.lib : adc.obj (.text:ADCSequenceConfigure)
                  00002bfa    0000003a     grlib.lib : string.obj (.text:FontGlyphDataGet)
                  00002c34    00000034     driverlib.lib : sysctl.obj (.text:SysCtlPeripheralEnable)
                  00002c68    0000002e     grlib.lib : string.obj (.text:GrStringNextCharGet)
                  00002c96    0000002c               : string.obj (.text:GrFontBaselineGet)
                  00002cc2    0000002c               : string.obj (.text:GrFontHeightGet)
                  00002cee    0000002a     driverlib.lib : gpio.obj (.text:GPIODirModeSet)
                  00002d18    0000002a     grlib.lib : widget.obj (.text:WidgetIsInTree)
                  00002d42    00000028               : pushbutton.obj (.text:RectangularButtonMsgProc)
                  00002d6a    00000026               : string.obj (.text:GrFontInfoGet)
                  00002d90    00000024               : widget.obj (.text:WidgetAdd)
                  00002db4    00000022               : string.obj (.text:GrFontGlyphDataGet)
                  00002dd6    0000001e               : string.obj (.text:GrFontCodepageGet)
                  00002df4    0000001c               : widget.obj (.text:WidgetPointerMessage)
                  00002e10    00000018     driverlib.lib : gpio.obj (.text:GPIOPinTypeGPIOOutput)
                  00002e28    00000018     rtsv7M4_T_le_v4SPD16_eabi.lib : args_main.obj (.text)
                  00002e40    00000016     grlib.lib : string.obj (.text:GrStringDraw)
                  00002e56    00000014               : canvas.obj (.text:CanvasMsgProc)
                  00002e6a    00000014               : widget.obj (.text:WidgetMutexGet)
                  00002e7e    00000002     --HOLE-- [fill = 0]
                  00002e80    00000014     rtsv7M4_T_le_v4SPD16_eabi.lib : _lock.obj (.text)
                  00002e94    00000012     driverlib.lib : timer.obj (.text:TimerLoadSet)
                  00002ea6    00000010                   : adc.obj (.text:ADCIntEnable)
                  00002eb6    0000000e                   : adc.obj (.text:ADCHardwareOversampleConfigure)
                  00002ec4    0000000e                   : adc.obj (.text:ADCSequenceEnable)
                  00002ed2    0000000e     grlib.lib : image.obj (.text:GrImageDraw)
                  00002ee0    0000000e     driverlib.lib : timer.obj (.text:TimerEnable)
                  00002eee    0000000e     rtsv7M4_T_le_v4SPD16_eabi.lib : copy_decompress_none.obj (.text:decompress:none)
                  00002efc    0000000c                                   : copy_zero_init.obj (.text:decompress:ZI)
                  00002f08    0000000c     tm4c123gh6pm_startup_ccs.obj (.text)
                  00002f14    00000008     grlib.lib : charmap.obj (.text:GrMapISO8859_1_Unicode)
                  00002f1c    00000006     driverlib.lib : gpio.obj (.text:GPIOPinWrite)
                  00002f22    00000006     grlib.lib : string.obj (.text:GrContextFontSet)
                  00002f28    00000006     driverlib.lib : sysctl.obj (.text:SysCtlDelay)
                  00002f2e    00000006     grlib.lib : widget.obj (.text:WidgetMutexPut)
                  00002f34    00000006     rtsv7M4_T_le_v4SPD16_eabi.lib : copy_decompress_rle.obj (.text:decompress:rle24)
                  00002f3a    00000004     grlib.lib : widget.obj (.text:WidgetDefaultMsgProc)
                  00002f3e    00000004     rtsv7M4_T_le_v4SPD16_eabi.lib : pre_init.obj (.text)

.const     0    00002f44    00001574     
                  00002f44    0000095e     grlib.lib : fontcm20.obj (.const:.string:g_pui8Cm20Data)
                  000038a2    0000091e               : fontcmss22b.obj (.const:.string:g_pui8Cmss22bData)
                  000041c0    000000c8               : fontcm20.obj (.const:g_sFontCm20)
                  00004288    000000c8               : fontcmss22b.obj (.const:g_sFontCmss22b)
                  00004350    00000070     driverlib.lib : interrupt.obj (.const)
                  000043c0    0000006c                   : sysctl.obj (.const:g_pui32Xtals)
                  0000442c    00000038     touch.obj (.const:g_lTouchParameters)
                  00004464    00000028     Kentec320x240x16_ssd2119_8bit.obj (.const:g_sKentec320x240x16_SSD2119)
                  0000448c    0000001c     main.obj (.const:.string)
                  000044a8    00000010     grlib.lib : context.obj (.const)

.cinit     0    000044b8    000000d8     
                  000044b8    000000b3     (.cinit..data.load) [load image, compression = rle]
                  0000456b    00000001     --HOLE-- [fill = 0]
                  0000456c    0000000c     (__TI_handler_table)
                  00004578    00000008     (.cinit..bss.load) [load image, compression = zero_init]
                  00004580    00000010     (__TI_cinit_table)

.init_array 
*          0    00000000    00000000     UNINITIALIZED

.stack     0    20000000    00000400     UNINITIALIZED
                  20000000    00000400     --HOLE--

.bss       0    20000400    00000184     UNINITIALIZED
                  20000400    00000140     grlib.lib : widget.obj (.bss:g_psMQ)
                  20000540    00000020     (.common:g_pui8Dictionary)
                  20000560    00000010     (.common:g_psSamples)
                  20000570    00000004     (.common:g_pfnTSHandler)
                  20000574    00000004     (.common:g_plParmSet)
                  20000578    00000004     (.common:g_psGrLibDefaults)
                  2000057c    00000004     (.common:g_ulTSState)
                  20000580    00000002     (.common:g_sTouchX)
                  20000582    00000002     (.common:g_sTouchY)

.TI.noinit 
*          0    20000400    00000000     UNINITIALIZED

.data      0    20000584    00000120     UNINITIALIZED
                  20000584    00000050     main.obj (.data:g_sPushBtn)
                  200005d4    00000040     main.obj (.data:g_sBackground)
                  20000614    00000040     main.obj (.data:g_sHeading)
                  20000654    0000002d     grlib.lib : widget.obj (.data)
                  20000681    00000001     main.obj (.data)
                  20000682    00000002     --HOLE--
                  20000684    00000008     Kentec320x240x16_ssd2119_8bit.obj (.data)
                  2000068c    00000008     rtsv7M4_T_le_v4SPD16_eabi.lib : _lock.obj (.data)
                  20000694    00000008                                   : exit.obj (.data)
                  2000069c    00000004                                   : stkdepth_vars.obj (.data)
                  200006a0    00000004     touch.obj (.data)

.TI.persistent 
*          0    20000584    00000000     UNINITIALIZED


LINKER GENERATED COPY TABLES

__TI_cinit_table @ 00004580 records: 2, size/record: 8, table size: 16
	.data: load addr=000044b8, load size=000000b3 bytes, run addr=20000584, run size=00000120 bytes, compression=rle
	.bss: load addr=00004578, load size=00000008 bytes, run addr=20000400, run size=00000184 bytes, compression=zero_init


LINKER GENERATED HANDLER TABLE

__TI_handler_table @ 0000456c records: 3, size/record: 4, table size: 12
	index: 0, handler: __TI_decompress_rle24
	index: 1, handler: __TI_decompress_none
	index: 2, handler: __TI_zero_init


GLOBAL SYMBOLS: SORTED ALPHABETICALLY BY Name 

address   name                          
-------   ----                          
00002eb7  ADCHardwareOversampleConfigure
00002ea7  ADCIntEnable                  
00002bbd  ADCSequenceConfigure          
00002ec5  ADCSequenceEnable             
0000245f  ADCSequenceStepConfigure      
00002b79  C$$EXIT                       
00002e57  CanvasMsgProc                 
00002cef  GPIODirModeSet                
00001c09  GPIOPadConfigSet              
00002e11  GPIOPinTypeGPIOOutput         
00002f1d  GPIOPinWrite                  
00002831  GrContextClipRegionSet        
00002f23  GrContextFontSet              
00002695  GrContextInit                 
0000211d  GrDefaultStringRenderer       
00002c97  GrFontBaselineGet             
00002dd7  GrFontCodepageGet             
00002db5  GrFontGlyphDataGet            
000016a9  GrFontGlyphRender             
00002cc3  GrFontHeightGet               
00002d6b  GrFontInfoGet                 
00002ed3  GrImageDraw                   
00002aeb  GrLineDrawH                   
00002b31  GrLineDrawV                   
00002f15  GrMapISO8859_1_Unicode        
00002765  GrRectDraw                    
000023d9  GrRectFill                    
00002e41  GrStringDraw                  
00002c69  GrStringNextCharGet           
000025c1  GrStringWidthGet              
000026fd  IntEnable                     
00000421  Kentec320x240x16_SSD2119Init  
00000287  LED_OFF                       
0000026d  LED_ON                        
00002295  OnButtonPress                 
00002d43  RectangularButtonMsgProc      
00002f09  ResetISR                      
UNDEFED   SHT$$INIT_ARRAY$$Base         
UNDEFED   SHT$$INIT_ARRAY$$Limit        
00001d3d  SysCtlClockGet                
00001e4d  SysCtlClockSet                
00002f29  SysCtlDelay                   
00002c35  SysCtlPeripheralEnable        
00002895  TimerConfigure                
000029ad  TimerControlTrigger           
00002ee1  TimerEnable                   
00002e95  TimerLoadSet                  
00000fe9  TouchScreenCallbackSet        
00000f1d  TouchScreenInit               
00000de7  TouchScreenIntHandler         
00002d91  WidgetAdd                     
00002f3b  WidgetDefaultMsgProc          
00002035  WidgetMessageQueueAdd         
000027cd  WidgetMessageQueueProcess     
000021e1  WidgetMessageSendPostOrder    
000028f5  WidgetMessageSendPreOrder     
00002e6b  WidgetMutexGet                
00002f2f  WidgetMutexPut                
00002df5  WidgetPointerMessage          
20000688  WriteCommand                  
20000684  WriteData                     
20000400  __STACK_END                   
00000400  __STACK_SIZE                  
20000400  __STACK_TOP                   
00004580  __TI_CINIT_Base               
00004590  __TI_CINIT_Limit              
0000456c  __TI_Handler_Table_Base       
00004578  __TI_Handler_Table_Limit      
00002555  __TI_auto_init                
20000694  __TI_cleanup_ptr              
00002eef  __TI_decompress_none          
00002f35  __TI_decompress_rle24         
20000698  __TI_dtors_ptr                
00000000  __TI_static_base__            
00002efd  __TI_zero_init                
000024d9  __aeabi_memclr                
000024d9  __aeabi_memclr4               
000024d9  __aeabi_memclr8               
0000233d  __aeabi_memcpy                
0000233d  __aeabi_memcpy4               
0000233d  __aeabi_memcpy8               
000024db  __aeabi_memset                
000024db  __aeabi_memset4               
000024db  __aeabi_memset8               
ffffffff  __binit__                     
ffffffff  __c_args__                    
20000000  __stack                       
00002e29  _args_main                    
00002a05  _c_int00                      
2000068c  _lock                         
00002e8f  _nop                          
00002e87  _register_lock                
00002e81  _register_unlock              
00002f3f  _system_pre_init              
20000690  _unlock                       
00002b7d  abort                         
ffffffff  binit                         
00002a55  copy_in                       
00002b85  exit                          
20000681  g_RedLedOn                    
0000442c  g_lTouchParameters            
00000000  g_pfnVectors                  
20000574  g_plParmSet                   
000044a8  g_psDefaultCodePointMapTable  
200005d4  g_sBackground                 
000041c0  g_sFontCm20                   
00004288  g_sFontCmss22b                
20000614  g_sHeading                    
00004464  g_sKentec320x240x16_SSD2119   
20000584  g_sPushBtn                    
20000654  g_sRoot                       
200006a0  g_sTouchMin                   
20000580  g_sTouchX                     
20000582  g_sTouchY                     
000022d1  main                          
2000069c  main_func_sp                  
0000233d  memcpy                        
000024e1  memset                        


GLOBAL SYMBOLS: SORTED BY Symbol Address 

address   name                          
-------   ----                          
00000000  __TI_static_base__            
00000000  g_pfnVectors                  
0000026d  LED_ON                        
00000287  LED_OFF                       
00000400  __STACK_SIZE                  
00000421  Kentec320x240x16_SSD2119Init  
00000de7  TouchScreenIntHandler         
00000f1d  TouchScreenInit               
00000fe9  TouchScreenCallbackSet        
000016a9  GrFontGlyphRender             
00001c09  GPIOPadConfigSet              
00001d3d  SysCtlClockGet                
00001e4d  SysCtlClockSet                
00002035  WidgetMessageQueueAdd         
0000211d  GrDefaultStringRenderer       
000021e1  WidgetMessageSendPostOrder    
00002295  OnButtonPress                 
000022d1  main                          
0000233d  __aeabi_memcpy                
0000233d  __aeabi_memcpy4               
0000233d  __aeabi_memcpy8               
0000233d  memcpy                        
000023d9  GrRectFill                    
0000245f  ADCSequenceStepConfigure      
000024d9  __aeabi_memclr                
000024d9  __aeabi_memclr4               
000024d9  __aeabi_memclr8               
000024db  __aeabi_memset                
000024db  __aeabi_memset4               
000024db  __aeabi_memset8               
000024e1  memset                        
00002555  __TI_auto_init                
000025c1  GrStringWidthGet              
00002695  GrContextInit                 
000026fd  IntEnable                     
00002765  GrRectDraw                    
000027cd  WidgetMessageQueueProcess     
00002831  GrContextClipRegionSet        
00002895  TimerConfigure                
000028f5  WidgetMessageSendPreOrder     
000029ad  TimerControlTrigger           
00002a05  _c_int00                      
00002a55  copy_in                       
00002aeb  GrLineDrawH                   
00002b31  GrLineDrawV                   
00002b79  C$$EXIT                       
00002b7d  abort                         
00002b85  exit                          
00002bbd  ADCSequenceConfigure          
00002c35  SysCtlPeripheralEnable        
00002c69  GrStringNextCharGet           
00002c97  GrFontBaselineGet             
00002cc3  GrFontHeightGet               
00002cef  GPIODirModeSet                
00002d43  RectangularButtonMsgProc      
00002d6b  GrFontInfoGet                 
00002d91  WidgetAdd                     
00002db5  GrFontGlyphDataGet            
00002dd7  GrFontCodepageGet             
00002df5  WidgetPointerMessage          
00002e11  GPIOPinTypeGPIOOutput         
00002e29  _args_main                    
00002e41  GrStringDraw                  
00002e57  CanvasMsgProc                 
00002e6b  WidgetMutexGet                
00002e81  _register_unlock              
00002e87  _register_lock                
00002e8f  _nop                          
00002e95  TimerLoadSet                  
00002ea7  ADCIntEnable                  
00002eb7  ADCHardwareOversampleConfigure
00002ec5  ADCSequenceEnable             
00002ed3  GrImageDraw                   
00002ee1  TimerEnable                   
00002eef  __TI_decompress_none          
00002efd  __TI_zero_init                
00002f09  ResetISR                      
00002f15  GrMapISO8859_1_Unicode        
00002f1d  GPIOPinWrite                  
00002f23  GrContextFontSet              
00002f29  SysCtlDelay                   
00002f2f  WidgetMutexPut                
00002f35  __TI_decompress_rle24         
00002f3b  WidgetDefaultMsgProc          
00002f3f  _system_pre_init              
000041c0  g_sFontCm20                   
00004288  g_sFontCmss22b                
0000442c  g_lTouchParameters            
00004464  g_sKentec320x240x16_SSD2119   
000044a8  g_psDefaultCodePointMapTable  
0000456c  __TI_Handler_Table_Base       
00004578  __TI_Handler_Table_Limit      
00004580  __TI_CINIT_Base               
00004590  __TI_CINIT_Limit              
20000000  __stack                       
20000400  __STACK_END                   
20000400  __STACK_TOP                   
20000574  g_plParmSet                   
20000580  g_sTouchX                     
20000582  g_sTouchY                     
20000584  g_sPushBtn                    
200005d4  g_sBackground                 
20000614  g_sHeading                    
20000654  g_sRoot                       
20000681  g_RedLedOn                    
20000684  WriteData                     
20000688  WriteCommand                  
2000068c  _lock                         
20000690  _unlock                       
20000694  __TI_cleanup_ptr              
20000698  __TI_dtors_ptr                
2000069c  main_func_sp                  
200006a0  g_sTouchMin                   
ffffffff  __binit__                     
ffffffff  __c_args__                    
ffffffff  binit                         
UNDEFED   SHT$$INIT_ARRAY$$Base         
UNDEFED   SHT$$INIT_ARRAY$$Limit        

[118 symbols]
