******************************************************************************
                  TI ARM Linker PC v5.2.5                      
******************************************************************************
>> Linked Sun Nov 22 15:12:48 2015

OUTPUT FILE NAME:   <lab10.out>
ENTRY POINT SYMBOL: "_c_int00"  address: 000085e5


MEMORY CONFIGURATION

         name            origin    length      used     unused   attr    fill
----------------------  --------  ---------  --------  --------  ----  --------
  FLASH                 00000000   00040000  00008a48  000375b8  R  X
  SRAM                  20000000   00008000  00000498  00007b68  RW X


SEGMENT ALLOCATION MAP

run origin  load origin   length   init length attrs members
----------  ----------- ---------- ----------- ----- -------
00000000    00000000    00008a48   00008a48    r-x
  00000000    00000000    0000026c   0000026c    r-- .intvecs
  0000026c    0000026c    000061e4   000061e4    r-- .const
  00006450    00006450    000025b8   000025b8    r-x .text
  00008a08    00008a08    00000040   00000040    r-- .cinit
20000000    20000000    00000498   00000000    rw-
  20000000    20000000    00000400   00000000    rw- .stack
  20000400    20000400    00000078   00000000    rw- .bss
  20000478    20000478    00000020   00000000    rw- .data


SECTION ALLOCATION MAP

 output                                  attributes/
section   page    origin      length       input sections
--------  ----  ----------  ----------   ----------------
.intvecs   0    00000000    0000026c     
                  00000000    0000026c     tm4c123gh6pm_startup_ccs.obj (.intvecs)

.const     0    0000026c    000061e4     
                  0000026c    0000531c     pic.obj (.const:.string:g_pui8Image)
                  00005588    00000cb4     grlib.lib : fontcmss30b.obj (.const:.string:g_pui8Cmss30bData)
                  0000623c    000000c8               : fontcmss30b.obj (.const:g_sFontCmss30b)
                  00006304    00000070     driverlib.lib : interrupt.obj (.const)
                  00006374    0000006c                   : sysctl.obj (.const:g_pui32Xtals)
                  000063e0    00000038     touch.obj (.const:g_lTouchParameters)
                  00006418    00000028     Kentec320x240x16_ssd2119_8bit.obj (.const:g_sKentec320x240x16_SSD2119)
                  00006440    00000010     grlib.lib : context.obj (.const)

.text      0    00006450    000025b8     
                  00006450    00000988     Kentec320x240x16_ssd2119_8bit.obj (.text)
                  00006dd8    00000460     touch.obj (.text)
                  00007238    00000370     grlib.lib : image.obj (.text:InternalImageDraw)
                  000075a8    000002e4               : image.obj (.text:PixelTransparentDraw)
                  0000788c    00000256               : string.obj (.text:GrFontGlyphRender)
                  00007ae2    00000002     --HOLE-- [fill = 0]
                  00007ae4    000001c8     main.obj (.text)
                  00007cac    00000132     driverlib.lib : gpio.obj (.text:GPIOPadConfigSet)
                  00007dde    00000002     --HOLE-- [fill = 0]
                  00007de0    00000110                   : sysctl.obj (.text:SysCtlClockGet)
                  00007ef0    000000f4                   : sysctl.obj (.text:SysCtlClockSet)
                  00007fe4    000000c4     grlib.lib : string.obj (.text:GrDefaultStringRenderer)
                  000080a8    0000009c     rtsv7M4_T_le_v4SPD16_eabi.lib : memcpy_t2.obj (.text)
                  00008144    00000086     grlib.lib : rectangle.obj (.text:GrRectFill)
                  000081ca    0000007a     driverlib.lib : adc.obj (.text:ADCSequenceStepConfigure)
                  00008244    0000007a     rtsv7M4_T_le_v4SPD16_eabi.lib : memset_t2.obj (.text)
                  000082be    00000002     --HOLE-- [fill = 0]
                  000082c0    0000006c                                   : autoinit.obj (.text)
                  0000832c    0000006a                                   : copy_decompress_rle.obj (.text)
                  00008396    00000002     --HOLE-- [fill = 0]
                  00008398    00000068     grlib.lib : context.obj (.text:GrContextInit)
                  00008400    00000068     driverlib.lib : interrupt.obj (.text:IntEnable)
                  00008468    00000066     grlib.lib : rectangle.obj (.text:GrRectDraw)
                  000084ce    00000002     --HOLE-- [fill = 0]
                  000084d0    00000060     driverlib.lib : timer.obj (.text:TimerConfigure)
                  00008530    0000005a     grlib.lib : string.obj (.text:FontWideGlyphDataGet)
                  0000858a    00000002     --HOLE-- [fill = 0]
                  0000858c    00000058     driverlib.lib : timer.obj (.text:TimerControlTrigger)
                  000085e4    00000050     rtsv7M4_T_le_v4SPD16_eabi.lib : boot.obj (.text)
                  00008634    0000004c                                   : cpy_tbl.obj (.text)
                  00008680    0000004a     grlib.lib : string.obj (.text:UpdateContextCharMapping)
                  000086ca    00000046               : line.obj (.text:GrLineDrawH)
                  00008710    00000046               : line.obj (.text:GrLineDrawV)
                  00008756    00000002     --HOLE-- [fill = 0]
                  00008758    00000044     rtsv7M4_T_le_v4SPD16_eabi.lib : exit.obj (.text)
                  0000879c    0000003e     driverlib.lib : adc.obj (.text:ADCSequenceConfigure)
                  000087da    0000003a     grlib.lib : string.obj (.text:FontGlyphDataGet)
                  00008814    00000034     driverlib.lib : sysctl.obj (.text:SysCtlPeripheralEnable)
                  00008848    0000002e     grlib.lib : string.obj (.text:GrStringNextCharGet)
                  00008876    0000002a     driverlib.lib : gpio.obj (.text:GPIODirModeSet)
                  000088a0    00000026     grlib.lib : string.obj (.text:GrFontInfoGet)
                  000088c6    00000022               : string.obj (.text:GrFontGlyphDataGet)
                  000088e8    0000001e               : string.obj (.text:GrFontCodepageGet)
                  00008906    00000018     driverlib.lib : gpio.obj (.text:GPIOPinTypeGPIOOutput)
                  0000891e    00000002     --HOLE-- [fill = 0]
                  00008920    00000018     rtsv7M4_T_le_v4SPD16_eabi.lib : args_main.obj (.text)
                  00008938    00000016     grlib.lib : string.obj (.text:GrStringDraw)
                  0000894e    00000002     --HOLE-- [fill = 0]
                  00008950    00000014     rtsv7M4_T_le_v4SPD16_eabi.lib : _lock.obj (.text)
                  00008964    00000012     driverlib.lib : timer.obj (.text:TimerLoadSet)
                  00008976    00000010                   : adc.obj (.text:ADCIntEnable)
                  00008986    0000000e                   : adc.obj (.text:ADCHardwareOversampleConfigure)
                  00008994    0000000e                   : adc.obj (.text:ADCSequenceEnable)
                  000089a2    0000000e     grlib.lib : image.obj (.text:GrImageDraw)
                  000089b0    0000000e     driverlib.lib : timer.obj (.text:TimerEnable)
                  000089be    0000000e     rtsv7M4_T_le_v4SPD16_eabi.lib : copy_decompress_none.obj (.text:decompress:none)
                  000089cc    0000000c                                   : copy_zero_init.obj (.text:decompress:ZI)
                  000089d8    0000000c     tm4c123gh6pm_startup_ccs.obj (.text)
                  000089e4    00000008     grlib.lib : charmap.obj (.text:GrMapISO8859_1_Unicode)
                  000089ec    00000006     driverlib.lib : gpio.obj (.text:GPIOPinWrite)
                  000089f2    00000006     grlib.lib : string.obj (.text:GrContextFontSet)
                  000089f8    00000006     driverlib.lib : sysctl.obj (.text:SysCtlDelay)
                  000089fe    00000006     rtsv7M4_T_le_v4SPD16_eabi.lib : copy_decompress_rle.obj (.text:decompress:rle24)
                  00008a04    00000004                                   : pre_init.obj (.text)

.cinit     0    00008a08    00000040     
                  00008a08    0000001b     (.cinit..data.load) [load image, compression = rle]
                  00008a23    00000001     --HOLE-- [fill = 0]
                  00008a24    0000000c     (__TI_handler_table)
                  00008a30    00000008     (.cinit..bss.load) [load image, compression = zero_init]
                  00008a38    00000010     (__TI_cinit_table)

.init_array 
*          0    00000000    00000000     UNINITIALIZED

.stack     0    20000000    00000400     UNINITIALIZED
                  20000000    00000400     --HOLE--

.bss       0    20000400    00000078     UNINITIALIZED
                  20000400    0000002c     main.obj (.bss:sContext)
                  2000042c    00000020     (.common:g_pui8Dictionary)
                  2000044c    00000010     (.common:g_psSamples)
                  2000045c    00000008     (.common:sRect)
                  20000464    00000004     (.common:g_pfnTSHandler)
                  20000468    00000004     (.common:g_plParmSet)
                  2000046c    00000004     (.common:g_psGrLibDefaults)
                  20000470    00000004     (.common:g_ulTSState)
                  20000474    00000002     (.common:g_sTouchX)
                  20000476    00000002     (.common:g_sTouchY)

.TI.noinit 
*          0    20000400    00000000     UNINITIALIZED

.data      0    20000478    00000020     UNINITIALIZED
                  20000478    00000008     Kentec320x240x16_ssd2119_8bit.obj (.data)
                  20000480    00000008     rtsv7M4_T_le_v4SPD16_eabi.lib : _lock.obj (.data)
                  20000488    00000008                                   : exit.obj (.data)
                  20000490    00000004                                   : stkdepth_vars.obj (.data)
                  20000494    00000004     touch.obj (.data)

.TI.persistent 
*          0    20000478    00000000     UNINITIALIZED


LINKER GENERATED COPY TABLES

__TI_cinit_table @ 00008a38 records: 2, size/record: 8, table size: 16
	.data: load addr=00008a08, load size=0000001b bytes, run addr=20000478, run size=00000020 bytes, compression=rle
	.bss: load addr=00008a30, load size=00000008 bytes, run addr=20000400, run size=00000078 bytes, compression=zero_init


LINKER GENERATED HANDLER TABLE

__TI_handler_table @ 00008a24 records: 3, size/record: 4, table size: 12
	index: 0, handler: __TI_decompress_rle24
	index: 1, handler: __TI_decompress_none
	index: 2, handler: __TI_zero_init


GLOBAL SYMBOLS: SORTED ALPHABETICALLY BY Name 

address   name                          
-------   ----                          
00008987  ADCHardwareOversampleConfigure
00008977  ADCIntEnable                  
0000879d  ADCSequenceConfigure          
00008995  ADCSequenceEnable             
000081cb  ADCSequenceStepConfigure      
00008759  C$$EXIT                       
00007c0d  ClrScreen                     
00008877  GPIODirModeSet                
00007cad  GPIOPadConfigSet              
00008907  GPIOPinTypeGPIOOutput         
000089ed  GPIOPinWrite                  
000089f3  GrContextFontSet              
00008399  GrContextInit                 
00007fe5  GrDefaultStringRenderer       
000088e9  GrFontCodepageGet             
000088c7  GrFontGlyphDataGet            
0000788d  GrFontGlyphRender             
000088a1  GrFontInfoGet                 
000089a3  GrImageDraw                   
000086cb  GrLineDrawH                   
00008711  GrLineDrawV                   
000089e5  GrMapISO8859_1_Unicode        
00008469  GrRectDraw                    
00008145  GrRectFill                    
00008939  GrStringDraw                  
00008849  GrStringNextCharGet           
00008401  IntEnable                     
00006605  Kentec320x240x16_SSD2119Init  
0000646b  LED_OFF                       
00006451  LED_ON                        
000089d9  ResetISR                      
UNDEFED   SHT$$INIT_ARRAY$$Base         
UNDEFED   SHT$$INIT_ARRAY$$Limit        
00007de1  SysCtlClockGet                
00007ef1  SysCtlClockSet                
000089f9  SysCtlDelay                   
00008815  SysCtlPeripheralEnable        
000084d1  TimerConfigure                
0000858d  TimerControlTrigger           
000089b1  TimerEnable                   
00008965  TimerLoadSet                  
000071cd  TouchScreenCallbackSet        
00007101  TouchScreenInit               
00006fcb  TouchScreenIntHandler         
2000047c  WriteCommand                  
20000478  WriteData                     
20000400  __STACK_END                   
00000400  __STACK_SIZE                  
20000400  __STACK_TOP                   
00008a38  __TI_CINIT_Base               
00008a48  __TI_CINIT_Limit              
00008a24  __TI_Handler_Table_Base       
00008a30  __TI_Handler_Table_Limit      
000082c1  __TI_auto_init                
20000488  __TI_cleanup_ptr              
000089bf  __TI_decompress_none          
000089ff  __TI_decompress_rle24         
2000048c  __TI_dtors_ptr                
00000000  __TI_static_base__            
000089cd  __TI_zero_init                
00008245  __aeabi_memclr                
00008245  __aeabi_memclr4               
00008245  __aeabi_memclr8               
000080a9  __aeabi_memcpy                
000080a9  __aeabi_memcpy4               
000080a9  __aeabi_memcpy8               
00008247  __aeabi_memset                
00008247  __aeabi_memset4               
00008247  __aeabi_memset8               
ffffffff  __binit__                     
ffffffff  __c_args__                    
20000000  __stack                       
00008921  _args_main                    
000085e5  _c_int00                      
20000480  _lock                         
0000895f  _nop                          
00008957  _register_lock                
00008951  _register_unlock              
00008a05  _system_pre_init              
20000484  _unlock                       
0000875d  abort                         
ffffffff  binit                         
00008635  copy_in                       
00008765  exit                          
000063e0  g_lTouchParameters            
00000000  g_pfnVectors                  
20000468  g_plParmSet                   
00006440  g_psDefaultCodePointMapTable  
0000026c  g_pui8Image                   
0000623c  g_sFontCmss30b                
00006418  g_sKentec320x240x16_SSD2119   
20000494  g_sTouchMin                   
20000474  g_sTouchX                     
20000476  g_sTouchY                     
00007ae5  main                          
20000490  main_func_sp                  
000080a9  memcpy                        
0000824d  memset                        
20000400  sContext                      
2000045c  sRect                         


GLOBAL SYMBOLS: SORTED BY Symbol Address 

address   name                          
-------   ----                          
00000000  __TI_static_base__            
00000000  g_pfnVectors                  
0000026c  g_pui8Image                   
00000400  __STACK_SIZE                  
0000623c  g_sFontCmss30b                
000063e0  g_lTouchParameters            
00006418  g_sKentec320x240x16_SSD2119   
00006440  g_psDefaultCodePointMapTable  
00006451  LED_ON                        
0000646b  LED_OFF                       
00006605  Kentec320x240x16_SSD2119Init  
00006fcb  TouchScreenIntHandler         
00007101  TouchScreenInit               
000071cd  TouchScreenCallbackSet        
0000788d  GrFontGlyphRender             
00007ae5  main                          
00007c0d  ClrScreen                     
00007cad  GPIOPadConfigSet              
00007de1  SysCtlClockGet                
00007ef1  SysCtlClockSet                
00007fe5  GrDefaultStringRenderer       
000080a9  __aeabi_memcpy                
000080a9  __aeabi_memcpy4               
000080a9  __aeabi_memcpy8               
000080a9  memcpy                        
00008145  GrRectFill                    
000081cb  ADCSequenceStepConfigure      
00008245  __aeabi_memclr                
00008245  __aeabi_memclr4               
00008245  __aeabi_memclr8               
00008247  __aeabi_memset                
00008247  __aeabi_memset4               
00008247  __aeabi_memset8               
0000824d  memset                        
000082c1  __TI_auto_init                
00008399  GrContextInit                 
00008401  IntEnable                     
00008469  GrRectDraw                    
000084d1  TimerConfigure                
0000858d  TimerControlTrigger           
000085e5  _c_int00                      
00008635  copy_in                       
000086cb  GrLineDrawH                   
00008711  GrLineDrawV                   
00008759  C$$EXIT                       
0000875d  abort                         
00008765  exit                          
0000879d  ADCSequenceConfigure          
00008815  SysCtlPeripheralEnable        
00008849  GrStringNextCharGet           
00008877  GPIODirModeSet                
000088a1  GrFontInfoGet                 
000088c7  GrFontGlyphDataGet            
000088e9  GrFontCodepageGet             
00008907  GPIOPinTypeGPIOOutput         
00008921  _args_main                    
00008939  GrStringDraw                  
00008951  _register_unlock              
00008957  _register_lock                
0000895f  _nop                          
00008965  TimerLoadSet                  
00008977  ADCIntEnable                  
00008987  ADCHardwareOversampleConfigure
00008995  ADCSequenceEnable             
000089a3  GrImageDraw                   
000089b1  TimerEnable                   
000089bf  __TI_decompress_none          
000089cd  __TI_zero_init                
000089d9  ResetISR                      
000089e5  GrMapISO8859_1_Unicode        
000089ed  GPIOPinWrite                  
000089f3  GrContextFontSet              
000089f9  SysCtlDelay                   
000089ff  __TI_decompress_rle24         
00008a05  _system_pre_init              
00008a24  __TI_Handler_Table_Base       
00008a30  __TI_Handler_Table_Limit      
00008a38  __TI_CINIT_Base               
00008a48  __TI_CINIT_Limit              
20000000  __stack                       
20000400  __STACK_END                   
20000400  __STACK_TOP                   
20000400  sContext                      
2000045c  sRect                         
20000468  g_plParmSet                   
20000474  g_sTouchX                     
20000476  g_sTouchY                     
20000478  WriteData                     
2000047c  WriteCommand                  
20000480  _lock                         
20000484  _unlock                       
20000488  __TI_cleanup_ptr              
2000048c  __TI_dtors_ptr                
20000490  main_func_sp                  
20000494  g_sTouchMin                   
ffffffff  __binit__                     
ffffffff  __c_args__                    
ffffffff  binit                         
UNDEFED   SHT$$INIT_ARRAY$$Base         
UNDEFED   SHT$$INIT_ARRAY$$Limit        

[100 symbols]
