******************************************************************************
                  TI ARM Linker PC v5.2.5                      
******************************************************************************
>> Linked Sun Nov 22 16:11:45 2015

OUTPUT FILE NAME:   <lab12.out>
ENTRY POINT SYMBOL: "_c_int00"  address: 00000929


MEMORY CONFIGURATION

         name            origin    length      used     unused   attr    fill
----------------------  --------  ---------  --------  --------  ----  --------
  FLASH                 00000000   00040000  00000da4  0003f25c  R  X
  SRAM                  20000000   00008000  00000078  00007f88  RW X


SEGMENT ALLOCATION MAP

run origin  load origin   length   init length attrs members
----------  ----------- ---------- ----------- ----- -------
00000000    00000000    00000da8   00000da8    r-x
  00000000    00000000    0000026c   0000026c    r-- .intvecs
  0000026c    0000026c    000009ac   000009ac    r-x .text
  00000c18    00000c18    0000016c   0000016c    r-- .const
  00000d88    00000d88    00000020   00000020    r-- .cinit
20000000    20000000    00000078   00000000    rw-
  20000000    20000000    00000064   00000000    rw- .stack
  20000064    20000064    00000014   00000000    rw- .data


SECTION ALLOCATION MAP

 output                                  attributes/
section   page    origin      length       input sections
--------  ----  ----------  ----------   ----------------
.intvecs   0    00000000    0000026c     
                  00000000    0000026c     tm4c123gh6pm_startup_ccs.obj (.intvecs)

.text      0    0000026c    000009ac     
                  0000026c    00000132     driverlib.lib : gpio.obj (.text:GPIOPadConfigSet)
                  0000039e    00000002     --HOLE-- [fill = 0]
                  000003a0    0000012c     main.obj (.text)
                  000004cc    00000110     driverlib.lib : sysctl.obj (.text:SysCtlClockGet)
                  000005dc    000000f4                   : sysctl.obj (.text:SysCtlClockSet)
                  000006d0    0000009c     rtsv7M4_T_le_v4SPD16_eabi.lib : memcpy_t2.obj (.text)
                  0000076c    0000007a                                   : memset_t2.obj (.text)
                  000007e6    00000002     --HOLE-- [fill = 0]
                  000007e8    0000006c                                   : autoinit.obj (.text)
                  00000854    0000006a                                   : copy_decompress_rle.obj (.text)
                  000008be    00000002     --HOLE-- [fill = 0]
                  000008c0    00000068     driverlib.lib : interrupt.obj (.text:IntEnable)
                  00000928    00000050     rtsv7M4_T_le_v4SPD16_eabi.lib : boot.obj (.text)
                  00000978    0000004c                                   : cpy_tbl.obj (.text)
                  000009c4    00000048     driverlib.lib : gpio.obj (.text:GPIOPinConfigure)
                  00000a0c    00000046                   : uart.obj (.text:UARTConfigSetExpClk)
                  00000a52    00000002     --HOLE-- [fill = 0]
                  00000a54    00000044     rtsv7M4_T_le_v4SPD16_eabi.lib : exit.obj (.text)
                  00000a98    00000034     driverlib.lib : sysctl.obj (.text:SysCtlPeripheralEnable)
                  00000acc    0000002a                   : gpio.obj (.text:GPIODirModeSet)
                  00000af6    00000002     --HOLE-- [fill = 0]
                  00000af8    00000020                   : uart.obj (.text:UARTDisable)
                  00000b18    00000018                   : gpio.obj (.text:GPIOPinTypeGPIOOutput)
                  00000b30    00000018     rtsv7M4_T_le_v4SPD16_eabi.lib : args_main.obj (.text)
                  00000b48    00000014     driverlib.lib : uart.obj (.text:UARTEnable)
                  00000b5c    00000014     rtsv7M4_T_le_v4SPD16_eabi.lib : _lock.obj (.text)
                  00000b70    00000012     driverlib.lib : gpio.obj (.text:GPIOPinTypeUART)
                  00000b82    00000010                   : interrupt.obj (.text:IntMasterEnable)
                  00000b92    0000000e                   : uart.obj (.text:UARTCharGetNonBlocking)
                  00000ba0    0000000e                   : uart.obj (.text:UARTCharPutNonBlocking)
                  00000bae    0000000e                   : uart.obj (.text:UARTCharsAvail)
                  00000bbc    0000000e     rtsv7M4_T_le_v4SPD16_eabi.lib : copy_decompress_none.obj (.text:decompress:none)
                  00000bca    0000000c     driverlib.lib : cpu.obj (.text:CPUcpsie)
                  00000bd6    0000000c     tm4c123gh6pm_startup_ccs.obj (.text)
                  00000be2    0000000a     driverlib.lib : uart.obj (.text:UARTCharPut)
                  00000bec    0000000a                   : uart.obj (.text:UARTIntStatus)
                  00000bf6    00000008                   : uart.obj (.text:UARTIntEnable)
                  00000bfe    00000006                   : gpio.obj (.text:GPIOPinWrite)
                  00000c04    00000006                   : sysctl.obj (.text:SysCtlDelay)
                  00000c0a    00000006     rtsv7M4_T_le_v4SPD16_eabi.lib : copy_decompress_rle.obj (.text:decompress:rle24)
                  00000c10    00000004     driverlib.lib : uart.obj (.text:UARTIntClear)
                  00000c14    00000004     rtsv7M4_T_le_v4SPD16_eabi.lib : pre_init.obj (.text)

.const     0    00000c18    0000016c     
                  00000c18    00000090     driverlib.lib : gpio.obj (.const:g_pui32GPIOBaseAddrs)
                  00000ca8    00000070                   : interrupt.obj (.const)
                  00000d18    0000006c                   : sysctl.obj (.const:g_pui32Xtals)

.cinit     0    00000d88    00000020     
                  00000d88    0000000f     (.cinit..data.load) [load image, compression = rle]
                  00000d97    00000001     --HOLE-- [fill = 0]
                  00000d98    00000008     (__TI_handler_table)
                  00000da0    00000008     (__TI_cinit_table)

.init_array 
*          0    00000000    00000000     UNINITIALIZED

.stack     0    20000000    00000064     UNINITIALIZED
                  20000000    00000064     --HOLE--

.data      0    20000064    00000014     UNINITIALIZED
                  20000064    00000008     rtsv7M4_T_le_v4SPD16_eabi.lib : _lock.obj (.data)
                  2000006c    00000008                                   : exit.obj (.data)
                  20000074    00000004                                   : stkdepth_vars.obj (.data)

.TI.persistent 
*          0    20000064    00000000     UNINITIALIZED


LINKER GENERATED COPY TABLES

__TI_cinit_table @ 00000da0 records: 1, size/record: 8, table size: 8
	.data: load addr=00000d88, load size=0000000f bytes, run addr=20000064, run size=00000014 bytes, compression=rle


LINKER GENERATED HANDLER TABLE

__TI_handler_table @ 00000d98 records: 2, size/record: 4, table size: 8
	index: 0, handler: __TI_decompress_rle24
	index: 1, handler: __TI_decompress_none


GLOBAL SYMBOLS: SORTED ALPHABETICALLY BY Name 

address   name                    
-------   ----                    
00000a55  C$$EXIT                 
00000bcb  CPUcpsie                
00000acd  GPIODirModeSet          
0000026d  GPIOPadConfigSet        
000009c5  GPIOPinConfigure        
00000b19  GPIOPinTypeGPIOOutput   
00000b71  GPIOPinTypeUART         
00000bff  GPIOPinWrite            
000008c1  IntEnable               
00000b83  IntMasterEnable         
00000bd7  ResetISR                
UNDEFED   SHT$$INIT_ARRAY$$Base   
UNDEFED   SHT$$INIT_ARRAY$$Limit  
000004cd  SysCtlClockGet          
000005dd  SysCtlClockSet          
00000c05  SysCtlDelay             
00000a99  SysCtlPeripheralEnable  
00000b93  UARTCharGetNonBlocking  
00000be3  UARTCharPut             
00000ba1  UARTCharPutNonBlocking  
00000baf  UARTCharsAvail          
00000a0d  UARTConfigSetExpClk     
00000af9  UARTDisable             
00000b49  UARTEnable              
00000c11  UARTIntClear            
00000bf7  UARTIntEnable           
000003a1  UARTIntHandler          
00000bed  UARTIntStatus           
20000064  __STACK_END             
00000064  __STACK_SIZE            
20000200  __STACK_TOP             
00000da0  __TI_CINIT_Base         
00000da8  __TI_CINIT_Limit        
00000d98  __TI_Handler_Table_Base 
00000da0  __TI_Handler_Table_Limit
000007e9  __TI_auto_init          
2000006c  __TI_cleanup_ptr        
00000bbd  __TI_decompress_none    
00000c0b  __TI_decompress_rle24   
20000070  __TI_dtors_ptr          
00000000  __TI_static_base__      
0000076d  __aeabi_memclr          
0000076d  __aeabi_memclr4         
0000076d  __aeabi_memclr8         
000006d1  __aeabi_memcpy          
000006d1  __aeabi_memcpy4         
000006d1  __aeabi_memcpy8         
0000076f  __aeabi_memset          
0000076f  __aeabi_memset4         
0000076f  __aeabi_memset8         
ffffffff  __binit__               
ffffffff  __c_args__              
20000000  __stack                 
00000b31  _args_main              
00000929  _c_int00                
20000064  _lock                   
00000b6b  _nop                    
00000b63  _register_lock          
00000b5d  _register_unlock        
00000c15  _system_pre_init        
20000068  _unlock                 
00000a59  abort                   
ffffffff  binit                   
00000979  copy_in                 
00000a61  exit                    
00000000  g_pfnVectors            
000003f5  main                    
20000074  main_func_sp            
000006d1  memcpy                  
00000775  memset                  


GLOBAL SYMBOLS: SORTED BY Symbol Address 

address   name                    
-------   ----                    
00000000  __TI_static_base__      
00000000  g_pfnVectors            
00000064  __STACK_SIZE            
0000026d  GPIOPadConfigSet        
000003a1  UARTIntHandler          
000003f5  main                    
000004cd  SysCtlClockGet          
000005dd  SysCtlClockSet          
000006d1  __aeabi_memcpy          
000006d1  __aeabi_memcpy4         
000006d1  __aeabi_memcpy8         
000006d1  memcpy                  
0000076d  __aeabi_memclr          
0000076d  __aeabi_memclr4         
0000076d  __aeabi_memclr8         
0000076f  __aeabi_memset          
0000076f  __aeabi_memset4         
0000076f  __aeabi_memset8         
00000775  memset                  
000007e9  __TI_auto_init          
000008c1  IntEnable               
00000929  _c_int00                
00000979  copy_in                 
000009c5  GPIOPinConfigure        
00000a0d  UARTConfigSetExpClk     
00000a55  C$$EXIT                 
00000a59  abort                   
00000a61  exit                    
00000a99  SysCtlPeripheralEnable  
00000acd  GPIODirModeSet          
00000af9  UARTDisable             
00000b19  GPIOPinTypeGPIOOutput   
00000b31  _args_main              
00000b49  UARTEnable              
00000b5d  _register_unlock        
00000b63  _register_lock          
00000b6b  _nop                    
00000b71  GPIOPinTypeUART         
00000b83  IntMasterEnable         
00000b93  UARTCharGetNonBlocking  
00000ba1  UARTCharPutNonBlocking  
00000baf  UARTCharsAvail          
00000bbd  __TI_decompress_none    
00000bcb  CPUcpsie                
00000bd7  ResetISR                
00000be3  UARTCharPut             
00000bed  UARTIntStatus           
00000bf7  UARTIntEnable           
00000bff  GPIOPinWrite            
00000c05  SysCtlDelay             
00000c0b  __TI_decompress_rle24   
00000c11  UARTIntClear            
00000c15  _system_pre_init        
00000d98  __TI_Handler_Table_Base 
00000da0  __TI_CINIT_Base         
00000da0  __TI_Handler_Table_Limit
00000da8  __TI_CINIT_Limit        
20000000  __stack                 
20000064  __STACK_END             
20000064  _lock                   
20000068  _unlock                 
2000006c  __TI_cleanup_ptr        
20000070  __TI_dtors_ptr          
20000074  main_func_sp            
20000200  __STACK_TOP             
ffffffff  __binit__               
ffffffff  __c_args__              
ffffffff  binit                   
UNDEFED   SHT$$INIT_ARRAY$$Base   
UNDEFED   SHT$$INIT_ARRAY$$Limit  

[70 symbols]
