******************************************************************************
                  TI ARM Linker PC v5.2.5                      
******************************************************************************
>> Linked Fri Nov 20 20:26:47 2015

OUTPUT FILE NAME:   <lab6.out>
ENTRY POINT SYMBOL: "_c_int00"  address: 0000086d


MEMORY CONFIGURATION

         name            origin    length      used     unused   attr    fill
----------------------  --------  ---------  --------  --------  ----  --------
  FLASH                 00000000   00040000  00000b4c  0003f4b4  R  X
  SRAM                  20000000   00008000  00000078  00007f88  RW X


SEGMENT ALLOCATION MAP

run origin  load origin   length   init length attrs members
----------  ----------- ---------- ----------- ----- -------
00000000    00000000    00000b50   00000b50    r-x
  00000000    00000000    0000026c   0000026c    r-- .intvecs
  0000026c    0000026c    00000854   00000854    r-x .text
  00000ac0    00000ac0    0000006c   0000006c    r-- .const
  00000b30    00000b30    00000020   00000020    r-- .cinit
20000000    20000000    00000078   00000000    rw-
  20000000    20000000    00000064   00000000    rw- .stack
  20000064    20000064    00000014   00000000    rw- .data


SECTION ALLOCATION MAP

 output                                  attributes/
section   page    origin      length       input sections
--------  ----  ----------  ----------   ----------------
.intvecs   0    00000000    0000026c     
                  00000000    0000026c     tm4c123gh6pm_startup_ccs.obj (.intvecs)

.text      0    0000026c    00000854     
                  0000026c    00000132     driverlib.lib : gpio.obj (.text:GPIOPadConfigSet)
                  0000039e    00000002     --HOLE-- [fill = 0]
                  000003a0    00000110                   : sysctl.obj (.text:SysCtlClockGet)
                  000004b0    000000f4                   : sysctl.obj (.text:SysCtlClockSet)
                  000005a4    0000009c     rtsv7M4_T_le_v4SPD16_eabi.lib : memcpy_t2.obj (.text)
                  00000640    0000007a                                   : memset_t2.obj (.text)
                  000006ba    00000002     --HOLE-- [fill = 0]
                  000006bc    00000074     main.obj (.text)
                  00000730    0000006c     rtsv7M4_T_le_v4SPD16_eabi.lib : autoinit.obj (.text)
                  0000079c    0000006a                                   : copy_decompress_rle.obj (.text)
                  00000806    00000002     --HOLE-- [fill = 0]
                  00000808    00000064     driverlib.lib : hibernate.obj (.text:HibernateWakeSet)
                  0000086c    00000050     rtsv7M4_T_le_v4SPD16_eabi.lib : boot.obj (.text)
                  000008bc    0000004c                                   : cpy_tbl.obj (.text)
                  00000908    00000044                                   : exit.obj (.text)
                  0000094c    00000034     driverlib.lib : sysctl.obj (.text:SysCtlPeripheralEnable)
                  00000980    0000002c                   : hibernate.obj (.text:HibernateRTCSet)
                  000009ac    0000002a                   : gpio.obj (.text:GPIODirModeSet)
                  000009d6    00000018                   : gpio.obj (.text:GPIOPinTypeGPIOOutput)
                  000009ee    00000002     --HOLE-- [fill = 0]
                  000009f0    00000018                   : hibernate.obj (.text:HibernateGPIORetentionEnable)
                  00000a08    00000018     rtsv7M4_T_le_v4SPD16_eabi.lib : args_main.obj (.text)
                  00000a20    00000014     driverlib.lib : hibernate.obj (.text:HibernateEnableExpClk)
                  00000a34    00000014                   : hibernate.obj (.text:HibernateRTCEnable)
                  00000a48    00000014                   : hibernate.obj (.text:HibernateRequest)
                  00000a5c    00000014     rtsv7M4_T_le_v4SPD16_eabi.lib : _lock.obj (.text)
                  00000a70    00000010     driverlib.lib : hibernate.obj (.text:HibernateRTCMatchSet)
                  00000a80    00000010                   : hibernate.obj (.text:_HibernateWriteComplete)
                  00000a90    0000000e     rtsv7M4_T_le_v4SPD16_eabi.lib : copy_decompress_none.obj (.text:decompress:none)
                  00000a9e    0000000c     tm4c123gh6pm_startup_ccs.obj (.text)
                  00000aaa    00000006     driverlib.lib : gpio.obj (.text:GPIOPinWrite)
                  00000ab0    00000006                   : sysctl.obj (.text:SysCtlDelay)
                  00000ab6    00000006     rtsv7M4_T_le_v4SPD16_eabi.lib : copy_decompress_rle.obj (.text:decompress:rle24)
                  00000abc    00000004                                   : pre_init.obj (.text)

.const     0    00000ac0    0000006c     
                  00000ac0    0000006c     driverlib.lib : sysctl.obj (.const:g_pui32Xtals)

.cinit     0    00000b30    00000020     
                  00000b30    0000000f     (.cinit..data.load) [load image, compression = rle]
                  00000b3f    00000001     --HOLE-- [fill = 0]
                  00000b40    00000008     (__TI_handler_table)
                  00000b48    00000008     (__TI_cinit_table)

.init_array 
*          0    00000000    00000000     UNINITIALIZED

.stack     0    20000000    00000064     UNINITIALIZED
                  20000000    00000064     --HOLE--

.data      0    20000064    00000014     UNINITIALIZED
                  20000064    00000008     rtsv7M4_T_le_v4SPD16_eabi.lib : _lock.obj (.data)
                  2000006c    00000008                                   : exit.obj (.data)
                  20000074    00000004                                   : stkdepth_vars.obj (.data)

.TI.persistent 
*          0    20000064    00000000     UNINITIALIZED


LINKER GENERATED COPY TABLES

__TI_cinit_table @ 00000b48 records: 1, size/record: 8, table size: 8
	.data: load addr=00000b30, load size=0000000f bytes, run addr=20000064, run size=00000014 bytes, compression=rle


LINKER GENERATED HANDLER TABLE

__TI_handler_table @ 00000b40 records: 2, size/record: 4, table size: 8
	index: 0, handler: __TI_decompress_rle24
	index: 1, handler: __TI_decompress_none


GLOBAL SYMBOLS: SORTED ALPHABETICALLY BY Name 

address   name                        
-------   ----                        
00000909  C$$EXIT                     
000009ad  GPIODirModeSet              
0000026d  GPIOPadConfigSet            
000009d7  GPIOPinTypeGPIOOutput       
00000aab  GPIOPinWrite                
00000a21  HibernateEnableExpClk       
000009f1  HibernateGPIORetentionEnable
00000a35  HibernateRTCEnable          
00000a71  HibernateRTCMatchSet        
00000981  HibernateRTCSet             
00000a49  HibernateRequest            
00000809  HibernateWakeSet            
00000a9f  ResetISR                    
UNDEFED   SHT$$INIT_ARRAY$$Base       
UNDEFED   SHT$$INIT_ARRAY$$Limit      
000003a1  SysCtlClockGet              
000004b1  SysCtlClockSet              
00000ab1  SysCtlDelay                 
0000094d  SysCtlPeripheralEnable      
20000064  __STACK_END                 
00000064  __STACK_SIZE                
20000200  __STACK_TOP                 
00000b48  __TI_CINIT_Base             
00000b50  __TI_CINIT_Limit            
00000b40  __TI_Handler_Table_Base     
00000b48  __TI_Handler_Table_Limit    
00000731  __TI_auto_init              
2000006c  __TI_cleanup_ptr            
00000a91  __TI_decompress_none        
00000ab7  __TI_decompress_rle24       
20000070  __TI_dtors_ptr              
00000000  __TI_static_base__          
00000641  __aeabi_memclr              
00000641  __aeabi_memclr4             
00000641  __aeabi_memclr8             
000005a5  __aeabi_memcpy              
000005a5  __aeabi_memcpy4             
000005a5  __aeabi_memcpy8             
00000643  __aeabi_memset              
00000643  __aeabi_memset4             
00000643  __aeabi_memset8             
ffffffff  __binit__                   
ffffffff  __c_args__                  
20000000  __stack                     
00000a09  _args_main                  
0000086d  _c_int00                    
20000064  _lock                       
00000a6b  _nop                        
00000a63  _register_lock              
00000a5d  _register_unlock            
00000abd  _system_pre_init            
20000068  _unlock                     
0000090d  abort                       
ffffffff  binit                       
000008bd  copy_in                     
00000915  exit                        
00000000  g_pfnVectors                
000006bd  main                        
20000074  main_func_sp                
000005a5  memcpy                      
00000649  memset                      


GLOBAL SYMBOLS: SORTED BY Symbol Address 

address   name                        
-------   ----                        
00000000  __TI_static_base__          
00000000  g_pfnVectors                
00000064  __STACK_SIZE                
0000026d  GPIOPadConfigSet            
000003a1  SysCtlClockGet              
000004b1  SysCtlClockSet              
000005a5  __aeabi_memcpy              
000005a5  __aeabi_memcpy4             
000005a5  __aeabi_memcpy8             
000005a5  memcpy                      
00000641  __aeabi_memclr              
00000641  __aeabi_memclr4             
00000641  __aeabi_memclr8             
00000643  __aeabi_memset              
00000643  __aeabi_memset4             
00000643  __aeabi_memset8             
00000649  memset                      
000006bd  main                        
00000731  __TI_auto_init              
00000809  HibernateWakeSet            
0000086d  _c_int00                    
000008bd  copy_in                     
00000909  C$$EXIT                     
0000090d  abort                       
00000915  exit                        
0000094d  SysCtlPeripheralEnable      
00000981  HibernateRTCSet             
000009ad  GPIODirModeSet              
000009d7  GPIOPinTypeGPIOOutput       
000009f1  HibernateGPIORetentionEnable
00000a09  _args_main                  
00000a21  HibernateEnableExpClk       
00000a35  HibernateRTCEnable          
00000a49  HibernateRequest            
00000a5d  _register_unlock            
00000a63  _register_lock              
00000a6b  _nop                        
00000a71  HibernateRTCMatchSet        
00000a91  __TI_decompress_none        
00000a9f  ResetISR                    
00000aab  GPIOPinWrite                
00000ab1  SysCtlDelay                 
00000ab7  __TI_decompress_rle24       
00000abd  _system_pre_init            
00000b40  __TI_Handler_Table_Base     
00000b48  __TI_CINIT_Base             
00000b48  __TI_Handler_Table_Limit    
00000b50  __TI_CINIT_Limit            
20000000  __stack                     
20000064  __STACK_END                 
20000064  _lock                       
20000068  _unlock                     
2000006c  __TI_cleanup_ptr            
20000070  __TI_dtors_ptr              
20000074  main_func_sp                
20000200  __STACK_TOP                 
ffffffff  __binit__                   
ffffffff  __c_args__                  
ffffffff  binit                       
UNDEFED   SHT$$INIT_ARRAY$$Base       
UNDEFED   SHT$$INIT_ARRAY$$Limit      

[61 symbols]
